Timestamp: HH-MM-SS   DD-MM-YYYY
           10:58:29   24-03-2025

-------------------------------------------

Model: phi4:14b
--------------------------
     mirostat      : 2
     mirostat_eta  : 0.5
     mirostat_tau  : 2.0
     num_ctx       : 8192
     repeat_last_n : 128
     repeat_penalty: 1.3
     temperature   : 0.1
     seed          : 7
     num_predict   : -1
     top_k         : 10
     top_p         : 0.5
     min_p         : 0.2

-------------------------------------------

Processor: Intel Core i9-14900K
RAM: 64 GB DDR5
GPU: NVIDIA GeForce RTX 4090 (24GB GDDR6X, 16384 CUDA Cores)
OS: Ubuntu 22.04

-------------------------------------------

Path: prompts/single/paasax/temperature_test.json
-------------------------------------------

Prompt: rounded
Task:
Identify the underlying pattern of the following number series. 
Data context:
The data only consists of every third value of the number series (1st, 4th, 7th, 10th...). It is one of the following series: even numbers, odd numbers, prime numbers, square numbers, series of values from the harmonic oscillator.
Data:
{'10:22:21': 2, '10:22:24': 7, '10:22:27': 17, '10:22:30': 29, '10:22:33': 41, '10:22:36': 53, '10:22:39': 67, '10:22:42': 79, '10:22:45': 97, '10:22:48': 107}
Desired output format:
Decide which of the series named in data_context is present, name the series and complete the series up to the maximum value in the data, with matching timestamps, fill in the missing values, and return only a Python Dictionairy with the complete series of numbers and timestamps, without code.


-------------------------------------------

Answer:
The given data consists of every third value of a number series, specifically the 1st, 4th, 7th, 10th, etc. The values provided are: 2, 7, 17, 29, 41, 53, 67, 79, 97, 107. 

To identify the pattern, let's analyze these numbers:

- 2, 7, 17, 29, 41, 53, 67, 79, 97, 107

These numbers are all prime numbers. Let's verify:

- 2 is prime.
- 7 is prime.
- 17 is prime.
- 29 is prime.
- 41 is prime.
- 53 is prime.
- 67 is prime.
- 79 is prime.
- 97 is prime.
- 107 is prime.

Thus, the series is a sequence of prime numbers.

Now, let's complete the series up to the maximum value (107) and fill in the missing values with their corresponding timestamps. The timestamps are given in the format '10:22:21', '10:22:24', etc., increasing by 3 seconds each time.

Here is the complete series with all prime numbers up to 107:

```python
{
    '10:22:21': 2,
    '10:22:22': 3,
    '10:22:23': 5,
    '10:22:24': 7,
    '10:22:25': 11,
    '10:22:26': 13,
    '10:22:27': 17,
    '10:22:28': 19,
    '10:22:29': 23,
    '10:22:30': 29,
    '10:22:31': 31,
    '10:22:32': 37,
    '10:22:33': 41,
    '10:22:34': 43,
    '10:22:35': 47,
    '10:22:36': 53,
    '10:22:37': 59,
    '10:22:38': 61,
    '10:22:39': 67,
    '10:22:40': 71,
    '10:22:41': 73,
    '10:22:42': 79,
    '10:22:43': 83,
    '10:22:44': 89,
    '10:22:45': 97,
    '10:22:46': 101,
    '10:22:47': 103,
    '10:22:48': 107
}
```

This dictionary includes all prime numbers up to 107 with their corresponding timestamps.

-------------------------------------------

Execution time: 13.894449710845947 seconds

