Timestamp: HH-MM-SS   DD-MM-YYYY
           16:13:33   05-03-2025

-------------------------------------------

Model: gemma:7b
--------------------------
     mirostat      : 2
     mirostat_eta  : 0.5
     mirostat_tau  : 2.0
     num_ctx       : 8192
     repeat_last_n : 128
     repeat_penalty: 1.3
     temperature   : 0.1
     seed          : 7
     num_predict   : -1
     top_k         : 10
     top_p         : 0.5
     min_p         : 0.2

-------------------------------------------

Processor: Intel Core i9-14900K
RAM: 64 GB DDR5
GPU: NVIDIA GeForce RTX 4090 (24GB GDDR6X, 16384 CUDA Cores)
OS: Ubuntu 22.04

-------------------------------------------

Prompt:
Task:
Analyze the temperature time-series data of a specific processor. Identify trends, anomalies, and potential patterns in the temperature behavior over time.
Data:
{'13:32:20': 49.0, '13:32:30': 49.0, '13:32:40': 51.0, '13:32:50': 50.0, '13:33:00': 50.0, '13:33:10': 51.0, '13:33:20': 51.0, '13:33:30': 50.0, '13:33:40': 49.0, '13:33:50': 48.0, '13:34:00': 50.0, '13:34:10': 49.0, '13:34:20': 49.0, '13:34:30': 49.0, '13:34:40': 51.0, '13:34:50': 50.0, '13:35:00': 50.0, '13:35:10': 50.0, '13:35:20': 50.0, '13:35:30': 49.0, '13:35:40': 50.0, '13:35:50': 51.0, '13:36:00': 49.0, '13:36:10': 51.0, '13:36:20': 51.0, '13:36:30': 49.0, '13:36:40': 51.0, '13:36:50': 50.0, '13:37:00': 50.0, '13:37:10': 49.0, '13:37:20': 49.0, '13:37:30': 50.0, '13:37:40': 50.0, '13:37:50': 51.0, '13:38:00': 50.0, '13:38:10': 49.0, '13:38:20': 48.0, '13:38:30': 50.0, '13:38:40': 51.0, '13:38:50': 51.0, '13:39:00': 49.0, '13:39:10': 49.0, '13:39:20': 50.0, '13:39:30': 50.0, '13:39:40': 51.0, '13:39:50': 50.0, '13:40:00': 49.0, '13:40:10': 50.0, '13:40:20': 49.0, '13:40:30': 51.0, '13:40:40': 50.0, '13:40:50': 51.0, '13:41:00': 49.0, '13:41:10': 50.0, '13:41:20': 50.0, '13:41:30': 50.0, '13:41:40': 51.0, '13:41:50': 50.0, '13:42:00': 50.0, '13:42:10': 49.0, '13:42:20': 51.0, '13:42:30': 50.0, '13:42:40': 49.0, '13:42:50': 50.0, '13:43:00': 49.0, '13:43:10': 50.0, '13:43:20': 50.0, '13:43:30': 50.0, '13:43:40': 51.0, '13:43:50': 50.0, '13:44:00': 51.0, '13:44:10': 50.0, '13:44:20': 50.0, '13:44:30': 50.0, '13:44:40': 49.0, '13:44:50': 49.0, '13:45:00': 50.0, '13:45:10': 51.0, '13:45:20': 49.0, '13:45:30': 50.0, '13:45:40': 48.0, '13:45:50': 49.0, '13:46:00': 50.0, '13:46:10': 51.0, '13:46:20': 50.0, '13:46:30': 50.0, '13:46:40': 50.0, '13:46:50': 50.0, '13:47:00': 49.0, '13:47:10': 48.0, '13:47:20': 50.0, '13:47:30': 52.0, '13:47:40': 49.0, '13:47:50': 49.0, '13:48:00': 50.0, '13:48:10': 52.0, '13:48:20': 49.0, '13:48:30': 50.0, '13:48:40': 50.0, '13:48:50': 50.0, '13:49:00': 51.0, '13:49:10': 50.0, '13:49:20': 50.0, '13:49:30': 49.0, '13:49:40': 51.0, '13:49:50': 50.0, '13:50:00': 51.0, '13:50:10': 50.0, '13:50:20': 50.0, '13:50:30': 50.0, '13:50:40': 49.0, '13:50:50': 48.0, '13:51:00': 48.0, '13:51:10': 48.0, '13:51:20': 51.0, '13:51:30': 50.0, '13:51:40': 50.0, '13:51:50': 50.0, '13:52:00': 50.0, '13:52:10': 50.0, '13:52:20': 50.0, '13:52:30': 51.0, '13:52:40': 50.0, '13:52:50': 49.0, '13:53:00': 49.0, '13:53:10': 49.0, '13:53:20': 49.0, '13:53:30': 50.0, '13:53:40': 50.0, '13:53:50': 50.0, '13:54:00': 51.0, '13:54:10': 49.0, '13:54:20': 49.0, '13:54:30': 50.0, '13:54:40': 50.0, '13:54:50': 50.0, '13:55:00': 51.0, '13:55:10': 50.0, '13:55:20': 50.0, '13:55:30': 51.0, '13:55:40': 51.0, '13:55:50': 51.0, '13:56:00': 48.0, '13:56:10': 50.0, '13:56:20': 51.0, '13:56:30': 48.0, '13:56:40': 52.0, '13:56:50': 43.0, '13:57:00': 51.0, '13:57:10': 50.0, '13:57:20': 54.0, '13:57:30': 51.0, '13:57:40': 49.0, '13:57:50': 49.0, '13:58:00': 52.0, '13:58:10': 49.0, '13:58:20': 50.0, '13:58:30': 57.0, '13:58:40': 52.0, '13:58:50': 41.0, '13:59:00': 44.0, '13:59:10': 47.0, '13:59:20': 49.0, '13:59:30': 55.0, '13:59:40': 47.0, '13:59:50': 51.0, '14:00:00': 50.0, '14:00:10': 49.0, '14:00:20': 59.0, '14:00:30': 50.0, '14:00:40': 50.0, '14:00:50': 49.0, '14:01:00': 48.0, '14:01:10': 46.0, '14:01:20': 49.0, '14:01:30': 51.0, '14:01:40': 45.0, '14:01:50': 52.0, '14:02:00': 46.0, '14:02:10': 50.0, '14:02:20': 49.0, '14:02:30': 52.0, '14:02:40': 51.0, '14:02:50': 50.0, '14:03:00': 50.0, '14:03:10': 49.0, '14:03:20': 51.0, '14:03:30': 53.0, '14:03:40': 48.0, '14:03:50': 48.0, '14:04:00': 54.0, '14:04:10': 52.0, '14:04:20': 50.0, '14:04:30': 53.0, '14:04:40': 53.0, '14:04:50': 48.0, '14:05:00': 53.0, '14:05:10': 58.0, '14:05:20': 48.0, '14:05:30': 57.0, '14:05:40': 50.0, '14:05:50': 49.0, '14:06:00': 50.0, '14:06:10': 50.0, '14:06:20': 47.0, '14:06:30': 57.0, '14:06:40': 53.0, '14:06:50': 52.0, '14:07:00': 52.0, '14:07:10': 56.0, '14:07:20': 54.0, '14:07:30': 49.0, '14:07:40': 51.0, '14:07:50': 49.0, '14:08:00': 49.0, '14:08:10': 51.0, '14:08:20': 54.0, '14:08:30': 50.0, '14:08:40': 50.0, '14:08:50': 52.0, '14:09:00': 45.0, '14:09:10': 49.0, '14:09:20': 51.0, '14:09:30': 46.0, '14:09:40': 47.0, '14:09:50': 46.0, '14:10:00': 47.0, '14:10:10': 50.0, '14:10:20': 54.0, '14:10:30': 48.0, '14:10:40': 53.0, '14:10:50': 50.0, '14:11:00': 54.0, '14:11:10': 55.0, '14:11:20': 44.0, '14:11:30': 54.0, '14:11:40': 60.0, '14:11:50': 57.0, '14:12:00': 49.0, '14:12:10': 53.0, '14:12:20': 48.0, '14:12:30': 41.0, '14:12:40': 50.0, '14:12:50': 53.0, '14:13:00': 51.0, '14:13:10': 60.0, '14:13:20': 48.0, '14:13:30': 48.0, '14:13:40': 53.0, '14:13:50': 58.0, '14:14:00': 56.0, '14:14:10': 55.0, '14:14:20': 56.0, '14:14:30': 55.0, '14:14:40': 55.0, '14:14:50': 62.0, '14:15:00': 50.0, '14:15:10': 55.0, '14:15:20': 55.0, '14:15:30': 60.0, '14:15:40': 49.0, '14:15:50': 58.0, '14:16:00': 58.0, '14:16:10': 55.0, '14:16:20': 59.0, '14:16:30': 55.0, '14:16:40': 65.0, '14:16:50': 57.0, '14:17:00': 56.0, '14:17:10': 54.0, '14:17:20': 63.0, '14:17:30': 60.0, '14:17:40': 50.0, '14:17:50': 57.0, '14:18:00': 67.0, '14:18:10': 62.0, '14:18:20': 63.0, '14:18:30': 56.0, '14:18:40': 59.0, '14:18:50': 64.0, '14:19:00': 63.0, '14:19:10': 66.0, '14:19:20': 64.0, '14:19:30': 63.0, '14:19:40': 66.0, '14:19:50': 66.0, '14:20:00': 61.0, '14:20:10': 62.0, '14:20:20': 63.0, '14:20:30': 59.0, '14:20:40': 65.0, '14:20:50': 63.0, '14:21:00': 60.0, '14:21:10': 61.0, '14:21:20': 64.0, '14:21:30': 77.0, '14:21:40': 71.0, '14:21:50': 67.0, '14:22:00': 68.0, '14:22:10': 68.0, '14:22:20': 66.0, '14:22:30': 70.0, '14:22:40': 69.0, '14:22:50': 78.0, '14:23:00': 72.0, '14:23:10': 74.0, '14:23:20': 72.0, '14:23:30': 67.0, '14:23:40': 68.0, '14:23:50': 66.0, '14:24:00': 77.0, '14:24:10': 72.0, '14:24:20': 69.0, '14:24:30': 74.0, '14:24:40': 72.0, '14:24:50': 76.0, '14:25:00': 66.0, '14:25:10': 73.0, '14:25:20': 70.0, '14:25:30': 77.0, '14:25:40': 72.0, '14:25:50': 68.0, '14:26:00': 82.0, '14:26:10': 74.0, '14:26:20': 77.0, '14:26:30': 74.0, '14:26:40': 86.0, '14:26:50': 69.0, '14:27:00': 72.0, '14:27:10': 75.0, '14:27:20': 73.0, '14:27:30': 81.0, '14:27:40': 78.0, '14:27:50': 84.0, '14:28:00': 89.0, '14:28:10': 80.0, '14:28:20': 83.0, '14:28:30': 82.0, '14:28:40': 86.0, '14:28:50': 78.0, '14:29:00': 83.0, '14:29:10': 85.0, '14:29:20': 84.0, '14:29:30': 79.0, '14:29:40': 94.0, '14:29:50': 84.0, '14:30:00': 89.0, '14:30:10': 89.0, '14:30:20': 90.0, '14:30:30': 89.0, '14:30:40': 92.0, '14:30:50': 92.0, '14:31:00': 91.0, '14:31:10': 92.0, '14:31:20': 88.0, '14:31:30': 95.0, '14:31:40': 99.0, '14:31:50': 96.0, '14:32:00': 98.0, '14:32:10': 95.0}
Additional context:
The data represents recorded temperature values of a processor every 10 seconds. The goal is to determine if there are any significant trends (e.g., rising/falling temperature), sudden spikes, cyclical patterns, or anomalies that could indicate potential issues such as overheating or unstable thermal performance.
Desired output format:
Provide an analysis of the temperature trends and patterns. Highlight any anomalies, possible causes, and recommendations for maintaining optimal processor temperature. The response should be structured, starting with key observations, followed by explanations, and concluding with potential actions or recommendations.


-------------------------------------------

Answer:
## Temperature Analysis Report

**Key Observations:**

* **General Trend:** The processor temperature gradually increases over time, with the highest recorded temperature being 99°C.
* **Spikes and Anomalies:** Several significant temperature spikes occurred, reaching values of 86°C, 89°C, and 99°C.
* **Cyclical Patterns:** A possible cyclical pattern with a period of approximately 100 minutes can be observed in the temperature fluctuations.
* **Temperature Variation:** The temperature range within the recorded data is 41°C to 99°C.


**Possible Causes:**

* **Thermal Throttling:** The processor may be throttling due to overheating, leading to reduced performance.
* **Underlying Hardware Issues:** Faulty cooling system, inadequate thermal paste, or manufacturing defects.
* **Software Issues:** Inefficient power management or thermal optimization algorithms.
* **Workload Characteristics:** The processor may be under high load, generating more heat.


**Recommendations:**

**1. Hardware Evaluation:**

* Check for dust accumulation in the fan and heatsink.
* Verify the thermal paste application and consider reapplying if necessary.
* Run hardware diagnostics to rule out any underlying hardware issues.


**2. Software Optimization:**

* Update the operating system and drivers to ensure optimal power management.
* Configure the processor's thermal throttling settings.
* Close unnecessary background applications to reduce processor load.


**3. Thermal Management:**

* Ensure adequate airflow around the processor by cleaning fans and ensuring proper case ventilation.
* Consider installing a more efficient cooling fan or heatsink.
* Use thermal monitoring software to track temperatures and identify potential hotspots.


**4. Workload Management:**

* Distribute workload evenly across multiple cores.
* Reduce the intensity of computationally intensive tasks.
* Consider using power management tools to reduce processor utilization.


**5. Monitoring and Maintenance:**

* Continue monitoring processor temperatures regularly to identify potential future issues.
* Establish a regular cleaning and maintenance schedule for the cooling system.


**Additional Considerations:**

* The analysis is based on the provided data set and may not be representative of all scenarios.
* The specific causes and recommendations may vary depending on the individual hardware configuration and software environment.
* It is recommended to consult with a qualified technician or engineer for more comprehensive analysis and troubleshooting.

-------------------------------------------

Execution time: 15.346134424209595 seconds

