Timestamp: HH-MM-SS   DD-MM-YYYY
           12:16:23   07-04-2025

-------------------------------------------

Model: gemma:7b
--------------------------
Default
-------------------------------------------

Processor: Intel Core i9-14900K
RAM: 64 GB DDR5
GPU: NVIDIA GeForce RTX 4090 (24GB GDDR6X, 16384 CUDA Cores)
OS: Ubuntu 22.04

-------------------------------------------

Path: prompts/single/paasax/temperature_test.json
-------------------------------------------

Prompt: paasax
Task:
Analyze the following normalized temperature time series data of a processor. Refer to the time over which the data was recorded. The data is represented using the SAX representation (symbollic aggregation approximation).
Data context:
The data was measured at 1 second intervals over a 5 minute period. This makes a total of 300 data points, which were then transformed into 10 segments of 30 data points each. The SAX representation was then applied to the segments with the following symbols: a, b, c, d, e, f, g, h, i, j, k, l, m, n, o, p, q, r, s, t, u, v, w, x, y, z. The following interventions are possible: reading temperature, reading system load, reading system error log, increasing Fan speed, end system processes, lower maximum processor usage, decrease room temperature. The minimum value is around 50°C, the maximum value around 100°C
Data:
{'10:22:21': 'c', '10:22:51': 'c', '10:23:21': 'c', '10:23:51': 'c', '10:24:21': 'c', '10:24:51': 'c', '10:25:21': 'c', '10:25:51': 'e', '10:26:21': 'g', '10:26:51': 'h'}
Desired output format:
Provide an analysis of the temperature trends and patterns. The response should be structured, starting with key observations, followed by explanations, and concluding with potential actions or recommendations to maintain optimal processor temperature. Generate a flow diagram in mermaid syntax, describing the necessary interventions for problem identification and fixing. Only use the interventions provided in the data_context.


-------------------------------------------

Answer:
## Analysis of Processor Temperature Time Series Data

**Key Observations:**

* The temperature readings hover around the mid-range values of the dataset, with most points falling between 60°C and 80°C.
* Despite the data being segmented, there appears to be a general upward trend in temperature over the 5-minute period.
* The SAX representation highlights occasional spikes in temperature (e.g., at 10:25:51 and 10:26:21), but most segments are categorized with lower temperature values (c, d, e).


**Explanations:**

* The observed temperature rise could be due to increased workload or ambient temperature rise.
* The presence of occasional spikes suggests momentary thermal anomalies, possibly caused by transient processes or increased load in specific segments.

**Potential Actions:**

* **Monitoring:** Increase the frequency of temperature readings to capture finer-grained variations.
* **Workload Management:** Investigate and address any process that consumes excessive CPU resources.
* **Cooling Measures:** Check if the cooling system is functioning optimally and consider increasing fan speed or room temperature reduction.


**Flow Diagram:**

```mermaid
graph LR
A[Temperature Data] --> B(SAX Representation)
B --> C{Segment Analysis}
C --> D{Temperature Spikes?|Low Temperature?|Normal}
D &-> E[Monitoring]
D &-> F[Workload Management]
D &-> G[Cooling Measures]
```

**Conclusion:**

The temperature data suggests a moderate thermal workload on the processor. Implementing the recommended actions can help stabilize temperatures and prevent overheating issues. Continuous monitoring and proactive intervention will be crucial in maintaining optimal processor performance and lifespan.

-------------------------------------------

Execution time: 4.667079448699951 seconds

