Timestamp: HH-MM-SS   DD-MM-YYYY
           12:19:02   07-04-2025

-------------------------------------------

Model: phi4:14b
--------------------------
Default
-------------------------------------------

Processor: Intel Core i9-14900K
RAM: 64 GB DDR5
GPU: NVIDIA GeForce RTX 4090 (24GB GDDR6X, 16384 CUDA Cores)
OS: Ubuntu 22.04

-------------------------------------------

Path: prompts/single/paasax/temperature_test.json
-------------------------------------------

Prompt: paasax
Task:
Analyze the following normalized temperature time series data of a processor. Refer to the time over which the data was recorded. The data is represented using the SAX representation (symbollic aggregation approximation).
Data context:
The data was measured at 1 second intervals over a 5 minute period. This makes a total of 300 data points, which were then transformed into 10 segments of 30 data points each. The SAX representation was then applied to the segments with the following symbols: a, b, c, d, e, f, g, h, i, j, k, l, m, n, o, p, q, r, s, t, u, v, w, x, y, z. The following interventions are possible: reading temperature, reading system load, reading system error log, increasing Fan speed, end system processes, lower maximum processor usage, decrease room temperature. The minimum value is around 50°C, the maximum value around 100°C
Data:
{'10:22:21': 'c', '10:22:51': 'c', '10:23:21': 'c', '10:23:51': 'c', '10:24:21': 'c', '10:24:51': 'c', '10:25:21': 'c', '10:25:51': 'e', '10:26:21': 'g', '10:26:51': 'h'}
Desired output format:
Provide an analysis of the temperature trends and patterns. The response should be structured, starting with key observations, followed by explanations, and concluding with potential actions or recommendations to maintain optimal processor temperature. Generate a flow diagram in mermaid syntax, describing the necessary interventions for problem identification and fixing. Only use the interventions provided in the data_context.


-------------------------------------------

Answer:
### Analysis of Temperature Trends and Patterns

#### Key Observations:
1. **Stable Initial Period**: From 10:22:21 to 10:24:51, the temperature is consistently represented by the symbol 'c'. This indicates a stable temperature range during this period.
2. **Gradual Increase**: Starting at 10:25:21, there is a noticeable increase in temperature symbols from 'e' to 'h', indicating a gradual rise in processor temperature over time.

#### Explanations:
- The initial stability suggests that the processor was operating within its normal thermal range without any significant load or environmental changes.
- The subsequent increase in temperature could be attributed to increased system load, inefficient cooling (possibly due to fan issues), or rising ambient room temperature. This trend is concerning as it approaches higher temperature levels.

#### Potential Actions or Recommendations:
1. **Monitor System Load**: Check the current system load and identify any processes that are consuming excessive resources.
2. **Read Temperature**: Continuously monitor the processor temperature to ensure it does not exceed safe limits.
3. **Check Error Logs**: Review system error logs for any indications of hardware issues, such as fan failures or thermal throttling events.
4. **Increase Fan Speed**: If temperatures continue to rise, consider increasing the fan speed to enhance cooling efficiency.
5. **End System Processes**: Terminate non-essential processes that may be contributing to increased CPU usage and temperature.
6. **Lower Maximum Processor Usage**: Adjust settings to limit maximum processor usage if applicable.
7. **Decrease Room Temperature**: If possible, lower the ambient room temperature to aid in maintaining a cooler environment for the processor.

### Flow Diagram in Mermaid Syntax

```mermaid
graph TD;
    A[Start] --> B{Temperature Stable?}
    B -- Yes --> C[Continue Monitoring]
    B -- No --> D{Gradual Increase Detected?}
    D -- Yes --> E{Check System Load}
    E --> F{High Load?}
    F -- Yes --> G[End Non-Essential Processes]
    F -- No --> H{Read Error Logs}
    H --> I{Errors Found?}
    I -- Yes --> J[Address Hardware Issues]
    I -- No --> K{Increase Fan Speed}
    K -- Improved --> L[Continue Monitoring]
    K -- Not Improved --> M{Decrease Room Temperature}
    D -- No --> N{Read Temperature}
    N --> O{Temperature High?}
    O -- Yes --> P[Take Immediate Cooling Actions]
    O -- No --> C

    G --> L
    J --> L
    M --> L
    P --> K

    style A fill:#f9f,stroke:#333,stroke-width:4px;
    style B fill:#ccf,stroke:#f66,stroke-width:2px;
    style D fill:#fcf,stroke:#f66,stroke-width:2px;
    style E fill:#cff,stroke:#f66,stroke-width:2px;
    style F fill:#cff,stroke:#f66,stroke-width:2px;
    style H fill:#cff,stroke:#f66,stroke-width:2px;
    style I fill:#cff,stroke:#f66,stroke-width:2px;
    style K fill:#fcf,stroke:#f66,stroke-width:2px;
    style M fill:#fcf,stroke:#f66,stroke-width:2px;
    style O fill:#fcf,stroke:#f66,stroke-width:2px;
```

This flow diagram outlines the steps to identify and address potential causes of increasing processor temperature. It emphasizes monitoring, checking system load, reviewing error logs, adjusting fan speed, managing processes, and controlling room temperature as necessary interventions.

-------------------------------------------

Execution time: 12.668833255767822 seconds

