Timestamp: HH-MM-SS   DD-MM-YYYY
           14:57:53   14-04-2025

-------------------------------------------

Model: gemma3:27b
--------------------------
Default
-------------------------------------------

Processor: Intel Core i9-14900K
RAM: 64 GB DDR5
GPU: NVIDIA GeForce RTX 4090 (24GB GDDR6X, 16384 CUDA Cores)
OS: Ubuntu 22.04

-------------------------------------------

Path: prompts/single/paasax/temperature_test.json
-------------------------------------------

Prompt: paasax
Task:
Analyze the following normalized temperature time series data of a processor. Refer to the time over which the data was recorded. The data is represented using the SAX representation (symbollic aggregation approximation).Data 1 context:
The temperature data in data_1 was measured at 1 second intervals over a 5 minute period. This makes a total of 300 data points, which were then transformed into 10 segments of 30 data points each. The SAX representation was then applied to the segments with the following symbols: a, b, c, d, e, f, g, h, i, j, k, l, m, n, o, p, q, r, s, t, u, v, w, x, y, z. The minimum value is around 50°C, the maximum value around 100°C.
Data 1:
{'14:30:09': 'c', '14:30:39': 'c', '14:31:09': 'c', '14:31:39': 'c', '14:32:09': 'c', '14:32:39': 'c', '14:33:09': 'c', '14:33:39': 'e', '14:34:09': 'g', '14:34:39': 'h'}
Data 2 context:
The processor-load data in data_2 was measured at 1 second intervals over a 5 minute period. This makes a total of 300 data points, which were then transformed into 10 segments of 30 data points each. The SAX representation was then applied to the segments with the following symbols: a, b, c, d, e, f, g, h, i, j, k, l, m, n, o, p, q, r, s, t, u, v, w, x, y, z. The minimum value is around 30% load, the maximum value around 80%.
Data 2:
{'14:30:09': 'b', '14:30:39': 'b', '14:31:09': 'b', '14:31:39': 'b', '14:32:09': 'h', '14:32:39': 'h', '14:33:09': 'g', '14:33:39': 'f', '14:34:09': 'd', '14:34:39': 'c'}
Data 3 context:
The fanspeed data in data_3 was measured at 1 second intervals over a 5 minute period. This makes a total of 300 data points, which were then transformed into 10 segments of 30 data points each. The SAX representation was then applied to the segments with the following symbols: a, b, c, d, e, f, g, h, i, j, k, l, m, n, o, p, q, r, s, t, u, v, w, x, y, z. The minimum value is around 1000 RPM, the maximum value around 8500 RPM.
Data 3:
{'14:30:09': 'c', '14:30:39': 'c', '14:31:09': 'c', '14:31:39': 'c', '14:32:09': 'h', '14:32:39': 'h', '14:33:09': 'f', '14:33:39': 'd', '14:34:09': 'b', '14:34:39': 'a'}

Desired output format:
Provide an analysis of the temperature trends and patterns depending on the processor load. The response should be structured, starting with key observations, followed by explanations, and concluding with potential actions or recommendations to maintain optimal processor temperature. Generate a flow diagram in mermaid syntax, describing the necessary interventions for problem identification and fixing. Only use the following interventions: reading temperature, reading system load, reading system error log, increasing Fan speed, end system processes, lower maximum processor usage, decrease room temperature.

-------------------------------------------

Answer:
## Analysis of Processor Temperature, Load, and Fan Speed

Here's an analysis of the provided data, focusing on temperature trends in relation to processor load and fan speed, along with recommendations.

**Key Observations:**

* **Temperature (Data 1):** The processor temperature remains relatively stable at a moderate level ('c') for the first 4 minutes. A slight increase is observed towards the end of the period, moving from 'c' to 'e', 'g', and finally 'h'. This suggests a gradual temperature rise.
* **Processor Load (Data 2):** The processor load is initially low ('b') for the first 4 minutes, similar to the temperature. However, the load increases significantly towards the end, moving from 'b' to 'h', 'g', 'f', 'd', and 'c'. This indicates a growing workload.
* **Fan Speed (Data 3):** The fan speed initially mirrors the temperature and load, remaining at 'c' for the first 4 minutes. It then decreases rapidly to 'a' at the end. This is concerning, as the temperature and load are increasing while the fan speed is decreasing.

**Explanation:**

The initial stability across all three datasets suggests a balanced system. However, the increasing processor load, coupled with the *decreasing* fan speed, is a critical issue.  The processor is experiencing a higher workload, which naturally generates more heat.  The fan, instead of compensating for this increased heat, is slowing down. This creates a dangerous situation where the processor temperature is likely to continue rising, potentially leading to overheating and performance degradation, or even hardware damage. The temperature increase observed in Data 1 is a direct consequence of this imbalance.

The decreasing fan speed could be due to several factors: a fan malfunction, a software error in the fan control system, or a misconfiguration of the cooling profile.

**Potential Actions & Recommendations:**

1. **Immediate Action:** Monitor the processor temperature closely. If it continues to rise, initiate emergency cooling measures (see below).
2. **Investigate Fan Control:** Check the fan control settings in the system BIOS or operating system. Ensure the fan is set to automatically adjust its speed based on temperature.
3. **Check Fan Functionality:** Physically inspect the fan to ensure it's spinning freely and not obstructed.
4. **Review System Logs:** Examine the system error logs for any messages related to fan control or temperature warnings.
5. **Optimize Processor Usage:** Identify and terminate any unnecessary processes that are contributing to the high processor load. Consider lowering the maximum processor usage limit in the system settings.
6. **Environmental Factors:** Ensure the system is in a well-ventilated area and the ambient room temperature is within acceptable limits.

**Flow Diagram (Mermaid Syntax):**

```mermaid
graph TD
    A[Start] --> B{Is Processor Temperature High?};
    B -- Yes --> C{Read System Error Log};
    B -- No --> D{Is System Load High?};
    D -- Yes --> E{Read System Load};
    E --> F{Is Fan Speed Adequate?};
    D -- No --> G{End};
    F -- No --> H{Increase Fan Speed};
    F -- Yes --> G;
    H --> G;
    C --> I{Is Error Related to Cooling?};
    I -- Yes --> H;
    I -- No --> J{End System Processes};
    J --> G;
    K{Is Room Temperature High?} --> L{Decrease Room Temperature};
    L --> G;
    M{Lower Maximum Processor Usage} --> G;
```

**Explanation of Flow Diagram:**

1.  **Start:** The process begins with monitoring the processor temperature.
2.  **Is Processor Temperature High?:** Checks if the temperature exceeds a predefined threshold.
3.  **Read System Error Log:** If the temperature is high, check the system logs for cooling-related errors.
4.  **Is System Load High?:** If the temperature is not high, check if the system load is high.
5.  **Read System Load:** If the load is high, read the system load.
6.  **Is Fan Speed Adequate?:** Check if the fan speed is adequate for the current load and temperature.
7.  **Increase Fan Speed:** If the fan speed is not adequate, increase it.
8.  **End System Processes:** If the error is not related to cooling, end system processes.
9.  **Decrease Room Temperature:** If the room temperature is high, decrease it.
10. **Lower Maximum Processor Usage:** Lower the maximum processor usage.
11. **End:** The process ends after taking appropriate actions.

This analysis provides a comprehensive overview of the situation and offers actionable recommendations to maintain optimal processor temperature and prevent potential hardware issues.  Continuous monitoring and proactive maintenance are crucial for ensuring system stability and longevity.


-------------------------------------------

Execution time: 30.890936136245728 seconds

