Timestamp: HH-MM-SS   DD-MM-YYYY
           16:09:00   05-03-2025

-------------------------------------------

Model: llava:13b
--------------------------
     mirostat      : 2
     mirostat_eta  : 0.5
     mirostat_tau  : 2.0
     num_ctx       : 8192
     repeat_last_n : 128
     repeat_penalty: 1.3
     temperature   : 0.1
     seed          : 7
     num_predict   : -1
     top_k         : 10
     top_p         : 0.5
     min_p         : 0.2

-------------------------------------------

Processor: Intel Core i9-14900K
RAM: 64 GB DDR5
GPU: NVIDIA GeForce RTX 4090 (24GB GDDR6X, 16384 CUDA Cores)
OS: Ubuntu 22.04

-------------------------------------------

Prompt:
Task:
Identify the underlying pattern of a numerical sequence where only every third value is provided. Fill in the missing numbers and return the complete sequence.
Data:
{'14:43:01': 0, '14:43:04': 9, '14:43:07': 36, '14:43:10': 81, '14:43:13': 144, '14:43:16': 225, '14:43:19': 324, '14:43:22': 441, '14:43:25': 576, '14:43:28': 729}
Additional context:
The given data represents every third value of a complete numerical sequence. The missing values between the given numbers follow the same underlying pattern. Your goal is to infer the rule governing the sequence and reconstruct the full set of numbers.
Desired output format:
Return a list containing the complete numerical sequence, including the missing values in their correct positions. Do not include any additional commentary, only the reconstructed sequence. Also return a list containing the timestamps of every single value.


-------------------------------------------

Answer:
 To identify the underlying pattern of the sequence, we can look at the differences between the given numbers:

144 - 9 = 135
144 - 36 = 108
144 - 81 = 59
144 - 144 = 0
144 - 225 = -81
144 - 324 = -176
144 - 441 = -297
144 - 576 = -422
144 - 729 = -585

The differences between the numbers follow a pattern of alternating positive and negative values, with the absolute value of the difference decreasing by 125 each time. This suggests that the sequence may be based on a geometric progression with a common ratio of -1/3.

To reconstruct the full set of numbers, we can use the following formula:

a\_n = a\_{n-1} * r^n, where a\_n is the nth term of the sequence and r is the common ratio.

Using this formula, we can calculate the missing values:

a\_0 = 144
a\_1 = a\_0 * r = 144 * (-1/3) = -48
a\_2 = a\_1 * r = -48 * (-1/3) = 16
a\_3 = a\_2 * r = 16 * (-1/3) = -5.333333333333333
a\_4 = a\_3 * r = -5.333333333333333 * (-1/3) = 1.7777777777777777
a\_5 = a\_4 * r = 1.7777777777777777 * (-1/3) = 0.5923611111111111
a\_6 = a\_5 * r = 0.5923611111111111 * (-1/3) = 0.2312361111111111
a\_7 = a\_6 * r = 0.2312361111111111 * (-1/3) = 0.1138123611111111
a\_8 = a\_7 * r = 0.1138123611111111 * (-1/3) = 0.0714444444444444
a\_9 = a\_8 * r = 0.0714444444444444 * (-1/3) = 0.0238123611111111
a\_10 = a\_9 * r = 0.0238123611111111 * (-1/3) = 0.01127777777777777
a\_11 = a\_10 * r = 0.01127777777777777 * (-1/3) = 0.00756666666666666
a\_12 = a\_11 * r = 0.00756666666666666 * (-1/3) = 0.003125

The complete sequence, including the missing values, is:

144, -48, 16, -5.333333333333333, 1.7777777777777777, 0.5923611111111111, 0.2312361111111111, 0.1138123611111111, 0.0714444444444444, 0.0238123611111111, 0.01127777777777777, 0.00756666666666666

The timestamps of each value are:

'14:43:01': 0, '14:43:04': 9, '14:43:07': 36, '14:43:10': 81, '14:43:13': 144, '14:43:16': 225, '14:43:19': 324, '14:43:22': 441, '14:43:25': 576, '14:43:28': 729, '14:43:31': -48, '14:43:34': 16, '14:43:37': -5.333333333333333, '14:43:40': 1.7777777777777777, '14:43:43': 0.5923611111111111, '14:43:46': 0.2312361111111111, '14:43:49': 0.1138123611111111, '14:43:52': 0.0714444444444444, '14:43:55': 0.0238123611111111, '14:43:58': 0.01127777777777777, '14:43:61': 0.00756666666666666

-------------------------------------------

Execution time: 20.51443076133728 seconds

