Timestamp: HH-MM-SS   DD-MM-YYYY
           12:07:56   27-03-2025

-------------------------------------------

Model: gemma3:27b
--------------------------
     mirostat      : 2
     mirostat_eta  : 0.5
     mirostat_tau  : 2.0
     num_ctx       : 8192
     repeat_last_n : 128
     repeat_penalty: 1.3
     temperature   : 0.1
     seed          : 7
     num_predict   : -1
     top_k         : 10
     top_p         : 0.5
     min_p         : 0.2

-------------------------------------------

Processor: Intel Core i9-14900K
RAM: 64 GB DDR5
GPU: NVIDIA GeForce RTX 4090 (24GB GDDR6X, 16384 CUDA Cores)
OS: Ubuntu 22.04

-------------------------------------------

Path: prompts/single/paasax/temperature_test.json
-------------------------------------------

Prompt: paasax
Task:
Analyze the following normalized temperature time series data of a processor. Refer to the time over which the data was recorded. The data is represented using the SAX representation (symbollic aggregation approximation).
Data 1 context:
The temperature data in data_1 was measured at 1 second intervals over a 5 minute period. This makes a total of 300 data points, which were then transformed into 10 segments of 30 data points each. The SAX representation was then applied to the segments with the following symbols: a, b, c, d, e, f, g, h, i, j, k, l, m, n, o, p, q, r, s, t, u, v, w, x, y, z. The minimum value is around 50°C, the maximum value around 100°C.
Data 1:
{'10:22:22': 'c', '10:22:52': 'c', '10:23:22': 'c', '10:23:52': 'c', '10:24:22': 'c', '10:24:52': 'c', '10:25:22': 'd', '10:25:52': 'e', '10:26:22': 'g', '10:26:52': 'h'}
Data 2 context:
The processor-load data in data_2 was measured at 1 second intervals over a 5 minute period. This makes a total of 300 data points, which were then transformed into 10 segments of 30 data points each. The SAX representation was then applied to the segments with the following symbols: a, b, c, d, e, f, g, h, i, j, k, l, m, n, o, p, q, r, s, t, u, v, w, x, y, z. The minimum value is around 30% load, the maximum value around 80%.
Data 2:
{'10:22:22': 'b', '10:22:52': 'b', '10:23:22': 'b', '10:23:52': 'b', '10:24:22': 'h', '10:24:52': 'h', '10:25:22': 'g', '10:25:52': 'f', '10:26:22': 'd', '10:26:52': 'b'}
Desired output format:
Provide an analysis of the temperature trends and patterns depending on the processor load. The response should be structured, starting with key observations, followed by explanations, and concluding with potential actions or recommendations to maintain optimal processor temperature. Generate a flow diagram in mermaid syntax, describing the necessary interventions for problem identification and fixing. Only use the following interventions: reading temperature, reading system load, reading system error log, increasing Fan speed, end system processes, lower maximum processor usage, decrease room temperature.


-------------------------------------------

Answer:
## Analysis of Processor Temperature and Load

Here's an analysis of the provided temperature and processor load data, focusing on trends, patterns, and recommendations.

**Key Observations:**

* **Temperature (Data 1):** The temperature remains relatively stable at 'c' for the first 2 minutes (10:22:22 to 10:24:22).  After that, it begins to increase, moving from 'd' to 'e', 'g', and finally 'h' at 10:26:52. This indicates a clear upward trend in temperature over the last two minutes of the recorded period.
* **Processor Load (Data 2):** The processor load is stable at 'b' for the first 2 minutes (10:22:22 to 10:24:22), similar to the temperature.  However, the load then increases to 'h', 'g', 'f', and finally 'b' at 10:26:52. This suggests a fluctuating load, peaking around 10:24:52 and then decreasing.
* **Correlation:** There's a noticeable correlation between temperature and processor load.  The temperature increase coincides with the initial increase in processor load. The decrease in load at 10:26:22 seems to be followed by a decrease in temperature, although the final temperature reading is still higher than the initial readings.

**Explanation:**

The initial stability of both temperature and load suggests a baseline operating state. The subsequent increase in processor load likely caused the temperature to rise. Processors generate heat when performing computations.  Higher load means more computations, and therefore more heat generation. The fact that the temperature continues to rise even after the load begins to decrease suggests that the cooling system might be struggling to dissipate the accumulated heat quickly enough. The cooling system has a thermal inertia, and it takes time to respond to changes in heat generation.

The final temperature reading of 'h' is concerning. While the SAX representation doesn't provide exact temperature values, 'h' likely represents a relatively high temperature within the defined range (50-100°C). Sustained operation at this temperature could lead to performance throttling, system instability, or even hardware damage.

**Potential Actions & Recommendations:**

1. **Monitor Temperature & Load:** Continuously monitor both temperature and processor load to establish a baseline and identify potential issues early on.
2. **Investigate High Load Processes:** Identify the processes consuming the most CPU resources.  Determine if these processes are essential or if they can be optimized or terminated.
3. **Improve Cooling:**
    * **Increase Fan Speed:** If the fan speed is set to a low value, increasing it can improve heat dissipation.
    * **Decrease Room Temperature:** Lowering the ambient temperature can help the cooling system operate more effectively.
    * **Check Cooling System:** Ensure the cooling system (heatsink, fan, liquid cooling) is functioning correctly and free of dust or obstructions.
4. **Limit Processor Usage:** Implement mechanisms to limit the maximum processor usage, preventing it from reaching levels that cause overheating.
5. **System Error Log:** Check the system error log for any indications of hardware issues or software bugs that might be contributing to the high load or temperature.



```mermaid
graph TD
    A[Start] --> B{Read Temperature};
    B -- High Temp --> C{Read System Load};
    B -- Normal Temp --> Z[End];
    C -- High Load --> D{Read System Error Log};
    C -- Normal Load --> Z;
    D -- Errors Found --> E[End System Processes];
    D -- No Errors --> F{Increase Fan Speed};
    E --> Z;
    F --> G{Lower Maximum Processor Usage};
    G --> H{Decrease Room Temperature};
    H --> Z;
    Z[End];
```


-------------------------------------------

Execution time: 27.593226194381714 seconds

