Timestamp: HH-MM-SS   DD-MM-YYYY
           15:56:40   21-03-2025

-------------------------------------------

Model: gemma:7b
--------------------------
     mirostat      : 2
     mirostat_eta  : 0.5
     mirostat_tau  : 2.0
     num_ctx       : 8192
     repeat_last_n : 128
     repeat_penalty: 1.3
     temperature   : 0.1
     seed          : 7
     num_predict   : -1
     top_k         : 10
     top_p         : 0.5
     min_p         : 0.2

-------------------------------------------

Processor: Intel Core i9-14900K
RAM: 64 GB DDR5
GPU: NVIDIA GeForce RTX 4090 (24GB GDDR6X, 16384 CUDA Cores)
OS: Ubuntu 22.04

-------------------------------------------

Path: prompts/single/paasax/temperature_test.json
-------------------------------------------

Prompt: rounded
Task:
Identify the underlying pattern of the following number series.
Data context:
The data only consists of every third value of the number series. Your goal is to infer the rule governing the sequence and reconstruct the full set of numbers.
Data:
{'10:22:21': 2, '10:22:24': 7, '10:22:27': 17, '10:22:30': 29, '10:22:33': 41, '10:22:36': 53, '10:22:39': 67, '10:22:42': 79, '10:22:45': 97, '10:22:48': 107}
Desired output format:
Complete the series, with matching timestamps, and return a Python Dictionairy with the complete series of numbers and timestamps.


-------------------------------------------

Answer:
```python
import datetime

start_timestamp = datetime.datetime(2022, 10, 22, 21)

pattern = 2 + 5 * (i - 1) for i in range(1, 11)

result = {
    datetime.datetime(2022, 10, 22, 21) + datetime.timedelta(minutes=3 * i): pattern[i]
    for i in range(11)
}

print(result)
```

**Explanation:**

* The underlying pattern is a linear sequence with a step of 5, starting from 2.
* The timestamps are incremented by 3 minutes for each value.
* The `pattern` list contains the numbers generated by the pattern for the first 11 values.
* The `result` dictionary iterates over the timestamps and values from the `pattern` list and creates a new dictionary with the complete series of numbers and timestamps.

-------------------------------------------

Execution time: 5.531107187271118 seconds

