Timestamp: HH-MM-SS   DD-MM-YYYY
           14:34:13   14-04-2025

-------------------------------------------

Model: gemma:7b
--------------------------
Default
-------------------------------------------

Processor: Intel Core i9-14900K
RAM: 64 GB DDR5
GPU: NVIDIA GeForce RTX 4090 (24GB GDDR6X, 16384 CUDA Cores)
OS: Ubuntu 22.04

-------------------------------------------

Path: prompts/single/paasax/temperature_test.json
-------------------------------------------

Prompt: paasax
Task:
Analyze the following normalized temperature time series data of a processor. Refer to the time over which the data was recorded. The data is represented using the SAX representation (symbollic aggregation approximation).Data 1 context:
The temperature data in data_1 was measured at 1 second intervals over a 5 minute period. This makes a total of 300 data points, which were then transformed into 10 segments of 30 data points each. The SAX representation was then applied to the segments with the following symbols: a, b, c, d, e, f, g, h, i, j, k, l, m, n, o, p, q, r, s, t, u, v, w, x, y, z. The minimum value is around 50°C, the maximum value around 100°C.
Data 1:
{'14:30:09': 'c', '14:30:39': 'c', '14:31:09': 'c', '14:31:39': 'c', '14:32:09': 'c', '14:32:39': 'c', '14:33:09': 'c', '14:33:39': 'e', '14:34:09': 'g', '14:34:39': 'h'}
Data 2 context:
The processor-load data in data_2 was measured at 1 second intervals over a 5 minute period. This makes a total of 300 data points, which were then transformed into 10 segments of 30 data points each. The SAX representation was then applied to the segments with the following symbols: a, b, c, d, e, f, g, h, i, j, k, l, m, n, o, p, q, r, s, t, u, v, w, x, y, z. The minimum value is around 30% load, the maximum value around 80%.
Data 2:
{'14:30:09': 'b', '14:30:39': 'b', '14:31:09': 'b', '14:31:39': 'b', '14:32:09': 'h', '14:32:39': 'h', '14:33:09': 'g', '14:33:39': 'f', '14:34:09': 'd', '14:34:39': 'c'}
Data 3 context:
The fanspeed data in data_3 was measured at 1 second intervals over a 5 minute period. This makes a total of 300 data points, which were then transformed into 10 segments of 30 data points each. The SAX representation was then applied to the segments with the following symbols: a, b, c, d, e, f, g, h, i, j, k, l, m, n, o, p, q, r, s, t, u, v, w, x, y, z. The minimum value is around 1000 RPM, the maximum value around 8500 RPM.
Data 3:
{'14:30:09': 'c', '14:30:39': 'c', '14:31:09': 'c', '14:31:39': 'c', '14:32:09': 'h', '14:32:39': 'h', '14:33:09': 'f', '14:33:39': 'd', '14:34:09': 'b', '14:34:39': 'a'}

Desired output format:
Provide an analysis of the temperature trends and patterns depending on the processor load. The response should be structured, starting with key observations, followed by explanations, and concluding with potential actions or recommendations to maintain optimal processor temperature. Generate a flow diagram in mermaid syntax, describing the necessary interventions for problem identification and fixing. Only use the following interventions: reading temperature, reading system load, reading system error log, increasing Fan speed, end system processes, lower maximum processor usage, decrease room temperature.

-------------------------------------------

Answer:
## Analysis of Processor Temperature Trends based on Load

**Key Observations:**

* Temperature increases with increasing processor load.
* The temperature stabilizes after approximately 4 minutes under load.
* The maximum temperature recorded is around 100°C.

**Explanations:**

* As processor load increases, the device generates more heat, leading to higher temperatures.
* The stabilization after 4 minutes suggests that the system reaches thermal equilibrium under sustained load.
* The maximum temperature indicates potential overheating risk.

**Potential Actions/Recommendations:**

1. **Increase fan speed:** This enhances heat dissipation and lowers temperatures.
2. **End unnecessary system processes:** Reducing background workload reduces heat generation.
3. **Lower maximum processor usage:** Limiting CPU utilization minimizes heat production.
4. **Decrease room temperature:** Reducing ambient temperature improves cooling efficiency.


## Flow Diagram for Problem Identification and Fixing

```mermaid
graph LR
A[Temperature High] --> B[Processor Load High]
B --> C{Read System Load}
C --> D{Read System Error Log}
C --> E{Increase Fan Speed}
E & D --> F{End System Processes}
E & D --> G{Lower Max. Processor Usage}
E & D & G --> H{Decrease Room Temperature}
H --> A
```

**Legend:**

* **A:** Temperature is high.
* **B:** Processor load is high.
* **C:** Read system load.
* **D:** Read system error log.
* **E:** Increase fan speed.
* **F:** End unnecessary system processes.
* **G:** Lower maximum processor usage.
* **H:** Decrease room temperature.

-------------------------------------------

Execution time: 4.495059490203857 seconds

