Timestamp: HH-MM-SS   DD-MM-YYYY
           12:44:31   19-03-2025

-------------------------------------------

Model: gemma3:27b
--------------------------
     mirostat      : 2
     mirostat_eta  : 0.5
     mirostat_tau  : 2.0
     num_ctx       : 8192
     repeat_last_n : 128
     repeat_penalty: 1.3
     temperature   : 0.1
     seed          : 7
     num_predict   : -1
     top_k         : 10
     top_p         : 0.5
     min_p         : 0.2

-------------------------------------------

Processor: Intel Core i9-14900K
RAM: 64 GB DDR5
GPU: NVIDIA GeForce RTX 4090 (24GB GDDR6X, 16384 CUDA Cores)
OS: Ubuntu 22.04

-------------------------------------------

Path: paasax
-------------------------------------------

Prompt:
Task:
Analyze the following normalized temperature time series data of a processor. Refer to the time over which the data was recorded. The data is represented using the SAX representation (symbollic aggregation approximation).
Data 1 context:
The temperature data was measured at 1 second intervals over a 5 minute period. This makes a total of 300 data points, which were then transformed into 10 segments of 30 data points each. The SAX representation was then applied to the segments with the following symbols: a, b, c, d, e, f, g, h, i, j, k, l, m, n, o, p, q, r, s, t, u, v, w, x, y, z.
Data 1:
{'09:04:56': 'c', '09:05:26': 'c', '09:05:56': 'c', '09:06:26': 'c', '09:06:56': 'c', '09:07:26': 'c', '09:07:56': 'c', '09:08:26': 'e', '09:08:56': 'g', '09:09:26': 'h'}
Data 2 context:
The processor-load data was measured at 1 second intervals over a 5 minute period. This makes a total of 300 data points, which were then transformed into 10 segments of 30 data points each. The SAX representation was then applied to the segments with the following symbols: a, b, c, d, e, f, g, h, i, j, k, l, m, n, o, p, q, r, s, t, u, v, w, x, y, z.
Data 2:
{'09:04:56': 'b', '09:05:26': 'b', '09:05:56': 'b', '09:06:26': 'b', '09:06:56': 'h', '09:07:26': 'h', '09:07:56': 'g', '09:08:26': 'f', '09:08:56': 'd', '09:09:26': 'c'}
Desired output format:
Provide an analysis of temperature trends and patterns as a function of processor utilization. The response should be structured, starting with key observations, followed by explanations and concluding with possible actions or recommendations to maintain an optimal processor temperature.


-------------------------------------------

Answer:
## Processor Temperature & Utilization Analysis

Here's an analysis of the provided processor temperature and utilization data, structured as requested:

**Key Observations:**

* **Temperature (Data 1):** The temperature remains consistently at symbol 'c' for the first 7 time points (approximately 7 seconds).  Then, it increases steadily to 'e', 'g', and finally 'h' over the remaining time period. This indicates a clear increasing temperature trend.
* **Utilization (Data 2):** The utilization starts at 'b' for the first 7 seconds, similar to the initial temperature stability. However, it then exhibits more fluctuation, moving to 'h', 'g', 'f', 'd', and finally 'c'. This suggests a varying processor load.
* **Correlation:** While both datasets start with relatively low values, the temperature *continues* to rise even as the utilization decreases towards the end of the observed period. This is a crucial observation.  The utilization peaks early and then declines, while temperature continues to climb.

**Explanation:**

The initial stability in both temperature and utilization suggests a baseline processor state with moderate activity. The increasing temperature, despite decreasing utilization, is concerning. Several factors could explain this:

* **Thermal Inertia:** Processors retain heat. Even if the load decreases, the processor may still be radiating heat accumulated from previous higher loads. This explains some of the continued temperature rise, but likely not all of it.
* **Cooling System Performance:** The cooling system (fan, heatsink, liquid cooling) might be becoming less effective over time. Dust accumulation, fan speed reduction, or pump failure (if liquid cooling) could all contribute to reduced cooling capacity.
* **Background Processes:**  Hidden background processes or tasks might be consuming resources and generating heat, even if the primary application load is decreasing.
* **Thermal Paste Degradation:** Over time, the thermal paste between the processor and the heatsink can dry out and lose its effectiveness, hindering heat transfer.
* **Ambient Temperature:** An increase in the ambient temperature could also contribute to the processor's temperature rise.

The fact that utilization *decreases* while temperature *increases* strongly suggests that the cooling system is struggling to keep up with the heat generated, or that other heat sources are present.  If the cooling system was functioning optimally, we'd expect temperature to stabilize or decrease as utilization drops.

**Possible Actions & Recommendations:**

1. **Monitor Cooling System:**
   * **Fan Speed:** Check the fan speed. Ensure it's operating within the expected range.  If it's a variable-speed fan, verify it's ramping up appropriately with temperature.
   * **Dust Removal:** Thoroughly clean the heatsink and fan to remove any accumulated dust. Dust acts as an insulator, preventing efficient heat dissipation.
   * **Cooling Liquid (if applicable):** If using liquid cooling, check the pump's operation and coolant levels.
2. **Investigate Background Processes:** Use system monitoring tools (Task Manager, Resource Monitor) to identify any unexpected or resource-intensive processes running in the background.
3. **Thermal Paste Check:**  If the problem persists, consider reapplying thermal paste to the processor. This is a more advanced task and should be done carefully.
4. **Ambient Temperature:** Ensure the computer is in a well-ventilated area and not exposed to direct sunlight or other heat sources.
5. **Longer-Term Monitoring:** Implement continuous temperature monitoring to track trends over time. This will help identify potential issues before they become critical.  Consider logging both temperature and utilization data for a more comprehensive analysis.
6. **Consider Hardware Upgrade:** If the cooling system is inadequate for the processor's workload, consider upgrading to a more powerful cooling solution.

**In conclusion:** The data suggests a potential issue with the processor's cooling system or the presence of unexpected heat sources.  Immediate investigation and preventative maintenance are recommended to avoid potential overheating and hardware damage.  The continued temperature rise despite decreasing utilization is a key indicator that warrants attention.


-------------------------------------------

Execution time: 22.30827784538269 seconds

