Timestamp: HH-MM-SS   DD-MM-YYYY
           11:22:15   24-03-2025

-------------------------------------------

Model: gemma:7b
--------------------------
Default
-------------------------------------------

Processor: Intel Core i9-14900K
RAM: 64 GB DDR5
GPU: NVIDIA GeForce RTX 4090 (24GB GDDR6X, 16384 CUDA Cores)
OS: Ubuntu 22.04

-------------------------------------------

Path: prompts/single/paasax/temperature_test.json
-------------------------------------------

Prompt: rounded
Task:
Identify the underlying pattern of the following number series.
Data context:
The data only consists of every third value of the number series (1st, 4th, 7th, 10th...). It is one of the following series: even numbers, odd numbers, prime numbers, square numbers, series of values from the harmonic oscillator.
Data:
{'10:22:21': 0, '10:22:24': 6, '10:22:27': 12, '10:22:30': 18, '10:22:33': 24, '10:22:36': 30, '10:22:39': 36, '10:22:42': 42, '10:22:45': 48, '10:22:48': 54}
Desired output format:
Decide which of the series named in data_context is present, name the series and complete the series up to the maximum value in the data, with matching timestamps, fill in the missing values, and return only a Python Dictionairy with the complete series of numbers and timestamps, without code.


-------------------------------------------

Answer:
The series of values from the harmonic oscillator is present. The complete series up to the maximum value in the data is:

{'10:22:21': 0, '10:22:24': 6, '10:22:27': 12, '10:22:30': 18, '10:22:33': 24, '10:22:36': 30, '10:22:39': 36, '10:22:42': 42, '10:22:45': 48, '10:22:48': 54, '10:22:51': 60, '10:22:54': 66, '10:22:57': 72, '10:22:60': 78, '10:22:63': 84, '10:22:66': 90}

-------------------------------------------

Execution time: 3.468022584915161 seconds

