Timestamp: HH-MM-SS   DD-MM-YYYY
           12:45:06   25-03-2025

-------------------------------------------

Model: gemma3:27b
--------------------------
     mirostat      : 2
     mirostat_eta  : 0.5
     mirostat_tau  : 2.0
     num_ctx       : 8192
     repeat_last_n : 128
     repeat_penalty: 1.3
     temperature   : 0.1
     seed          : 7
     num_predict   : -1
     top_k         : 10
     top_p         : 0.5
     min_p         : 0.2

-------------------------------------------

Processor: Intel Core i9-14900K
RAM: 64 GB DDR5
GPU: NVIDIA GeForce RTX 4090 (24GB GDDR6X, 16384 CUDA Cores)
OS: Ubuntu 22.04

-------------------------------------------

Path: prompts/single/paasax/temperature_test.json
-------------------------------------------

Prompt: paasax
Task:
Analyze the following normalized temperature time series data of a processor. Refer to the time over which the data was recorded. The data is represented using the SAX representation (symbollic aggregation approximation).
Data 1 context:
The temperature data in data_1 was measured at 1 second intervals over a 5 minute period. This makes a total of 300 data points, which were then transformed into 10 segments of 30 data points each. The SAX representation was then applied to the segments with the following symbols: a, b, c, d, e, f, g, h, i, j, k, l, m, n, o, p, q, r, s, t, u, v, w, x, y, z.
Data 1:
{'10:22:22': 'c', '10:22:52': 'c', '10:23:22': 'c', '10:23:52': 'c', '10:24:22': 'c', '10:24:52': 'c', '10:25:22': 'd', '10:25:52': 'e', '10:26:22': 'g', '10:26:52': 'h'}
Data 2 context:
The processor-load data in data_2 was measured at 1 second intervals over a 5 minute period. This makes a total of 300 data points, which were then transformed into 10 segments of 30 data points each. The SAX representation was then applied to the segments with the following symbols: a, b, c, d, e, f, g, h, i, j, k, l, m, n, o, p, q, r, s, t, u, v, w, x, y, z.
Data 2:
{'10:22:22': 'b', '10:22:52': 'b', '10:23:22': 'b', '10:23:52': 'b', '10:24:22': 'h', '10:24:52': 'h', '10:25:22': 'g', '10:25:52': 'f', '10:26:22': 'd', '10:26:52': 'b'}
Desired output format:
Provide an analysis of the temperature trends and patterns depending on the processor load. The response should be structured, starting with key observations, followed by explanations, and concluding with potential actions or recommendations to maintain optimal processor temperature. Generate a flow diagram in mermaid syntax, describing the necessary interventions for problem identification and fixing. Only use the following interventions: reading temperature, reading system load, reading system error log, increasing Fan speed, end system processes, lower maximum processor usage, decrease room temperature.


-------------------------------------------

Answer:
## Processor Temperature & Load Analysis

Here's an analysis of the provided processor temperature (Data 1) and load (Data 2) data, focusing on trends, patterns, and recommendations.

**Key Observations:**

* **Data 1 (Temperature):** The temperature remains relatively stable at symbol 'c' for the first 6 time points (approximately the first minute).  It then begins to increase, transitioning to 'd', 'e', 'g', and finally 'h'. This indicates a clear warming trend over the observed 5-minute period.
* **Data 2 (Load):** The load remains stable at 'b' for the first 4 time points. It then jumps to 'h' and then decreases to 'g', 'f', 'd', and finally 'b'. This suggests an initial period of low load, followed by a significant increase in load, and then a decrease back towards the initial level.
* **Correlation:** There appears to be a correlation between processor load and temperature. The temperature increase in Data 1 begins around the same time as the load increases in Data 2.  The subsequent decrease in load in Data 2 seems to coincide with a potential stabilization (though not decrease) in temperature.

**Explanation:**

The observed warming trend in the processor temperature is likely a direct result of increased processor load. When the processor is heavily utilized (as indicated by the 'h' symbols in Data 2), it generates more heat.  The heat dissipation system (fan, heatsink) may not be able to remove heat fast enough to maintain a stable temperature, leading to the observed increase in temperature symbols. The initial stability at 'c' suggests the cooling system was effectively managing the heat generated during the low-load period. The decrease in load towards the end of the observation period doesn't immediately translate to a temperature decrease, suggesting some thermal inertia – the processor retains heat for a short period even after the load decreases.

**Potential Actions & Recommendations:**

To maintain optimal processor temperature and prevent potential overheating, consider the following:

1. **Monitoring:** Continuously monitor both processor temperature and load. This will help identify patterns and potential issues before they escalate.
2. **Fan Speed Control:** Implement a dynamic fan speed control system that automatically increases fan speed when the processor temperature or load exceeds a predefined threshold.
3. **Process Management:** Identify and terminate or optimize resource-intensive processes that contribute to high processor load.
4. **Processor Usage Limits:** Configure the system to limit the maximum processor usage for non-critical tasks.
5. **Environmental Control:** Ensure the system is operating in a well-ventilated environment with adequate cooling.  Consider lowering the room temperature if necessary.

**Flow Diagram (Mermaid Syntax):**

```mermaid
graph TD
    A[Start] --> B{Read Temperature};
    B -- High --> C{Read System Load};
    B -- Normal --> Z[End];
    C -- High --> D{Read System Error Log};
    C -- Normal --> Z;
    D -- Errors Found --> E[End System Processes];
    D -- No Errors --> F{Increase Fan Speed};
    F --> G{Lower Maximum Processor Usage};
    G --> H{Decrease Room Temperature};
    H --> Z;
    E --> Z;
    Z[End];
```

**Explanation of Flow Diagram:**

1.  **Start:** The process begins.
2.  **Read Temperature:** The system continuously reads the processor temperature.
3.  **High Temperature?:** If the temperature is high, proceed to check the system load. If normal, end the process.
4.  **Read System Load:** Check the processor load to determine the cause of the high temperature.
5.  **High Load?:** If the load is high, proceed to check the system error log. If normal, end the process.
6.  **Read System Error Log:** Check for any errors that might be causing high load.
7.  **Errors Found?:** If errors are found, end system processes.
8.  **No Errors:** Increase fan speed, lower maximum processor usage, and decrease room temperature.
9.  **End:** The process ends.


-------------------------------------------

Execution time: 27.126112461090088 seconds

