Timestamp: HH-MM-SS   DD-MM-YYYY
           16:08:19   05-03-2025

-------------------------------------------

Model: phi4:14b
--------------------------
     mirostat      : 2
     mirostat_eta  : 0.5
     mirostat_tau  : 2.0
     num_ctx       : 8192
     repeat_last_n : 128
     repeat_penalty: 1.3
     temperature   : 0.1
     seed          : 7
     num_predict   : -1
     top_k         : 10
     top_p         : 0.5
     min_p         : 0.2

-------------------------------------------

Processor: Intel Core i9-14900K
RAM: 64 GB DDR5
GPU: NVIDIA GeForce RTX 4090 (24GB GDDR6X, 16384 CUDA Cores)
OS: Ubuntu 22.04

-------------------------------------------

Prompt:
Task:
Analyze the given time-series data, identify any trends, patterns, or anomalies, and provide insights into the nature of the dataset.
Data:
{'13:32:20': 95, '13:33:20': 90, '13:34:20': 36, '13:35:20': 62, '13:36:20': 21, '13:37:20': 76, '13:38:20': 63, '13:39:20': 7, '13:40:20': 81, '13:41:20': 98, '13:42:20': 60, '13:43:20': 45, '13:44:20': 69, '13:45:20': 19, '13:46:20': 20, '13:47:20': 63, '13:48:20': 19, '13:49:20': 41, '13:50:20': 15, '13:51:20': 23}
Additional context:
The dataset consists of random time-series values recorded at regular intervals. The nature of the data is unknown, meaning it could represent sensor readings, financial data, or other time-dependent measurements. Your goal is to analyze the dataset, determine if there are any visible trends, periodicity, outliers, or patterns, and provide insights based on the observed values.
Desired output format:
Provide a structured analysis of the time-series data. Identify any trends, fluctuations, or anomalies. If applicable, suggest potential sources or causes of variation. The response should include key observations, an explanation of any detected patterns, and possible real-world interpretations of the dataset.


-------------------------------------------

Answer:
### Analysis of Time-Series Data

#### Overview
The dataset consists of time-stamped values recorded at one-minute intervals from 13:32:20 to 13:51:20. The values range from 7 to 98, indicating variability in the measurements. The nature of the data is unspecified, which means it could represent various types of time-dependent phenomena.

#### Key Observations

1. **Range and Variability**:
   - The values range from a minimum of 7 to a maximum of 98.
   - There is significant variability in the data, with some values being relatively low (e.g., 7, 15, 19) and others being quite high (e.g., 95, 98).

2. **Trends**:
   - There is no clear upward or downward trend over the 19-minute period. The values fluctuate without a consistent increase or decrease.

3. **Patterns and Periodicity**:
   - The data does not exhibit a clear periodic pattern. While there are some repeated values (e.g., 63 appears twice), these do not suggest a regular cycle or frequency.

4. **Anomalies and Outliers**:
   - The value at 13:34:20 (36) and 13:36:20 (21) are notably lower than the surrounding values, suggesting potential anomalies.
   - Similarly, the value at 13:39:20 (7) is an outlier, being significantly lower than its neighbors.
   - The value at 13:41:20 (98) is an outlier on the higher end.

5. **Fluctuations**:
   - The data shows frequent fluctuations, with values often changing significantly from one minute to the next. For example, the value drops from 90 at 13:33:20 to 36 at 13:34:20, and then rises to 62 at 13:35:20.

#### Potential Sources or Causes of Variation

- **Sensor Noise**: If the data represents sensor readings, the fluctuations could be due to noise or interference affecting the sensor's accuracy.
- **External Influences**: If the data is financial or environmental, external factors such as market events or weather changes could cause the observed variability.
- **Systematic Errors**: Outliers might indicate errors in data collection or processing, such as calibration issues or data entry mistakes.

#### Real-World Interpretations

- **Sensor Data**: If this is sensor data, the fluctuations could indicate a dynamic environment or system being monitored, such as temperature, pressure, or other physical quantities.
- **Financial Data**: If financial, the data might represent stock prices or transaction volumes, where rapid changes are common due to market activity.
- **Environmental Data**: If environmental, the data could reflect measurements like air quality or noise levels, which can vary significantly over short periods.

### Conclusion

The time-series data shows significant variability with no clear trends or periodic patterns. The presence of outliers suggests potential anomalies or external influences affecting the measurements. Without additional context, it is challenging to pinpoint the exact nature of the data, but the analysis provides a foundation for understanding its characteristics and potential sources of variation. Further investigation with more context or additional data points would be beneficial for a more comprehensive analysis.

-------------------------------------------

Execution time: 11.722246408462524 seconds

