Timestamp: HH-MM-SS   DD-MM-YYYY
           12:26:44   24-03-2025

-------------------------------------------

Model: gemma3:27b
--------------------------
     mirostat      : 2
     mirostat_eta  : 0.5
     mirostat_tau  : 2.0
     num_ctx       : 8192
     repeat_last_n : 128
     repeat_penalty: 1.3
     temperature   : 0.1
     seed          : 7
     num_predict   : -1
     top_k         : 10
     top_p         : 0.5
     min_p         : 0.2

-------------------------------------------

Processor: Intel Core i9-14900K
RAM: 64 GB DDR5
GPU: NVIDIA GeForce RTX 4090 (24GB GDDR6X, 16384 CUDA Cores)
OS: Ubuntu 22.04

-------------------------------------------

Path: prompts/single/paasax/temperature_test.json
-------------------------------------------

Prompt: paasax
Task:
Analyze the following normalized temperature time series data of a processor. Refer to the time over which the data was recorded. The data is represented using the SAX representation (symbollic aggregation approximation).
Data context:
The data was measured at 1 second intervals over a 5 minute period. This makes a total of 300 data points, which were then transformed into 10 segments of 30 data points each. The SAX representation was then applied to the segments with the following symbols: a, b, c, d, e, f, g, h, i, j, k, l, m, n, o, p, q, r, s, t, u, v, w, x, y, z. The following interventions are possible: reading temperature, reading system load, reading system error log, increasing Fan speed, end system processes, lower maximum processor usage, decrease room temperature.
Data:
{'10:22:21': 'c', '10:22:51': 'c', '10:23:21': 'c', '10:23:51': 'c', '10:24:21': 'c', '10:24:51': 'c', '10:25:21': 'c', '10:25:51': 'e', '10:26:21': 'g', '10:26:51': 'h'}
Desired output format:
Provide an analysis of the temperature trends and patterns. The response should be structured, starting with key observations, followed by explanations, and concluding with potential actions or recommendations to maintain optimal processor temperature. Generate a flow diagram in mermaid syntax, describing the necessary interventions for problem identification and fixing. Only use the interventions provided in the data_context.


-------------------------------------------

Answer:
## Processor Temperature Analysis

**Key Observations:**

The temperature data shows a generally increasing trend over the observed 5-minute period. Initially, the temperature remains stable at symbol 'c' for the first 4 minutes. However, starting at 10:25:21, the temperature begins to rise, progressing from 'e' to 'g' and finally to 'h' at 10:26:51. This indicates a clear escalation in processor temperature within the last minute of the observation period. The consistent 'c' values at the beginning suggest a stable baseline, while the rapid shift to 'h' signals a potential overheating issue.

**Explanation:**

The SAX representation simplifies the temperature data, but the change in symbols is significant. Each symbol represents a range of normalized temperature values. The progression from 'c' to 'h' implies a substantial increase in temperature.  Given the 1-second interval data and the 5-minute duration, this rapid increase is concerning. Several factors could contribute to this:

* **Increased Processor Load:** The processor might be experiencing a surge in activity, leading to higher heat generation.
* **Cooling System Inefficiency:** The cooling system (fan, heat sink) might not be effectively dissipating the heat.
* **Environmental Factors:** An increase in room temperature could contribute to the processor overheating.
* **Software Issues:** A runaway process or a bug in the software could be causing excessive CPU usage.

The initial stability at 'c' suggests the cooling system was initially adequate. The subsequent rise indicates that the heat generated exceeded the cooling capacity, or the cooling system's efficiency decreased.

**Potential Actions/Recommendations:**

1. **Immediate Action:**  Since the temperature is rising, the first step is to investigate the system load. Reading system load will help determine if the processor is under heavy stress.
2. **Investigate System Errors:** Reading the system error log can reveal any underlying software issues or hardware malfunctions contributing to the increased load.
3. **Cooling System Check:** If the system load is normal, the cooling system might be failing. Increasing fan speed could provide temporary relief.
4. **Process Management:** If a specific process is consuming excessive CPU resources, ending those processes can reduce the load.
5. **Long-Term Solutions:**  Lowering the maximum processor usage through software configuration or limiting background processes can prevent future overheating.  Decreasing room temperature can also improve cooling efficiency.

**Mermaid Flow Diagram:**

```mermaid
graph TD
    A[Start: Rising Temperature Detected (Symbol 'h')] --> B{Read System Load};
    B -- High Load --> C[End System Processes];
    B -- Normal Load --> D{Read System Error Log};
    D -- Errors Found --> E[Fix Software Issues];
    D -- No Errors --> F{Increase Fan Speed};
    F -- Temperature Decreases --> G[Monitor Temperature];
    F -- Temperature Remains High --> H[Lower Maximum Processor Usage];
    C --> G;
    E --> G;
    H --> G;
    G --> I{Temperature Stable?};
    I -- Yes --> J[End];
    I -- No --> K[Decrease Room Temperature];
    K --> G;
```


-------------------------------------------

Execution time: 22.59750533103943 seconds

