Timestamp: HH-MM-SS   DD-MM-YYYY
           12:07:47   24-03-2025

-------------------------------------------

Model: phi4:14b
--------------------------
     mirostat      : 2
     mirostat_eta  : 0.5
     mirostat_tau  : 2.0
     num_ctx       : 8192
     repeat_last_n : 128
     repeat_penalty: 1.3
     temperature   : 0.1
     seed          : 7
     num_predict   : -1
     top_k         : 10
     top_p         : 0.5
     min_p         : 0.2

-------------------------------------------

Processor: Intel Core i9-14900K
RAM: 64 GB DDR5
GPU: NVIDIA GeForce RTX 4090 (24GB GDDR6X, 16384 CUDA Cores)
OS: Ubuntu 22.04

-------------------------------------------

Path: prompts/single/paasax/temperature_test.json
-------------------------------------------

Prompt: paasax
Task:
Analyze the following normalized temperature time series data of a processor. Refer to the time over which the data was recorded. The data is represented using the SAX representation (symbollic aggregation approximation).
Data context:
The data was measured at 1 second intervals over a 5 minute period. This makes a total of 300 data points, which were then transformed into 10 segments of 30 data points each. The SAX representation was then applied to the segments with the following symbols: a, b, c, d, e, f, g, h, i, j, k, l, m, n, o, p, q, r, s, t, u, v, w, x, y, z. The following interventions are possible: reading temperature, reading system load, reading system error log, increasing Fan speed, end system processes, lower maximum processor usage, decrease room temperature.
Data:
{'10:22:21': 'c', '10:22:51': 'c', '10:23:21': 'c', '10:23:51': 'c', '10:24:21': 'c', '10:24:51': 'c', '10:25:21': 'c', '10:25:51': 'e', '10:26:21': 'g', '10:26:51': 'h'}
Desired output format:
Provide an analysis of the temperature trends and patterns. The response should be structured, starting with key observations, followed by explanations, and concluding with potential actions or recommendations to maintain optimal processor temperature. Generate a flow diagram in mermaid syntax, describing the necessary interventions for problem identification and fixing. Only use the interventions provided in the data_context.


-------------------------------------------

Answer:
### Analysis of Temperature Trends and Patterns

#### Key Observations:
1. **Stable Temperature (10:22:21 - 10:25:21):** The SAX representation shows a consistent 'c' symbol from 10:22:21 to 10:25:21, indicating stable temperature levels during this period.
2. **Rising Temperature (10:25:51 - 10:26:51):** There is a noticeable increase in temperature, as indicated by the transition from 'e' at 10:25:51 to 'g' at 10:26:21, and finally to 'h' at 10:26:51.

#### Explanations:
- **Stable Period:** The consistent 'c' symbol suggests that the processor was operating within a normal temperature range, possibly due to balanced system load and efficient cooling.
- **Rising Temperature:** The shift from 'e' to 'g' and then to 'h' suggests an increase in processor load or a decrease in cooling efficiency, leading to higher temperatures.

#### Potential Actions or Recommendations:
1. **Monitor System Load:** Check if there is an increase in system processes or load that could be causing the temperature rise.
2. **Check Cooling System:** Ensure that the fan speed is adequate and functioning properly. Consider increasing fan speed if necessary.
3. **Review Error Logs:** Examine system error logs for any anomalies that might indicate hardware issues or software errors affecting temperature.
4. **End Unnecessary Processes:** Identify and terminate any non-essential processes that might be consuming excessive resources.
5. **Adjust Processor Usage:** Lower the maximum processor usage if possible to reduce heat generation.
6. **Environmental Control:** If feasible, decrease the room temperature to aid in cooling the processor.

### Flow Diagram in Mermaid Syntax

```mermaid
graph TD
    A[Start] --> B{Temperature Stable?}
    B -- Yes --> C[Continue Monitoring]
    B -- No --> D{Temperature Rising?}
    D -- Yes --> E[Check System Load]
    E --> F[Increase Fan Speed]
    F --> G[Review Error Logs]
    G --> H[End Unnecessary Processes]
    H --> I[Lower Maximum Processor Usage]
    I --> J[Decrease Room Temperature]
    J --> K[Re-evaluate Temperature]
    K --> L{Temperature Stable?}
    L -- Yes --> C
    L -- No --> D
```

This flow diagram outlines the steps to identify and address rising processor temperatures, ensuring optimal performance and longevity of the system.

-------------------------------------------

Execution time: 13.731378078460693 seconds

