Timestamp: HH-MM-SS   DD-MM-YYYY
           15:16:23   21-03-2025

-------------------------------------------

Model: gemma:7b
--------------------------
Default
-------------------------------------------

Processor: Intel Core i9-14900K
RAM: 64 GB DDR5
GPU: NVIDIA GeForce RTX 4090 (24GB GDDR6X, 16384 CUDA Cores)
OS: Ubuntu 22.04

-------------------------------------------

Path: prompts/single/paasax/temperature_test.json
-------------------------------------------

Prompt: paasax
Task:
Analyze the following normalized temperature time series data of a processor. Refer to the time over which the data was recorded. The data is represented using the SAX representation (symbollic aggregation approximation).
Data 1 context:
The temperature data in data_1 was measured at 1 second intervals over a 5 minute period. This makes a total of 300 data points, which were then transformed into 10 segments of 30 data points each. The SAX representation was then applied to the segments with the following symbols: a, b, c, d, e, f, g, h, i, j, k, l, m, n, o, p, q, r, s, t, u, v, w, x, y, z.
Data 1:
{'10:22:22': 'c', '10:22:52': 'c', '10:23:22': 'c', '10:23:52': 'c', '10:24:22': 'c', '10:24:52': 'c', '10:25:22': 'd', '10:25:52': 'e', '10:26:22': 'g', '10:26:52': 'h'}
Data 2 context:
The processor-load data in data_2 was measured at 1 second intervals over a 5 minute period. This makes a total of 300 data points, which were then transformed into 10 segments of 30 data points each. The SAX representation was then applied to the segments with the following symbols: a, b, c, d, e, f, g, h, i, j, k, l, m, n, o, p, q, r, s, t, u, v, w, x, y, z.
Data 2:
{'10:22:22': 'b', '10:22:52': 'b', '10:23:22': 'b', '10:23:52': 'b', '10:24:22': 'h', '10:24:52': 'h', '10:25:22': 'g', '10:25:52': 'f', '10:26:22': 'd', '10:26:52': 'b'}
Desired output format:
Provide an analysis of the temperature trends and patterns. The response should be structured, starting with key observations, followed by explanations, and concluding with potential actions or recommendations to maintain optimal processor temperature. Generate a flow diagram in mermaid syntax, describing the necessary interventions for problem identification and fixing. Only use the following interventions: reading temperature, reading system load, reading system error log, increasing Fan speed, end system processes, lower maximum processor usage, decrease room temperature.


-------------------------------------------

Answer:
## Analysis of Processor Temperature Data

**Key Observations:**

* The temperature data exhibits a general upward trend, with peaks occurring between 10:24:22 and 10:24:52.
* Despite the trend, most temperature values fall within the normal operating range.
* The temperature peaks coincide with elevated system load observed at the same time.


**Explanation:**

* The observed temperature rise is likely due to increased processor load, causing higher power consumption and heat generation.
* The concentration of symbols "c" and "h" in the SAX representation suggests relatively stable temperatures within the observed period.
* The presence of symbols like "g", "i", "p", and "q" indicates short-term fluctuations in temperature around the mean.

**Potential Actions:**

1. **Increase fan speed:** This will enhance cooling performance and mitigate temperature peaks.
2. **End unnecessary system processes:** Reducing the workload will decrease CPU utilization and heat generation.
3. **Lower maximum processor usage:** Limiting the CPU load will reduce the thermal strain on the processor.
4. **Decrease room temperature:** If possible, lowering the ambient temperature will help reduce heat influx into the system.

**Flow Diagram:**

```mermaid
graph LR
A[Temperature Reading] --> B[System Load Reading]
B --> C{Normal Load}
C --> D{Optimal Temperature}
B --> E{Elevated Load}
E --> F{Fan Speed Increase}
E --> G{Process Termination}
E --> H{Reduce Max Usage}
E --> I{Decrease Room Temp}
F & G & H & I --> D
```

**Conclusion:**

The observed temperature rise is likely due to increased processor load. Implementing the proposed actions can effectively mitigate temperature peaks and maintain optimal processor performance.

-------------------------------------------

Execution time: 4.753009796142578 seconds

