Timestamp: HH-MM-SS   DD-MM-YYYY
           12:18:41   07-04-2025

-------------------------------------------

Model: phi4:14b
--------------------------
     mirostat      : 2
     mirostat_eta  : 0.5
     mirostat_tau  : 2.0
     num_ctx       : 8192
     repeat_last_n : 128
     repeat_penalty: 1.3
     temperature   : 0.1
     seed          : 7
     num_predict   : -1
     top_k         : 10
     top_p         : 0.5
     min_p         : 0.2

-------------------------------------------

Processor: Intel Core i9-14900K
RAM: 64 GB DDR5
GPU: NVIDIA GeForce RTX 4090 (24GB GDDR6X, 16384 CUDA Cores)
OS: Ubuntu 22.04

-------------------------------------------

Path: prompts/single/paasax/temperature_test.json
-------------------------------------------

Prompt: paasax
Task:
Analyze the following normalized temperature time series data of a processor. Refer to the time over which the data was recorded. The data is represented using the SAX representation (symbollic aggregation approximation).
Data context:
The data was measured at 1 second intervals over a 5 minute period. This makes a total of 300 data points, which were then transformed into 10 segments of 30 data points each. The SAX representation was then applied to the segments with the following symbols: a, b, c, d, e, f, g, h, i, j, k, l, m, n, o, p, q, r, s, t, u, v, w, x, y, z. The following interventions are possible: reading temperature, reading system load, reading system error log, increasing Fan speed, end system processes, lower maximum processor usage, decrease room temperature. The minimum value is around 50°C, the maximum value around 100°C
Data:
{'10:22:21': 'c', '10:22:51': 'c', '10:23:21': 'c', '10:23:51': 'c', '10:24:21': 'c', '10:24:51': 'c', '10:25:21': 'c', '10:25:51': 'e', '10:26:21': 'g', '10:26:51': 'h'}
Desired output format:
Provide an analysis of the temperature trends and patterns. The response should be structured, starting with key observations, followed by explanations, and concluding with potential actions or recommendations to maintain optimal processor temperature. Generate a flow diagram in mermaid syntax, describing the necessary interventions for problem identification and fixing. Only use the interventions provided in the data_context.


-------------------------------------------

Answer:
### Analysis of Temperature Trends and Patterns

#### Key Observations:
1. **Stable Temperature (10:22:21 to 10:24:51):** The SAX representation shows a consistent 'c' symbol from 10:22:21 to 10:24:51, indicating stable temperature levels within this segment.
2. **Rising Temperature (10:25:21 to 10:26:51):** There is a noticeable increase in temperature, as indicated by the transition from 'e' at 10:25:21 to 'h' at 10:26:51. This suggests a gradual rise in temperature over this period.

#### Explanations:
- **Stable Temperature:** The consistent 'c' symbol suggests that the processor temperature was within a moderate range, neither too low nor too high, indicating efficient cooling and system performance during this period.
- **Rising Temperature:** The shift from 'e' to 'h' indicates a significant increase in temperature. This could be due to increased processor load, inadequate cooling, or environmental factors such as room temperature.

#### Potential Actions or Recommendations:
1. **Monitor System Load:** Check if there is an increase in system processes or load that could be causing the temperature rise.
2. **Increase Fan Speed:** If the temperature continues to rise, consider increasing the fan speed to enhance cooling.
3. **Read System Error Log:** Investigate any potential errors or warnings that might indicate hardware issues or software malfunctions.
4. **Lower Maximum Processor Usage:** If feasible, reduce the processor's maximum usage to prevent overheating.
5. **Decrease Room Temperature:** Ensure the ambient room temperature is optimal for cooling.

### Flow Diagram in Mermaid Syntax

```mermaid
graph TD
    A[Start] --> B{Temperature Stable?}
    B -- Yes --> C[Continue Monitoring]
    B -- No --> D{Temperature Rising?}
    D -- Yes --> E[Read System Load]
    E --> F{High Load?}
    F -- Yes --> G[Lower Maximum Processor Usage]
    F -- No --> H[Increase Fan Speed]
    H --> I{Temperature Decreased?}
    I -- Yes --> J[Continue Monitoring]
    I -- No --> K[Read System Error Log]
    K --> L{Errors Found?}
    L -- Yes --> M[Fix Errors]
    L -- No --> N[Decrease Room Temperature]
    N --> O{Temperature Decreased?}
    O -- Yes --> J
    O -- No --> P[End System Processes]
    P --> O
```

This flow diagram outlines the steps to identify and address the rising temperature issue, using the interventions provided.

-------------------------------------------

Execution time: 13.759673833847046 seconds

