Timestamp: HH-MM-SS   DD-MM-YYYY
           13:27:00   24-03-2025

-------------------------------------------

Model: gemma3:27b
--------------------------
Default
-------------------------------------------

Processor: Intel Core i9-14900K
RAM: 64 GB DDR5
GPU: NVIDIA GeForce RTX 4090 (24GB GDDR6X, 16384 CUDA Cores)
OS: Ubuntu 22.04

-------------------------------------------

Path: prompts/single/paasax/temperature_test.json
-------------------------------------------

Prompt: paasax
Task:
Analyze the following normalized temperature time series data of a processor. Refer to the time over which the data was recorded. The data is represented using the SAX representation (symbollic aggregation approximation).
Data context:
The data was measured at 1 second intervals over a 5 minute period. This makes a total of 300 data points, which were then transformed into 10 segments of 30 data points each. The SAX representation was then applied to the segments with the following symbols: a, b, c, d, e, f, g, h, i, j, k, l, m, n, o, p, q, r, s, t, u, v, w, x, y, z. The following interventions are possible: reading temperature, reading system load, reading system error log, increasing Fan speed, end system processes, lower maximum processor usage, decrease room temperature.
Data:
{'10:22:21': 'c', '10:22:51': 'c', '10:23:21': 'c', '10:23:51': 'c', '10:24:21': 'c', '10:24:51': 'c', '10:25:21': 'c', '10:25:51': 'e', '10:26:21': 'g', '10:26:51': 'h'}
Desired output format:
Provide an analysis of the temperature trends and patterns. The response should be structured, starting with key observations, followed by explanations, and concluding with potential actions or recommendations to maintain optimal processor temperature. Generate a flow diagram in mermaid syntax, describing the necessary interventions for problem identification and fixing. Only use the interventions provided in the data_context.


-------------------------------------------

Answer:
## Processor Temperature Analysis

**Key Observations:**

The temperature data shows a relatively stable temperature for the first 4 minutes (from 10:22:21 to 10:26:21), represented by the symbol 'c'. However, there's a clear upward trend in the last minute, transitioning from 'c' to 'e', then 'g', and finally 'h'. This indicates a consistent increase in processor temperature over time. The change in SAX symbols suggests a significant shift in the temperature range.

**Explanation:**

The initial stability ('c' symbol) suggests the cooling system was effectively managing the processor's heat generation. The subsequent increase in temperature, as indicated by the progression of SAX symbols ('e', 'g', 'h'), suggests that the heat generation is exceeding the cooling capacity. This could be due to several factors:

*   **Increased Processor Load:** The processor might be handling more demanding tasks, leading to higher heat output.
*   **Cooling System Degradation:** The fan might be slowing down, or there could be dust accumulation hindering heat dissipation.
*   **Environmental Factors:** An increase in room temperature could be reducing the effectiveness of the cooling system.
*   **Software Issues:** A runaway process or inefficient code could be causing the processor to work harder than necessary.

The fact that the temperature increase is *consistent* over the last minute suggests a sustained issue, rather than a temporary spike.

**Potential Actions/Recommendations:**

1.  **Read System Load:** Immediately check the processor's current load. High CPU usage would confirm increased processing demands.
2.  **Read Temperature:** Obtain the actual temperature readings to quantify the increase and determine if it's approaching critical levels.
3.  **Read System Error Log:** Check for any error messages related to hardware or software that might be contributing to the increased load or malfunctioning cooling.
4.  **Increase Fan Speed:** If the temperature is rising rapidly, increasing the fan speed is a quick way to improve heat dissipation.
5.  **Lower Maximum Processor Usage:** If high CPU usage is confirmed, consider limiting the maximum processor usage through power settings or task management.
6.  **Decrease Room Temperature:** If possible, lower the room temperature to improve the cooling system's efficiency.
7.  **End System Processes:** Identify and terminate any unnecessary processes consuming CPU resources.

**Mermaid Flow Diagram:**

```mermaid
graph TD
    A[Start: Observe Temperature Increase (c -> e -> g -> h)] --> B{Read System Load};
    B -- High Load --> C{Read System Error Log};
    B -- Normal Load --> D{Read Temperature};
    C -- Errors Found --> E[End System Processes];
    C -- No Errors --> D;
    D -- Temperature High --> F[Increase Fan Speed];
    D -- Temperature Normal --> G[Monitor Temperature];
    F --> G;
    E --> G;
    G --> H{Is Temperature Stable?};
    H -- Yes --> I[End];
    H -- No --> J{Decrease Room Temperature & Lower Maximum Processor Usage};
    J --> G;
```

**Explanation of Flow Diagram:**

1.  The process begins with observing a temperature increase based on the SAX symbols.
2.  The first step is to check the system load. If it's high, investigate the error logs for potential issues.
3.  If the load is normal, or after checking the error logs, read the actual temperature.
4.  If the temperature is high, increase the fan speed.
5.  Monitor the temperature after each intervention.
6.  If the temperature remains unstable, consider decreasing the room temperature and lowering the maximum processor usage.
7.  The process continues until the temperature stabilizes.


-------------------------------------------

Execution time: 25.379896879196167 seconds

