Timestamp: HH-MM-SS   DD-MM-YYYY
           14:57:13   14-04-2025

-------------------------------------------

Model: gemma3:27b
--------------------------
     mirostat      : 2
     mirostat_eta  : 0.5
     mirostat_tau  : 2.0
     num_ctx       : 8192
     repeat_last_n : 128
     repeat_penalty: 1.3
     temperature   : 0.1
     seed          : 7
     num_predict   : -1
     top_k         : 10
     top_p         : 0.5
     min_p         : 0.2

-------------------------------------------

Processor: Intel Core i9-14900K
RAM: 64 GB DDR5
GPU: NVIDIA GeForce RTX 4090 (24GB GDDR6X, 16384 CUDA Cores)
OS: Ubuntu 22.04

-------------------------------------------

Path: prompts/single/paasax/temperature_test.json
-------------------------------------------

Prompt: paasax
Task:
Analyze the following normalized temperature time series data of a processor. Refer to the time over which the data was recorded. The data is represented using the SAX representation (symbollic aggregation approximation).Data 1 context:
The temperature data in data_1 was measured at 1 second intervals over a 5 minute period. This makes a total of 300 data points, which were then transformed into 10 segments of 30 data points each. The SAX representation was then applied to the segments with the following symbols: a, b, c, d, e, f, g, h, i, j, k, l, m, n, o, p, q, r, s, t, u, v, w, x, y, z. The minimum value is around 50°C, the maximum value around 100°C.
Data 1:
{'14:30:09': 'c', '14:30:39': 'c', '14:31:09': 'c', '14:31:39': 'c', '14:32:09': 'c', '14:32:39': 'c', '14:33:09': 'c', '14:33:39': 'e', '14:34:09': 'g', '14:34:39': 'h'}
Data 2 context:
The processor-load data in data_2 was measured at 1 second intervals over a 5 minute period. This makes a total of 300 data points, which were then transformed into 10 segments of 30 data points each. The SAX representation was then applied to the segments with the following symbols: a, b, c, d, e, f, g, h, i, j, k, l, m, n, o, p, q, r, s, t, u, v, w, x, y, z. The minimum value is around 30% load, the maximum value around 80%.
Data 2:
{'14:30:09': 'b', '14:30:39': 'b', '14:31:09': 'b', '14:31:39': 'b', '14:32:09': 'h', '14:32:39': 'h', '14:33:09': 'g', '14:33:39': 'f', '14:34:09': 'd', '14:34:39': 'c'}
Data 3 context:
The fanspeed data in data_3 was measured at 1 second intervals over a 5 minute period. This makes a total of 300 data points, which were then transformed into 10 segments of 30 data points each. The SAX representation was then applied to the segments with the following symbols: a, b, c, d, e, f, g, h, i, j, k, l, m, n, o, p, q, r, s, t, u, v, w, x, y, z. The minimum value is around 1000 RPM, the maximum value around 8500 RPM.
Data 3:
{'14:30:09': 'c', '14:30:39': 'c', '14:31:09': 'c', '14:31:39': 'c', '14:32:09': 'h', '14:32:39': 'h', '14:33:09': 'f', '14:33:39': 'd', '14:34:09': 'b', '14:34:39': 'a'}

Desired output format:
Provide an analysis of the temperature trends and patterns depending on the processor load. The response should be structured, starting with key observations, followed by explanations, and concluding with potential actions or recommendations to maintain optimal processor temperature. Generate a flow diagram in mermaid syntax, describing the necessary interventions for problem identification and fixing. Only use the following interventions: reading temperature, reading system load, reading system error log, increasing Fan speed, end system processes, lower maximum processor usage, decrease room temperature.

-------------------------------------------

Answer:
## Processor Temperature, Load, and Fan Speed Analysis

Here's an analysis of the provided processor temperature, load, and fan speed data, focusing on trends, potential issues, and recommendations.

**Key Observations:**

* **Temperature (Data 1):** The temperature remains relatively stable at 'c' for the first four minutes. A slight increase is observed starting at 14:33:09, moving to 'e', 'g', and 'h'. This indicates a gradual temperature rise towards the end of the observed period.
* **Processor Load (Data 2):** The load is initially stable at 'b' for the first four minutes. It then decreases from 'h' to 'g', 'f', 'd', and 'c'. This suggests a decrease in processor utilization over time.
* **Fan Speed (Data 3):** The fan speed starts at 'c' and increases to 'h' before decreasing to 'f', 'd', 'b', and 'a'. This indicates an initial increase in fan speed followed by a significant decrease.

**Explanation:**

The initial stability of temperature and load suggests a consistent operating state. However, the temperature *increasing* while the load *decreases* is concerning. This suggests that the cooling system isn't effectively dissipating heat, even as the processor is doing less work. The fan speed initially increasing could be a response to the initial temperature stability, but the subsequent *decrease* in fan speed while the temperature rises is a critical issue. This could be due to a fan malfunction, a control system error, or insufficient airflow.

The fact that the temperature is rising *despite* decreasing load suggests a potential problem with the cooling system's ability to handle even moderate heat generation. The fan speed decreasing while the temperature rises is a clear indicator that the cooling system is not responding appropriately to the increasing heat.

**Potential Actions & Recommendations:**

1. **Immediate Action:** Monitor the temperature closely. If it continues to rise, the system needs to be shut down to prevent damage.
2. **Investigate Cooling System:**
    * **Check Fan Functionality:** Verify the fan is spinning and operating at the correct speed. Listen for unusual noises.
    * **Check Airflow:** Ensure there are no obstructions blocking airflow to or from the heatsink.
    * **Check Heatsink Contact:** Verify the heatsink is properly seated on the processor and making good contact.
3. **Software Investigation:**
    * **Monitor Processor Usage:** Use system monitoring tools to identify any processes that are unexpectedly consuming CPU resources.
    * **Check System Logs:** Examine system error logs for any messages related to cooling or hardware failures.
4. **Preventative Measures:**
    * **Optimize Software:** Reduce unnecessary background processes and optimize software to minimize CPU usage.
    * **Improve Room Ventilation:** Ensure the room has adequate ventilation to prevent heat buildup.
    * **Consider Heatsink Upgrade:** If the problem persists, consider upgrading to a more powerful heatsink.

**Mermaid Flow Diagram for Problem Identification and Fixing:**

```mermaid
graph TD
    A[Start] --> B{Read Temperature};
    B -- High Temp --> C{Read System Load};
    B -- Normal Temp --> Z[End];
    C -- High Load --> D{Read System Error Log};
    C -- Low Load --> E{Read System Error Log};
    D -- Error Found --> F{Fix Error};
    D -- No Error --> G{Increase Fan Speed};
    E -- Error Found --> F;
    E -- No Error --> H{Lower Maximum Processor Usage};
    F --> Z;
    G --> Z;
    H --> Z;
    I{Read Temperature} --> J{Is Temperature Still High?}
    J -- Yes --> K{End System Processes};
    J -- No --> Z;
    K --> Z;
    L{Decrease Room Temperature} --> Z;
```

**Explanation of Flow Diagram:**

1.  **Start:** The process begins.
2.  **Read Temperature:** The system temperature is monitored.
3.  **High Temp?**: If the temperature is high, proceed to check the load. If normal, end the process.
4.  **Read System Load:** The processor load is checked.
5.  **Read System Error Log:** Check for any errors in the system logs.
6.  **Fix Error:** If an error is found, fix it.
7.  **Increase Fan Speed:** If no error is found, increase the fan speed.
8.  **Lower Maximum Processor Usage:** If the temperature is still high, lower the maximum processor usage.
9.  **End System Processes:** If the temperature is still high, end system processes.
10. **Decrease Room Temperature:** If the temperature is still high, decrease the room temperature.
11. **End:** The process ends.

This analysis and flow diagram provide a structured approach to identifying and resolving potential overheating issues in the processor. Remember to prioritize safety and shut down the system if the temperature continues to rise uncontrollably.


-------------------------------------------

Execution time: 32.3225257396698 seconds

