Timestamp: HH-MM-SS   DD-MM-YYYY
           14:36:43   14-04-2025

-------------------------------------------

Model: phi4:14b
--------------------------
     mirostat      : 2
     mirostat_eta  : 0.5
     mirostat_tau  : 2.0
     num_ctx       : 8192
     repeat_last_n : 128
     repeat_penalty: 1.3
     temperature   : 0.1
     seed          : 7
     num_predict   : -1
     top_k         : 10
     top_p         : 0.5
     min_p         : 0.2

-------------------------------------------

Processor: Intel Core i9-14900K
RAM: 64 GB DDR5
GPU: NVIDIA GeForce RTX 4090 (24GB GDDR6X, 16384 CUDA Cores)
OS: Ubuntu 22.04

-------------------------------------------

Path: prompts/single/paasax/temperature_test.json
-------------------------------------------

Prompt: paasax
Task:
Analyze the following normalized temperature time series data of a processor. Refer to the time over which the data was recorded. The data is represented using the SAX representation (symbollic aggregation approximation).Data 1 context:
The temperature data in data_1 was measured at 1 second intervals over a 5 minute period. This makes a total of 300 data points, which were then transformed into 10 segments of 30 data points each. The SAX representation was then applied to the segments with the following symbols: a, b, c, d, e, f, g, h, i, j, k, l, m, n, o, p, q, r, s, t, u, v, w, x, y, z. The minimum value is around 50°C, the maximum value around 100°C.
Data 1:
{'14:30:09': 'c', '14:30:39': 'c', '14:31:09': 'c', '14:31:39': 'c', '14:32:09': 'c', '14:32:39': 'c', '14:33:09': 'c', '14:33:39': 'e', '14:34:09': 'g', '14:34:39': 'h'}
Data 2 context:
The processor-load data in data_2 was measured at 1 second intervals over a 5 minute period. This makes a total of 300 data points, which were then transformed into 10 segments of 30 data points each. The SAX representation was then applied to the segments with the following symbols: a, b, c, d, e, f, g, h, i, j, k, l, m, n, o, p, q, r, s, t, u, v, w, x, y, z. The minimum value is around 30% load, the maximum value around 80%.
Data 2:
{'14:30:09': 'b', '14:30:39': 'b', '14:31:09': 'b', '14:31:39': 'b', '14:32:09': 'h', '14:32:39': 'h', '14:33:09': 'g', '14:33:39': 'f', '14:34:09': 'd', '14:34:39': 'c'}
Data 3 context:
The fanspeed data in data_3 was measured at 1 second intervals over a 5 minute period. This makes a total of 300 data points, which were then transformed into 10 segments of 30 data points each. The SAX representation was then applied to the segments with the following symbols: a, b, c, d, e, f, g, h, i, j, k, l, m, n, o, p, q, r, s, t, u, v, w, x, y, z. The minimum value is around 1000 RPM, the maximum value around 8500 RPM.
Data 3:
{'14:30:09': 'c', '14:30:39': 'c', '14:31:09': 'c', '14:31:39': 'c', '14:32:09': 'h', '14:32:39': 'h', '14:33:09': 'f', '14:33:39': 'd', '14:34:09': 'b', '14:34:39': 'a'}

Desired output format:
Provide an analysis of the temperature trends and patterns depending on the processor load. The response should be structured, starting with key observations, followed by explanations, and concluding with potential actions or recommendations to maintain optimal processor temperature. Generate a flow diagram in mermaid syntax, describing the necessary interventions for problem identification and fixing. Only use the following interventions: reading temperature, reading system load, reading system error log, increasing Fan speed, end system processes, lower maximum processor usage, decrease room temperature.

-------------------------------------------

Answer:
### Analysis of Temperature Trends and Patterns

#### Key Observations:
1. **Temperature Stability and Increase:**
   - From 14:30:09 to 14:33:09, the temperature remains stable at 'c', indicating a consistent temperature range.
   - At 14:33:39, the temperature increases to 'e', and continues to rise to 'g' and 'h' by 14:34:39.

2. **Processor Load Trends:**
   - The processor load remains stable at 'b' from 14:30:09 to 14:31:39.
   - There is a significant increase to 'h' at 14:32:09, followed by a decrease to 'g', 'f', 'd', and 'c' by 14:34:39.

3. **Fan Speed Trends:**
   - The fan speed is stable at 'c' from 14:30:09 to 14:31:39.
   - It increases to 'h' at 14:32:09, then decreases to 'f', 'd', 'b', and 'a' by 14:34:39.

#### Explanations:
- **Correlation Between Load and Temperature:**
  - The increase in processor load from 'b' to 'h' at 14:32:09 correlates with the increase in temperature from 'c' to 'e' and beyond. This suggests that higher processor loads contribute to increased temperatures.

- **Fan Speed Response:**
  - The fan speed increases to 'h' at 14:32:09, likely as a response to the increased temperature and load. However, as the load decreases, the fan speed also decreases, which may not be sufficient to maintain optimal cooling if the temperature continues to rise.

#### Recommendations:
1. **Monitor and Adjust Fan Speed:**
   - Increase fan speed proactively when a rise in processor load is detected to prevent temperature spikes.

2. **Optimize Processor Load:**
   - Lower maximum processor usage during peak load times to prevent excessive temperature increases.

3. **Environmental Control:**
   - Decrease room temperature to aid in maintaining optimal processor temperatures.

4. **Process Management:**
   - End non-essential system processes during high load periods to reduce processor strain.

### Flow Diagram in Mermaid Syntax

```mermaid
graph TD
    A[Start] --> B{Read Temperature}
    B -->|High Temp| C[Increase Fan Speed]
    B -->|Normal Temp| D[Read System Load]
    D -->|High Load| E[Lower Max Processor Usage]
    D -->|Normal Load| F[Read System Error Log]
    C --> G{Check Temperature}
    E --> G
    F --> H{Check for Errors}
    G -->|High Temp| I[Increase Fan Speed]
    G -->|Normal Temp| J[End System Processes]
    H -->|Errors Found| K[End System Processes]
    H -->|No Errors| J
    I --> L[Read Temperature]
    J --> L
    L --> M{Check Temperature}
    M -->|High Temp| N[Increase Fan Speed]
    M -->|Normal Temp| O[End Process]
    N --> P[Read Temperature]
    P --> M
    O --> A
```

### Conclusion
By monitoring temperature, load, and fan speed, and making adjustments as necessary, optimal processor temperature can be maintained. Implementing proactive measures such as increasing fan speed and managing processor load will help prevent overheating and ensure efficient system performance.

-------------------------------------------

Execution time: 12.83474063873291 seconds

