Timestamp: HH-MM-SS   DD-MM-YYYY
           12:47:43   19-03-2025

-------------------------------------------

Model: gemma3:27b
--------------------------
     mirostat      : 2
     mirostat_eta  : 0.5
     mirostat_tau  : 2.0
     num_ctx       : 8192
     repeat_last_n : 128
     repeat_penalty: 1.3
     temperature   : 0.1
     seed          : 7
     num_predict   : -1
     top_k         : 10
     top_p         : 0.5
     min_p         : 0.2

-------------------------------------------

Processor: Intel Core i9-14900K
RAM: 64 GB DDR5
GPU: NVIDIA GeForce RTX 4090 (24GB GDDR6X, 16384 CUDA Cores)
OS: Ubuntu 22.04

-------------------------------------------

Path: paasax
-------------------------------------------

Prompt:
Task:
Analyze the following normalized temperature time series data of a processor. Refer to the time over which the data was recorded. The data is represented using the SAX representation (symbollic aggregation approximation).
Data context:
The data was measured at 1 second intervals over a 5 minute period. This makes a total of 300 data points, which were then transformed into 10 segments of 30 data points each. The SAX representation was then applied to the segments with the following symbols: a, b, c, d, e, f, g, h, i, j, k, l, m, n, o, p, q, r, s, t, u, v, w, x, y, z.
Data:
{'09:04:55': 'c', '09:05:25': 'c', '09:05:55': 'c', '09:06:25': 'c', '09:06:55': 'c', '09:07:25': 'c', '09:07:55': 'c', '09:08:25': 'e', '09:08:55': 'g', '09:09:25': 'h'}
Desired output format:
Provide an analysis of the temperature trends and patterns. The response should be structured, starting with key observations, followed by explanations, and concluding with potential actions or recommendations to maintain optimal processor temperature.


-------------------------------------------

Answer:
## Processor Temperature Analysis (SAX Data)

Here's an analysis of the provided processor temperature data, represented in SAX format.

**Key Observations:**

* **Initial Stability:** The temperature remains consistently at symbol 'c' for the first 7 time points (approximately the first 7 seconds). This indicates a stable, relatively low temperature during this initial period.
* **Gradual Increase:** From '09:08:25' onwards, the temperature begins to increase, transitioning from 'e' to 'g' and then to 'h'. This suggests a gradual rise in processor temperature.
* **Limited Data:** The provided data covers only the first 10 segments (10 seconds) of the 5-minute (300-second) recording.  Therefore, the analysis is limited to this initial period and cannot represent the full temperature behavior.

**Explanation:**

* **Stable Initial Temperature ('c'):** The consistent 'c' symbol suggests the processor was operating under a low load or in an idle state during the first 7 seconds.  The normalization process likely maps 'c' to a specific, lower range of the original temperature values.
* **Temperature Increase (e -> g -> h):** The transition to 'e', 'g', and then 'h' indicates the processor is starting to work harder. This could be due to the start of a demanding task, increased workload, or a change in operating conditions.  Each symbol represents a higher temperature range than the previous one, signifying a clear upward trend. The rate of increase appears to be accelerating, moving from 'e' to 'g' to 'h' in relatively quick succession.
* **SAX Representation:** The SAX representation simplifies the temperature data by grouping similar values into symbols. This allows for easier pattern recognition and anomaly detection, but it also means some detail is lost.  Understanding the mapping between symbols and actual temperature values is crucial for a more precise interpretation.

**Potential Actions & Recommendations:**

Given the limited data, the following are preliminary recommendations. A full 5-minute analysis would provide more robust insights.

* **Monitor Temperature Trend:** Continue monitoring the temperature data for the remaining 4 minutes and 50 seconds.  Pay close attention to whether the temperature continues to rise, plateaus, or decreases.
* **Investigate Workload:** Determine what processes were running on the processor during the observed temperature increase.  Identify any resource-intensive applications or tasks that might be contributing to the higher temperature.
* **Check Cooling System:** Verify that the processor's cooling system (fan, heatsink, liquid cooling) is functioning correctly. Ensure there is adequate airflow and that the heatsink is properly seated.
* **Consider Thermal Throttling:** If the temperature continues to rise significantly, the processor might be entering thermal throttling, reducing its performance to prevent overheating. Monitor processor performance alongside temperature.
* **Optimize Software:** If the temperature increase is due to software, consider optimizing the code or reducing the number of concurrent processes.
* **Review Environmental Conditions:** Ensure the processor is operating within its specified temperature range and that the ambient temperature is within acceptable limits.

**Further Analysis:**

To provide a more comprehensive analysis, the following would be beneficial:

* **Complete Dataset:** Access the full 300 data points (5 minutes) of the SAX representation.
* **Normalization Parameters:** Understand the parameters used for normalization (e.g., mean, standard deviation) and the mapping between SAX symbols and temperature ranges.
* **Contextual Information:**  Knowledge of the processor model, workload, and operating environment would help interpret the temperature trends more accurately.


-------------------------------------------

Execution time: 19.901660680770874 seconds

