Timestamp: HH-MM-SS   DD-MM-YYYY
           12:47:00   25-03-2025

-------------------------------------------

Model: gemma3:27b
--------------------------
Default
-------------------------------------------

Processor: Intel Core i9-14900K
RAM: 64 GB DDR5
GPU: NVIDIA GeForce RTX 4090 (24GB GDDR6X, 16384 CUDA Cores)
OS: Ubuntu 22.04

-------------------------------------------

Path: prompts/single/paasax/temperature_test.json
-------------------------------------------

Prompt: paasax
Task:
Analyze the following normalized temperature time series data of a processor. Refer to the time over which the data was recorded. The data is represented using the SAX representation (symbollic aggregation approximation).
Data 1 context:
The temperature data in data_1 was measured at 1 second intervals over a 5 minute period. This makes a total of 300 data points, which were then transformed into 10 segments of 30 data points each. The SAX representation was then applied to the segments with the following symbols: a, b, c, d, e, f, g, h, i, j, k, l, m, n, o, p, q, r, s, t, u, v, w, x, y, z.
Data 1:
{'10:22:22': 'c', '10:22:52': 'c', '10:23:22': 'c', '10:23:52': 'c', '10:24:22': 'c', '10:24:52': 'c', '10:25:22': 'd', '10:25:52': 'e', '10:26:22': 'g', '10:26:52': 'h'}
Data 2 context:
The processor-load data in data_2 was measured at 1 second intervals over a 5 minute period. This makes a total of 300 data points, which were then transformed into 10 segments of 30 data points each. The SAX representation was then applied to the segments with the following symbols: a, b, c, d, e, f, g, h, i, j, k, l, m, n, o, p, q, r, s, t, u, v, w, x, y, z.
Data 2:
{'10:22:22': 'b', '10:22:52': 'b', '10:23:22': 'b', '10:23:52': 'b', '10:24:22': 'h', '10:24:52': 'h', '10:25:22': 'g', '10:25:52': 'f', '10:26:22': 'd', '10:26:52': 'b'}
Desired output format:
Provide an analysis of the temperature trends and patterns depending on the processor load. The response should be structured, starting with key observations, followed by explanations, and concluding with potential actions or recommendations to maintain optimal processor temperature. Generate a flow diagram in mermaid syntax, describing the necessary interventions for problem identification and fixing. Only use the following interventions: reading temperature, reading system load, reading system error log, increasing Fan speed, end system processes, lower maximum processor usage, decrease room temperature.


-------------------------------------------

Answer:
## Processor Temperature and Load Analysis

Here's an analysis of the provided processor temperature and load data, focusing on trends, patterns, and recommendations.

**Key Observations:**

* **Data 1 (Temperature):** The temperature remains relatively stable at 'c' for the first 60 seconds (10:22:22 to 10:24:52).  It then begins to increase, moving from 'd' at 10:25:22, to 'e' at 10:25:52, 'g' at 10:26:22, and finally 'h' at 10:26:52. This indicates a clear upward trend in temperature over the observed period.
* **Data 2 (Load):** The load remains stable at 'b' for the first 60 seconds (10:22:22 to 10:24:52). It then increases to 'h' at 10:24:52, then decreases to 'g' at 10:25:22, 'f' at 10:25:52, and finally 'd' at 10:26:22, before decreasing to 'b' at 10:26:52. This indicates a fluctuating load with an initial increase followed by a decrease.
* **Correlation:** There's a potential correlation between the load and temperature. The temperature starts to increase *after* the load begins to rise. The temperature continues to increase while the load is high, and begins to stabilize as the load decreases.

**Explanation:**

The observed temperature increase is likely a direct consequence of increased processor load.  When the processor is under heavier load, it consumes more power and generates more heat. The SAX representation simplifies the data, but the progression from 'c' to 'h' in Data 1 clearly indicates a significant temperature rise.

The initial stability of both temperature and load suggests a baseline operating state. The subsequent increase in load likely triggered the temperature increase. The fact that the temperature doesn't immediately decrease when the load starts to fall suggests some thermal inertia – the processor retains heat for a short period even after the load is reduced.

**Potential Actions & Recommendations:**

1. **Monitor Temperature & Load:** Continuous monitoring of both temperature and processor load is crucial.  Establishing baseline values and setting thresholds for acceptable temperature ranges will help identify potential issues early on.
2. **Investigate High Load Periods:**  Determine what processes or applications are causing the increased load.  Optimize these processes or consider alternative solutions if possible.
3. **Improve Cooling:** If the temperature consistently reaches or exceeds acceptable thresholds, consider improving the cooling system. This could involve:
    *   Increasing fan speed.
    *   Ensuring adequate airflow around the processor.
    *   Lowering maximum processor usage through software settings.
    *   Decreasing room temperature.
4. **Check for Errors:** Review system error logs for any indications of hardware or software problems that might be contributing to the increased load or temperature.
5. **Process Management:** If specific processes are consistently causing high load, consider ending them or reducing their priority.

**Mermaid Flow Diagram for Problem Identification and Fixing:**

```mermaid
graph TD
    A[Start] --> B{Read Temperature};
    B -- High Temp? --> C{Read System Load};
    B -- Normal Temp --> Z[End];
    C -- High Load? --> D{Read System Error Log};
    C -- Normal Load --> Z;
    D -- Errors Found? --> E[Fix Errors];
    D -- No Errors --> F{Increase Fan Speed};
    E --> Z;
    F --> G{Check Temperature};
    G -- High Temp? --> H[Lower Maximum Processor Usage];
    G -- Normal Temp --> Z;
    H --> Z;
    Z[End];
    subgraph Alternative Actions
        I[End System Processes]
        J[Decrease Room Temperature]
    end
    F --> I
    F --> J
```

**Explanation of Flow Diagram:**

1.  **Start:** The process begins.
2.  **Read Temperature:** The current processor temperature is read.
3.  **High Temp?:** A decision is made based on whether the temperature exceeds a predefined threshold.
4.  **Read System Load:** If the temperature is high, the system load is read.
5.  **High Load?:** A decision is made based on whether the load exceeds a predefined threshold.
6.  **Read System Error Log:** If the load is high, the system error log is checked for potential issues.
7.  **Fix Errors:** If errors are found, they are fixed.
8.  **Increase Fan Speed:** If no errors are found, the fan speed is increased.
9.  **Check Temperature:** The temperature is checked again after increasing the fan speed.
10. **Lower Maximum Processor Usage:** If the temperature remains high, the maximum processor usage is lowered.
11. **End System Processes/Decrease Room Temperature:** These are alternative actions that can be taken alongside or instead of increasing fan speed or lowering maximum processor usage.
12. **End:** The process ends.


-------------------------------------------

Execution time: 33.57668972015381 seconds

