Timestamp: HH-MM-SS   DD-MM-YYYY
           10:41:22   19-03-2025

-------------------------------------------

Model: gemma3:27b
--------------------------
     mirostat      : 2
     mirostat_eta  : 0.5
     mirostat_tau  : 2.0
     num_ctx       : 8192
     repeat_last_n : 128
     repeat_penalty: 1.3
     temperature   : 0.1
     seed          : 7
     num_predict   : -1
     top_k         : 10
     top_p         : 0.5
     min_p         : 0.2

-------------------------------------------

Processor: Intel Core i9-14900K
RAM: 64 GB DDR5
GPU: NVIDIA GeForce RTX 4090 (24GB GDDR6X, 16384 CUDA Cores)
OS: Ubuntu 22.04

-------------------------------------------

Path: rounded
-------------------------------------------

Prompt:
Task:
Analyze the following temperature time series data of a processor. Refer to the time over which the data was recorded.
Data context:
The data was measured at 1 second intervals over a 5 minute period. This makes a total of 300 data points.
Data:
{'09:04:55': 52.0, '09:04:56': 50.0, '09:04:57': 51.0, '09:04:58': 50.0, '09:04:59': 50.0, '09:05:00': 50.0, '09:05:01': 50.0, '09:05:02': 50.0, '09:05:03': 50.0, '09:05:04': 50.0, '09:05:05': 50.0, '09:05:06': 51.0, '09:05:07': 48.0, '09:05:08': 49.0, '09:05:09': 50.0, '09:05:10': 51.0, '09:05:11': 49.0, '09:05:12': 50.0, '09:05:13': 49.0, '09:05:14': 50.0, '09:05:15': 50.0, '09:05:16': 49.0, '09:05:17': 50.0, '09:05:18': 49.0, '09:05:19': 48.0, '09:05:20': 49.0, '09:05:21': 50.0, '09:05:22': 49.0, '09:05:23': 51.0, '09:05:24': 50.0, '09:05:25': 51.0, '09:05:26': 51.0, '09:05:27': 50.0, '09:05:28': 50.0, '09:05:29': 52.0, '09:05:30': 51.0, '09:05:31': 51.0, '09:05:32': 50.0, '09:05:33': 51.0, '09:05:34': 50.0, '09:05:35': 50.0, '09:05:36': 50.0, '09:05:37': 50.0, '09:05:38': 50.0, '09:05:39': 50.0, '09:05:40': 49.0, '09:05:41': 50.0, '09:05:42': 50.0, '09:05:43': 51.0, '09:05:44': 50.0, '09:05:45': 49.0, '09:05:46': 51.0, '09:05:47': 50.0, '09:05:48': 49.0, '09:05:49': 49.0, '09:05:50': 51.0, '09:05:51': 50.0, '09:05:52': 50.0, '09:05:53': 49.0, '09:05:54': 50.0, '09:05:55': 50.0, '09:05:56': 50.0, '09:05:57': 49.0, '09:05:58': 50.0, '09:05:59': 51.0, '09:06:00': 52.0, '09:06:01': 51.0, '09:06:02': 50.0, '09:06:03': 49.0, '09:06:04': 50.0, '09:06:05': 50.0, '09:06:06': 49.0, '09:06:07': 50.0, '09:06:08': 51.0, '09:06:09': 50.0, '09:06:10': 49.0, '09:06:11': 49.0, '09:06:12': 49.0, '09:06:13': 50.0, '09:06:14': 50.0, '09:06:15': 50.0, '09:06:16': 49.0, '09:06:17': 50.0, '09:06:18': 50.0, '09:06:19': 50.0, '09:06:20': 51.0, '09:06:21': 49.0, '09:06:22': 50.0, '09:06:23': 50.0, '09:06:24': 50.0, '09:06:25': 50.0, '09:06:26': 50.0, '09:06:27': 50.0, '09:06:28': 50.0, '09:06:29': 50.0, '09:06:30': 51.0, '09:06:31': 50.0, '09:06:32': 50.0, '09:06:33': 49.0, '09:06:34': 49.0, '09:06:35': 50.0, '09:06:36': 49.0, '09:06:37': 49.0, '09:06:38': 51.0, '09:06:39': 49.0, '09:06:40': 50.0, '09:06:41': 52.0, '09:06:42': 50.0, '09:06:43': 51.0, '09:06:44': 51.0, '09:06:45': 50.0, '09:06:46': 50.0, '09:06:47': 50.0, '09:06:48': 50.0, '09:06:49': 51.0, '09:06:50': 49.0, '09:06:51': 51.0, '09:06:52': 50.0, '09:06:53': 50.0, '09:06:54': 50.0, '09:06:55': 45.0, '09:06:56': 46.0, '09:06:57': 52.0, '09:06:58': 43.0, '09:06:59': 55.0, '09:07:00': 54.0, '09:07:01': 48.0, '09:07:02': 55.0, '09:07:03': 44.0, '09:07:04': 53.0, '09:07:05': 47.0, '09:07:06': 45.0, '09:07:07': 47.0, '09:07:08': 54.0, '09:07:09': 46.0, '09:07:10': 52.0, '09:07:11': 46.0, '09:07:12': 51.0, '09:07:13': 44.0, '09:07:14': 44.0, '09:07:15': 47.0, '09:07:16': 53.0, '09:07:17': 53.0, '09:07:18': 52.0, '09:07:19': 52.0, '09:07:20': 50.0, '09:07:21': 55.0, '09:07:22': 53.0, '09:07:23': 49.0, '09:07:24': 47.0, '09:07:25': 48.0, '09:07:26': 56.0, '09:07:27': 56.0, '09:07:28': 53.0, '09:07:29': 47.0, '09:07:30': 55.0, '09:07:31': 52.0, '09:07:32': 47.0, '09:07:33': 44.0, '09:07:34': 51.0, '09:07:35': 50.0, '09:07:36': 45.0, '09:07:37': 54.0, '09:07:38': 60.0, '09:07:39': 44.0, '09:07:40': 47.0, '09:07:41': 52.0, '09:07:42': 49.0, '09:07:43': 50.0, '09:07:44': 51.0, '09:07:45': 43.0, '09:07:46': 49.0, '09:07:47': 56.0, '09:07:48': 54.0, '09:07:49': 44.0, '09:07:50': 50.0, '09:07:51': 48.0, '09:07:52': 55.0, '09:07:53': 48.0, '09:07:54': 46.0, '09:07:55': 54.0, '09:07:56': 55.0, '09:07:57': 46.0, '09:07:58': 50.0, '09:07:59': 53.0, '09:08:00': 48.0, '09:08:01': 47.0, '09:08:02': 54.0, '09:08:03': 46.0, '09:08:04': 57.0, '09:08:05': 53.0, '09:08:06': 56.0, '09:08:07': 47.0, '09:08:08': 51.0, '09:08:09': 49.0, '09:08:10': 55.0, '09:08:11': 45.0, '09:08:12': 47.0, '09:08:13': 47.0, '09:08:14': 53.0, '09:08:15': 53.0, '09:08:16': 53.0, '09:08:17': 56.0, '09:08:18': 47.0, '09:08:19': 48.0, '09:08:20': 56.0, '09:08:21': 52.0, '09:08:22': 50.0, '09:08:23': 57.0, '09:08:24': 52.0, '09:08:25': 52.0, '09:08:26': 50.0, '09:08:27': 54.0, '09:08:28': 61.0, '09:08:29': 48.0, '09:08:30': 59.0, '09:08:31': 47.0, '09:08:32': 59.0, '09:08:33': 53.0, '09:08:34': 58.0, '09:08:35': 53.0, '09:08:36': 55.0, '09:08:37': 52.0, '09:08:38': 50.0, '09:08:39': 60.0, '09:08:40': 57.0, '09:08:41': 58.0, '09:08:42': 62.0, '09:08:43': 62.0, '09:08:44': 60.0, '09:08:45': 61.0, '09:08:46': 60.0, '09:08:47': 60.0, '09:08:48': 65.0, '09:08:49': 60.0, '09:08:50': 64.0, '09:08:51': 61.0, '09:08:52': 58.0, '09:08:53': 66.0, '09:08:54': 72.0, '09:08:55': 69.0, '09:08:56': 66.0, '09:08:57': 56.0, '09:08:58': 77.0, '09:08:59': 60.0, '09:09:00': 63.0, '09:09:01': 67.0, '09:09:02': 64.0, '09:09:03': 72.0, '09:09:04': 80.0, '09:09:05': 64.0, '09:09:06': 65.0, '09:09:07': 64.0, '09:09:08': 69.0, '09:09:09': 64.0, '09:09:10': 62.0, '09:09:11': 63.0, '09:09:12': 71.0, '09:09:13': 70.0, '09:09:14': 76.0, '09:09:15': 73.0, '09:09:16': 67.0, '09:09:17': 70.0, '09:09:18': 72.0, '09:09:19': 81.0, '09:09:20': 71.0, '09:09:21': 72.0, '09:09:22': 80.0, '09:09:23': 80.0, '09:09:24': 79.0, '09:09:25': 76.0, '09:09:26': 82.0, '09:09:27': 78.0, '09:09:28': 75.0, '09:09:29': 82.0, '09:09:30': 73.0, '09:09:31': 79.0, '09:09:32': 82.0, '09:09:33': 83.0, '09:09:34': 79.0, '09:09:35': 82.0, '09:09:36': 77.0, '09:09:37': 79.0, '09:09:38': 86.0, '09:09:39': 83.0, '09:09:40': 86.0, '09:09:41': 89.0, '09:09:42': 77.0, '09:09:43': 90.0, '09:09:44': 89.0, '09:09:45': 85.0, '09:09:46': 87.0, '09:09:47': 88.0, '09:09:48': 92.0, '09:09:49': 93.0, '09:09:50': 93.0, '09:09:51': 91.0, '09:09:52': 93.0, '09:09:53': 97.0, '09:09:54': 98.0}
Desired output format:
Provide an analysis of the temperature trends and patterns. The response should be structured, starting with key observations, followed by explanations, and concluding with potential actions or recommendations to maintain optimal processor temperature.


-------------------------------------------

Answer:
## Processor Temperature Analysis (5-Minute Period)

Here's an analysis of the provided processor temperature data, covering key observations, explanations, and recommendations.

**1. Key Observations:**

* **Initial Stability (09:04:55 - 09:05:30):** The temperature starts around 52°C and remains relatively stable, fluctuating between 48°C and 52°C for the first 30 seconds.
* **Gradual Increase (09:05:30 - 09:06:30):** A slow but consistent increase in temperature is observed, reaching around 53°C.
* **Significant Fluctuations (09:06:30 - 09:07:30):**  The temperature becomes more volatile, with larger swings between approximately 43°C and 56°C. This period shows a clear pattern of temperature spikes and dips.
* **Escalating Temperatures (09:07:30 - 09:09:00):** The temperature continues to rise, with the fluctuations becoming more pronounced. The temperature reaches a peak around 80°C.
* **High Temperature Plateau & Continued Spikes (09:09:00 - 09:09:54):** The temperature remains high, consistently above 70°C, with several spikes reaching up to 98°C. This is a critical area of concern.

**2. Explanations & Potential Causes:**

* **Initial Stability:** This likely represents the processor at idle or under a very light load. The temperature is within a normal operating range.
* **Gradual Increase:**  As the processor begins to handle more tasks or a more demanding workload, it generates more heat, leading to the gradual temperature increase.
* **Significant Fluctuations:** These fluctuations suggest that the processor is experiencing varying levels of load.  Possible causes include:
    * **Background Processes:**  Scheduled tasks, system updates, or other background processes could be intermittently demanding processor resources.
    * **Application Load:**  A program might be intermittently performing intensive calculations or accessing large amounts of data.
    * **Thermal Throttling:** The processor might be attempting to regulate its temperature by reducing its clock speed (thermal throttling). This would cause a temporary drop in temperature, followed by a return to higher temperatures as the workload resumes.
* **Escalating Temperatures & High Plateau:** The sustained high temperatures indicate a significant and prolonged load on the processor. This could be due to:
    * **Resource-Intensive Application:** A demanding application (e.g., video editing, gaming, scientific simulation) is running.
    * **Malware/Cryptomining:**  Malicious software could be utilizing the processor's resources without the user's knowledge.
    * **Cooling System Issues:** The cooling system (fan, heatsink, liquid cooling) might be malfunctioning or inadequate for the current workload. Dust accumulation, fan failure, or pump issues could all contribute to overheating.
    * **Overclocking:** If the processor is overclocked, it generates more heat and requires a more robust cooling solution.

**3. Recommendations & Potential Actions:**

* **Investigate Resource Usage:** Use Task Manager (Windows) or Activity Monitor (macOS) to identify the processes consuming the most CPU resources.  Determine if any unexpected or unauthorized programs are running.
* **Monitor Cooling System:**
    * **Check Fan Operation:** Ensure the processor fan is spinning and functioning correctly.
    * **Inspect Heatsink:** Verify the heatsink is properly attached to the processor and free of dust.
    * **Liquid Cooling Check:** If using liquid cooling, check the pump is functioning and the coolant level is adequate.
* **Optimize Software:** Close unnecessary applications and background processes. Update software to the latest versions, as updates often include performance improvements.
* **Scan for Malware:** Run a full system scan with a reputable antivirus/antimalware program.
* **Review Overclocking Settings:** If the processor is overclocked, consider reducing the clock speed or reverting to the default settings.
* **Improve Case Airflow:** Ensure the computer case has adequate airflow to dissipate heat. Add additional fans or rearrange components to improve ventilation.
* **Thermal Paste Reapplication:** If the processor is consistently overheating, consider reapplying thermal paste to the heatsink. This can improve heat transfer between the processor and the heatsink.
* **Consider Hardware Upgrade:** If the processor is consistently overheating even after implementing the above measures, consider upgrading the cooling system or the processor itself.

**Critical Alert:** The temperatures exceeding 80°C are concerning and could potentially damage the processor over time. Immediate action should be taken to identify the cause of the overheating and implement corrective measures.  Prolonged exposure to high temperatures can lead to performance degradation and permanent hardware failure.


-------------------------------------------

Execution time: 30.213526964187622 seconds

