Timestamp: HH-MM-SS   DD-MM-YYYY
           16:17:21   24-03-2025

-------------------------------------------

Model: phi4:14b
--------------------------
Default
-------------------------------------------

Processor: Intel Core i9-14900K
RAM: 64 GB DDR5
GPU: NVIDIA GeForce RTX 4090 (24GB GDDR6X, 16384 CUDA Cores)
OS: Ubuntu 22.04

-------------------------------------------

Path: prompts/single/paasax/temperature_test.json
-------------------------------------------

Prompt: paasax
Task:
Analyze the following normalized temperature time series data of a processor. Refer to the time over which the data was recorded. The data is represented using the SAX representation (symbollic aggregation approximation).
Data 1 context:
The temperature data in data_1 was measured at 1 second intervals over a 5 minute period. This makes a total of 300 data points, which were then transformed into 10 segments of 30 data points each. The SAX representation was then applied to the segments with the following symbols: a, b, c, d, e, f, g, h, i, j, k, l, m, n, o, p, q, r, s, t, u, v, w, x, y, z.
Data 1:
{'10:22:22': 'c', '10:22:52': 'c', '10:23:22': 'c', '10:23:52': 'c', '10:24:22': 'c', '10:24:52': 'c', '10:25:22': 'd', '10:25:52': 'e', '10:26:22': 'g', '10:26:52': 'h'}
Data 2 context:
The processor-load data in data_2 was measured at 1 second intervals over a 5 minute period. This makes a total of 300 data points, which were then transformed into 10 segments of 30 data points each. The SAX representation was then applied to the segments with the following symbols: a, b, c, d, e, f, g, h, i, j, k, l, m, n, o, p, q, r, s, t, u, v, w, x, y, z.
Data 2:
{'10:22:22': 'b', '10:22:52': 'b', '10:23:22': 'b', '10:23:52': 'b', '10:24:22': 'h', '10:24:52': 'h', '10:25:22': 'g', '10:25:52': 'f', '10:26:22': 'd', '10:26:52': 'b'}
Desired output format:
Provide an analysis of the temperature trends and patterns depending on the processor load. The response should be structured, starting with key observations, followed by explanations, and concluding with potential actions or recommendations to maintain optimal processor temperature. Generate a flow diagram in mermaid syntax, describing the necessary interventions for problem identification and fixing. Only use the following interventions: reading temperature, reading system load, reading system error log, increasing Fan speed, end system processes, lower maximum processor usage, decrease room temperature.


-------------------------------------------

Answer:
### Analysis of Temperature Trends and Patterns

#### Key Observations:

1. **Temperature Stability**: From 10:22 to 10:24:52, the temperature symbol remains constant at 'c', indicating stable temperature conditions during this period.

2. **Temperature Increase**: At 10:25:22, there is a slight increase in temperature represented by the transition from 'c' to 'd'. This trend continues, reaching 'e' and then 'g' and 'h' at subsequent timestamps, suggesting a gradual increase in processor temperature over time.

3. **Processor Load Variation**: The processor load shows more variability compared to temperature. It starts with a stable low symbol 'b', jumps to a high symbol 'h' at 10:24:22, then decreases through 'g', 'f', and back to lower symbols by 10:26:52.

#### Explanations:

- The initial stability in both temperature ('c') and load ('b') suggests that the processor was under minimal stress during this period.
- The sudden increase in temperature at 10:25:22, followed by an increase in load symbol from 'h' to lower symbols, indicates a possible correlation between high processor load and increased temperature. This is supported by the subsequent decrease in both temperature and load symbols towards the end of the observation period.

#### Potential Actions or Recommendations:

1. **Monitor Trends**: Continuous monitoring of temperature and load trends can help identify patterns that lead to overheating.
2. **Adjust Fan Speed**: If a consistent increase in temperature is observed, consider increasing fan speed as an immediate measure to enhance cooling.
3. **Optimize Processes**: Review and optimize running processes to lower maximum processor usage, especially if high load correlates with increased temperatures.
4. **Environmental Control**: In cases where external factors contribute to overheating, decreasing room temperature might be necessary.

### Flow Diagram in Mermaid Syntax

```mermaid
graph TD;
    A[Start] --> B{Read Temperature};
    B -->|Stable or Below Threshold| D[End Monitoring];
    B -->|Above Threshold| E{Read System Load};
    E -->|High Load| F[Increase Fan Speed];
    E -->|Normal Load| G{Read System Error Log};
    G -->|Errors Found| H[End System Processes];
    G -->|No Errors| I[Lose Maximum Processor Usage];
    F --> J[Re-evaluate Temperature];
    H --> J;
    I --> J;
    J --> K{Is Temperature Below Threshold?};
    K -->|Yes| D;
    K -->|No| L[Decrease Room Temperature];
    L --> J;
```

This flow diagram outlines a structured approach to identifying and addressing processor overheating issues. It starts with reading the temperature, followed by decision branches based on the readings of system load, error logs, and subsequent actions like increasing fan speed or ending processes. The cycle continues until the temperature is maintained below the threshold, ensuring optimal processor performance and longevity.

-------------------------------------------

Execution time: 10.158623695373535 seconds

