Timestamp: HH-MM-SS   DD-MM-YYYY
           11:39:32   24-03-2025

-------------------------------------------

Model: phi4:14b
--------------------------
     mirostat      : 2
     mirostat_eta  : 0.5
     mirostat_tau  : 2.0
     num_ctx       : 8192
     repeat_last_n : 128
     repeat_penalty: 1.3
     temperature   : 0.1
     seed          : 7
     num_predict   : -1
     top_k         : 10
     top_p         : 0.5
     min_p         : 0.2

-------------------------------------------

Processor: Intel Core i9-14900K
RAM: 64 GB DDR5
GPU: NVIDIA GeForce RTX 4090 (24GB GDDR6X, 16384 CUDA Cores)
OS: Ubuntu 22.04

-------------------------------------------

Path: prompts/single/paasax/temperature_test.json
-------------------------------------------

Prompt: rounded
Task:
Identify the underlying pattern of the following number series.
Data context:
The data only consists of every third value of the number series (1st, 4th, 7th, 10th...). It is one of the following series: even numbers, odd numbers, prime numbers, square numbers, series of values from the harmonic oscillator.
Data:
{'10:22:21': 0, '10:22:24': 6, '10:22:27': 12, '10:22:30': 18, '10:22:33': 24, '10:22:36': 30, '10:22:39': 36, '10:22:42': 42, '10:22:45': 48, '10:22:48': 54}
Desired output format:
Decide which of the series named in data_context is present, name the series and complete the series up to the maximum value in the data, with matching timestamps, fill in the missing values, and return only a Python Dictionairy with the complete series of numbers and timestamps, without code.


-------------------------------------------

Answer:
The given data consists of every third value of a number series, and the values are: 0, 6, 12, 18, 24, 30, 36, 42, 48, 54. Observing these values, we can see that they form an arithmetic sequence with a common difference of 6. This pattern suggests that the series is a sequence of multiples of 6, which are even numbers.

To complete the series up to the maximum value (54) with matching timestamps, we need to fill in the missing values for every third value in the original series. The timestamps provided are in the format '10:22:21', '10:22:24', etc., increasing by 3 seconds each time.

Here is the complete series with all values and timestamps:

```python
{
    '10:22:21': 0,
    '10:22:22': 2,
    '10:22:23': 4,
    '10:22:24': 6,
    '10:22:25': 8,
    '10:22:26': 10,
    '10:22:27': 12,
    '10:22:28': 14,
    '10:22:29': 16,
    '10:22:30': 18,
    '10:22:31': 20,
    '10:22:32': 22,
    '10:22:33': 24,
    '10:22:34': 26,
    '10:22:35': 28,
    '10:22:36': 30,
    '10:22:37': 32,
    '10:22:38': 34,
    '10:22:39': 36,
    '10:22:40': 38,
    '10:22:41': 40,
    '10:22:42': 42,
    '10:22:43': 44,
    '10:22:44': 46,
    '10:22:45': 48,
    '10:22:46': 50,
    '10:22:47': 52,
    '10:22:48': 54
}
```

The series is identified as the sequence of even numbers.

-------------------------------------------

Execution time: 12.079505443572998 seconds

