Timestamp: HH-MM-SS   DD-MM-YYYY
           10:39:25   19-03-2025

-------------------------------------------

Model: gemma3:27b
--------------------------
     mirostat      : 2
     mirostat_eta  : 0.5
     mirostat_tau  : 2.0
     num_ctx       : 8192
     repeat_last_n : 128
     repeat_penalty: 1.3
     temperature   : 0.1
     seed          : 7
     num_predict   : -1
     top_k         : 10
     top_p         : 0.5
     min_p         : 0.2

-------------------------------------------

Processor: Intel Core i9-14900K
RAM: 64 GB DDR5
GPU: NVIDIA GeForce RTX 4090 (24GB GDDR6X, 16384 CUDA Cores)
OS: Ubuntu 22.04

-------------------------------------------

Path: rounded
-------------------------------------------

Prompt:
Task:
Analyze the given time-series data, identify any trends, patterns, or anomalies, and provide insights into the nature of the dataset.
Data context:
None
Data:
{'09:04:55': 22.0, '09:05:55': 47.0, '09:06:55': 39.0, '09:07:55': 0.0, '09:08:55': 3.0, '09:09:55': 39.0, '09:10:55': 64.0, '09:11:55': 68.0, '09:12:55': 38.0, '09:13:55': 71.0, '09:14:55': 9.0, '09:15:55': 9.0, '09:16:55': 27.0, '09:17:55': 85.0, '09:18:55': 77.0, '09:19:55': 10.0, '09:20:55': 26.0, '09:21:55': 74.0, '09:22:55': 71.0, '09:23:55': 51.0, '09:24:55': 51.0, '09:25:55': 94.0, '09:26:55': 63.0, '09:27:55': 81.0, '09:28:55': 44.0, '09:29:55': 73.0, '09:30:55': 74.0, '09:31:55': 96.0, '09:32:55': 85.0, '09:33:55': 43.0, '09:34:55': 64.0, '09:35:55': 31.0, '09:36:55': 61.0, '09:37:55': 25.0, '09:38:55': 5.0, '09:39:55': 87.0, '09:40:55': 36.0, '09:41:55': 35.0, '09:42:55': 20.0, '09:43:55': 58.0, '09:44:55': 47.0, '09:45:55': 60.0, '09:46:55': 82.0, '09:47:55': 70.0, '09:48:55': 38.0, '09:49:55': 78.0, '09:50:55': 47.0, '09:51:55': 13.0, '09:52:55': 50.0, '09:53:55': 16.0, '09:54:55': 49.0, '09:55:55': 78.0, '09:56:55': 93.0, '09:57:55': 89.0, '09:58:55': 33.0, '09:59:55': 54.0, '10:00:55': 30.0, '10:01:55': 76.0, '10:02:55': 31.0, '10:03:55': 32.0, '10:04:55': 66.0, '10:05:55': 93.0, '10:06:55': 23.0, '10:07:55': 73.0, '10:08:55': 47.0, '10:09:55': 95.0, '10:10:55': 48.0, '10:11:55': 7.0, '10:12:55': 28.0, '10:13:55': 33.0, '10:14:55': 30.0, '10:15:55': 76.0, '10:16:55': 95.0}
Desired output format:
Provide a structured and time-based analysis of the time series data. Find trends, fluctuations or anomalies.


-------------------------------------------

Answer:
## Time Series Data Analysis: 09:04:55 - 10:16:55

Here's an analysis of the provided time series data, looking for trends, patterns, and anomalies.

**1. Overview & Data Characteristics:**

*   **Time Span:** The data covers approximately 1 hour and 12 minutes, from 09:04:55 to 10:16:55.
*   **Data Type:** The data represents a numerical time series, with timestamps as the index and numerical values as the measurements.
*   **Range:** The values range from 0.0 to 96.0.
*   **Frequency:** The data appears to be sampled at roughly one-minute intervals.

**2. Trend Analysis:**

*   **No Clear Overall Trend:**  There isn't a consistent upward or downward trend across the entire time series. The data fluctuates significantly.
*   **Initial Increase (09:04:55 - 09:11:55):** The data starts at 22.0 and generally increases to around 68.0 within the first 7 minutes.
*   **Volatility:** The data is highly volatile, with frequent and substantial changes in value.

**3. Pattern Identification & Segmentation:**

We can break down the data into segments based on observed behavior:

*   **Segment 1: 09:04:55 - 09:11:55 (Increasing):**  Values increase from 22.0 to 68.0.
*   **Segment 2: 09:11:55 - 09:17:55 (High & Fluctuating):** Values remain relatively high (38-85) with significant swings.
*   **Segment 3: 09:17:55 - 09:25:55 (Fluctuating with Peaks):**  Values continue to fluctuate, with peaks around 74, 94.
*   **Segment 4: 09:25:55 - 09:35:55 (Decreasing & Moderate):** A slight decrease in values, generally staying between 31 and 81.
*   **Segment 5: 09:35:55 - 09:40:55 (Moderate & Fluctuating):** Values fluctuate between 5 and 87.
*   **Segment 6: 09:40:55 - 09:50:55 (Moderate & Fluctuating):** Values fluctuate between 20 and 78.
*   **Segment 7: 09:50:55 - 10:00:55 (Moderate & Fluctuating):** Values fluctuate between 7 and 93.
*   **Segment 8: 10:00:55 - 10:16:55 (Moderate & Fluctuating):** Values fluctuate between 7 and 95.

**4. Anomaly Detection:**

*   **09:07:55 (0.0):** This is a significant drop from the previous value (39.0) and represents a clear anomaly. It's a very low value compared to the surrounding data points.
*   **09:08:55 (3.0):** This is a very low value following the anomaly at 09:07:55.
*   **Spikes:** Several points exhibit relatively high values compared to their immediate neighbors, potentially indicating spikes or unusual events. Examples include 94.0 at 09:25:55, 96.0 at 09:31:55, 87.0 at 09:39:55, 93.0 at 10:05:55, and 95.0 at 10:09:55.

**5. Insights & Potential Interpretations:**

*   **Dynamic System:** The data suggests a dynamic system with frequent changes.
*   **External Factors:** The fluctuations could be driven by external factors or events that are not captured in the data itself.
*   **Possible Event:** The sharp drop at 09:07:55 could represent a specific event or interruption.
*   **Need for Context:** Without knowing what the data represents, it's difficult to provide more specific interpretations.  Understanding the source of the data is crucial.

**6. Further Analysis:**

*   **Statistical Analysis:** Calculate descriptive statistics (mean, standard deviation, etc.) to quantify the data's characteristics.
*   **Visualization:** Create a line chart of the time series to visually identify trends, patterns, and anomalies.
*   **Correlation Analysis:** If additional data is available, explore correlations between this time series and other variables.
*   **Time Series Decomposition:** Decompose the time series into its trend, seasonality, and residual components.


-------------------------------------------

Execution time: 28.029967069625854 seconds

