Timestamp: HH-MM-SS   DD-MM-YYYY
           16:03:42   15-04-2025

-------------------------------------------

Model: phi4:14b
--------------------------
     mirostat      : 2
     mirostat_eta  : 0.5
     mirostat_tau  : 2.0
     num_ctx       : 8192
     repeat_last_n : 128
     repeat_penalty: 1.3
     temperature   : 0.1
     seed          : 7
     num_predict   : -1
     top_k         : 10
     top_p         : 0.5
     min_p         : 0.2

-------------------------------------------

Processor: Intel Core i9-14900K
RAM: 64 GB DDR5
GPU: NVIDIA GeForce RTX 4090 (24GB GDDR6X, 16384 CUDA Cores)
OS: Ubuntu 22.04

-------------------------------------------

Path: prompts/single/paasax/temperature_test.json
-------------------------------------------

Prompt: paasax
Task:
Analyze the following normalized temperature time series data of a processor. Refer to the time over which the data was recorded. The data is represented using the SAX representation (symbollic aggregation approximation).Data 1 context:
The temperature data in data_1 was measured at 1 second intervals over a 5 minute period. This makes a total of 300 data points, which were then transformed into 10 segments of 30 data points each. The SAX representation was then applied to the segments with the following symbols: a, b, c, d, e, f, g, h, i, j, k, l, m, n, o, p, q, r, s, t, u, v, w, x, y, z. The minimum value is around 50°C, the maximum value around 100°C.
Data 1:
{'14:10:07': 'c', '14:10:37': 'c', '14:11:07': 'c', '14:11:37': 'c', '14:12:07': 'c', '14:12:37': 'c', '14:13:07': 'c', '14:13:37': 'e', '14:14:07': 'g', '14:14:37': 'h'}
Data 2 context:
The processor-load data in data_2 was measured at 1 second intervals over a 5 minute period. This makes a total of 300 data points, which were then transformed into 10 segments of 30 data points each. The SAX representation was then applied to the segments with the following symbols: a, b, c, d, e, f, g, h, i, j, k, l, m, n, o, p, q, r, s, t, u, v, w, x, y, z. The minimum value is around 30% load, the maximum value around 80%.
Data 2:
{'14:10:07': 'b', '14:10:37': 'b', '14:11:07': 'b', '14:11:37': 'b', '14:12:07': 'h', '14:12:37': 'h', '14:13:07': 'g', '14:13:37': 'f', '14:14:07': 'd', '14:14:37': 'c'}
Data 3 context:
The fanspeed data in data_3 was measured at 1 second intervals over a 5 minute period. This makes a total of 300 data points, which were then transformed into 10 segments of 30 data points each. The SAX representation was then applied to the segments with the following symbols: a, b, c, d, e, f, g, h, i, j, k, l, m, n, o, p, q, r, s, t, u, v, w, x, y, z. The minimum value is around 1000 RPM, the maximum value around 8500 RPM.
Data 3:
{'14:10:07': 'c', '14:10:37': 'c', '14:11:07': 'c', '14:11:37': 'c', '14:12:07': 'h', '14:12:37': 'h', '14:13:07': 'g', '14:13:37': 'd', '14:14:07': 'b', '14:14:37': 'a'}
Data 4 context:
The voltage data of the CPU in data_4 was measured at 1 second intervals over a 5 minute period. This makes a total of 300 data points, which were then transformed into 10 segments of 30 data points each. The SAX representation was then applied to the segments with the following symbols: a, b, c, d, e, f, g, h, i, j, k, l, m, n, o, p, q, r, s, t, u, v, w, x, y, z. The minimum value is around 35% capacity which is about 0.45V, the maximum value around 80% which is about 1.05V.
Data 4:
{'14:10:07': 'b', '14:10:37': 'b', '14:11:07': 'b', '14:11:37': 'b', '14:12:07': 'g', '14:12:37': 'g', '14:13:07': 'g', '14:13:37': 'f', '14:14:07': 'f', '14:14:37': 'f'}

Desired output format:
Provide an analysis of the temperature trends and patterns depending on the processor load, fanspeed and cpu voltage. The response should be structured, starting with key observations, followed by explanations, and concluding with potential actions or recommendations to maintain optimal processor temperature. Generate a flow diagram in mermaid syntax, describing the necessary interventions for problem identification and fixing. Only use the following interventions: reading temperature, reading system load, reading system error log, increasing Fan speed, end system processes, lower maximum processor usage, decrease room temperature.

-------------------------------------------

Answer:
### Key Observations

1. **Temperature Trends (Data 1):**
   - The temperature remains stable at 'c' from 14:10:07 to 14:12:37.
   - A gradual increase is observed from 'c' to 'e' at 14:13:07, then to 'g' at 14:14:07, and finally to 'h' at 14:14:37.

2. **Processor Load Trends (Data 2):**
   - The load is stable at 'b' from 14:10:07 to 14:11:37.
   - A significant increase to 'h' occurs at 14:12:07, followed by a decrease to 'g', 'f', 'd', and 'c' by 14:14:37.

3. **Fanspeed Trends (Data 3):**
   - Fanspeed is stable at 'c' from 14:10:07 to 14:11:37.
   - It increases to 'h' at 14:12:07, then decreases to 'g', 'd', 'b', and finally 'a' by 14:14:37.

4. **Voltage Trends (Data 4):**
   - Voltage is stable at 'b' from 14:10:07 to 14:11:37.
   - It increases to 'g' at 14:12:07 and remains there until 14:13:37, then decreases to 'f' by 14:14:37.

### Explanations

- **Temperature and Load Correlation:**
  - The temperature increase from 'c' to 'h' correlates with the load increase from 'b' to 'h'. This suggests that higher processor load contributes to increased temperature.

- **Fanspeed Response:**
  - The fanspeed increases to 'h' at 14:12:07, coinciding with the load peak, indicating an automatic response to manage temperature.

- **Voltage Influence:**
  - The voltage increase to 'g' aligns with the load peak, suggesting higher power consumption during increased load, which may contribute to temperature rise.

### Potential Actions or Recommendations

1. **Monitor and Adjust Load:**
   - Implement load balancing to prevent spikes that lead to temperature increases.

2. **Optimize Fanspeed:**
   - Ensure fanspeed adjustments are responsive to load changes to maintain optimal temperature.

3. **Voltage Management:**
   - Monitor voltage levels to ensure they are within safe limits, especially during high load periods.

4. **Environmental Control:**
   - Consider decreasing room temperature if ambient conditions contribute to overheating.

### Flow Diagram in Mermaid Syntax

```mermaid
graph TD
    A[Start] --> B{Read Temperature}
    B -->|High| C[Read System Load]
    C -->|High| D[Increase Fan Speed]
    C -->|Normal| E[End System Processes]
    D --> F{Check Temperature}
    F -->|High| G[Lower Maximum Processor Usage]
    F -->|Normal| H[End]
    E --> F
    G --> F
    B -->|Normal| H
```

### Conclusion

By monitoring temperature, load, fanspeed, and voltage, and implementing the recommended actions, the processor can maintain optimal temperature levels. This proactive approach helps prevent overheating and ensures efficient processor performance.

-------------------------------------------

Execution time: 12.386871337890625 seconds

