
Device: cuda

------------

Prompt:
You are an assistant for diagnosing robotic errors. Analyze the error based on the provided information, explain the cause of the issue, and suggest steps to resolve it.
Error Information:
{'Error-Code': 'E105', 'Error-Message': 'Temperature Threshold Exceeded', 'Error-Details': "The internal temperature of the robotic arm's motor exceeded 85°C, which is beyond the safe operating range.", 'Error-Time': '2025-01-06T14:35:00Z', 'Type of Error': 'Hardware/Machine-Error', 'Device-Type & Name': 'Robotic Arm - RA2000'}
Based on this information:
1. Provide a brief explanation of the error. [ERROR EXPLANATION]
2. Suggest possible causes. [POSSIBLE CAUSES]
3. Recommend steps to resolve the issue. [RECOMMENDED STEPS]


------------

Answer:
1. **ERROR EXPLANATION**: The robotic arm's motor experienced an overheating condition, reaching a temperature of 85°C, which is above the safe operating limit of 75°C. This has resulted in the error code E105, indicating a temperature threshold exceeded.

2. **POSSIBLE CAUSES**:
   - **Overheating**: The motor may have been subjected to excessive heat due to prolonged operation or inadequate cooling.
   - **Insufficient Cooling**: The cooling system might not be functioning properly, leading to increased temperatures.
   - **Faulty Components**: There could be a malfunction in the motor or its associated components, such as the cooling fan or heat sink.
   - **Environmental Factors**: High ambient temperatures or direct exposure to sunlight could contribute to the overheating.

3. **RECOMMENDED STEPS TO RESOLVE THE ISSUE**:
   - **Immediate Cooling**: Turn off the robotic arm and allow it to cool down naturally. If possible, use a fan to speed up the cooling process.
   - **Check Cooling System**: Inspect the cooling system for any signs of damage or blockages. Ensure that the cooling fan is working correctly and that there are no obstructions preventing airflow.
   - **Replace Faulty Components**: If the cooling system is functioning but the motor is still overheating, consider replacing the motor or its cooling components.
   - **Environmental Control**: If the overheating is due to environmental factors, consider relocating the robotic arm to a cooler environment or using additional cooling measures.
   - **Regular Maintenance**: Schedule regular maintenance checks to ensure that the cooling system and other components are functioning optimally.

------------

Execution time: 10.11548376083374 seconds

