Timestamp: HH-MM-SS   DD-MM-YYYY
           10:38:26   19-03-2025

-------------------------------------------

Model: gemma3:27b
--------------------------
     mirostat      : 2
     mirostat_eta  : 0.5
     mirostat_tau  : 2.0
     num_ctx       : 8192
     repeat_last_n : 128
     repeat_penalty: 1.3
     temperature   : 0.1
     seed          : 7
     num_predict   : -1
     top_k         : 10
     top_p         : 0.5
     min_p         : 0.2

-------------------------------------------

Processor: Intel Core i9-14900K
RAM: 64 GB DDR5
GPU: NVIDIA GeForce RTX 4090 (24GB GDDR6X, 16384 CUDA Cores)
OS: Ubuntu 22.04

-------------------------------------------

Path: raw
-------------------------------------------

Prompt:
Task:
Identify the underlying pattern of the following number series.
Data context:
The data only consists of every third value of the number series. Your goal is to infer the rule governing the sequence and reconstruct the full set of numbers.
Data:
{'09:04:55': -1.0, '09:04:58': 0.25, '09:05:01': -0.14, '09:05:04': 0.1, '09:05:07': -0.08, '09:05:10': 0.06, '09:05:13': -0.05, '09:05:16': 0.05, '09:05:19': -0.04, '09:05:22': 0.04}
Desired output format:
Complete the series, with matching timestamps, and return a Python Dictionairy with the complete series of numbers and timestamps.


-------------------------------------------

Answer:
```python
def complete_series(data):
    """
    Completes a number series given every third value, inferring the underlying pattern.

    Args:
        data (dict): A dictionary containing timestamps and every third value of the series.

    Returns:
        dict: A dictionary containing the complete series of numbers and timestamps.
    """

    timestamps = list(data.keys())
    values = list(data.values())

    # Infer the pattern: The values seem to oscillate around 0, decreasing in absolute value.
    # Let's assume a simple alternating pattern with decreasing magnitude.
    # We can estimate the missing values by interpolating between the known values.
    # A reasonable assumption is that the values alternate between negative and positive,
    # and the magnitude decreases over time.

    complete_series_data = {}
    
    # Reconstruct the full series
    for i in range(len(timestamps)):
        timestamp = timestamps[i]
        value = values[i]
        
        # Calculate the index in the full series
        full_index = i * 3
        
        # Calculate the timestamp for the full series
        
        
        # Assign the value to the full series
        complete_series_data[timestamps[i]] = value
        
        # Estimate the missing values
        if i * 3 + 1 < len(timestamps) * 3:
            next_timestamp_1 = timestamps[i]
            next_timestamp_1 = timestamps[i]
            
            
            
            
            
            
            
            
            
            
            
            
            
            
            


-------------------------------------------

Execution time: 9.02344822883606 seconds

