Timestamp: HH-MM-SS   DD-MM-YYYY
           11:40:07   24-03-2025

-------------------------------------------

Model: phi4:14b
--------------------------
Default
-------------------------------------------

Processor: Intel Core i9-14900K
RAM: 64 GB DDR5
GPU: NVIDIA GeForce RTX 4090 (24GB GDDR6X, 16384 CUDA Cores)
OS: Ubuntu 22.04

-------------------------------------------

Path: prompts/single/paasax/temperature_test.json
-------------------------------------------

Prompt: rounded
Task:
Identify the underlying pattern of the following number series.
Data context:
The data only consists of every third value of the number series (1st, 4th, 7th, 10th...). It is one of the following series: even numbers, odd numbers, prime numbers, square numbers, series of values from the harmonic oscillator.
Data:
{'10:22:21': 0, '10:22:24': 6, '10:22:27': 12, '10:22:30': 18, '10:22:33': 24, '10:22:36': 30, '10:22:39': 36, '10:22:42': 42, '10:22:45': 48, '10:22:48': 54}
Desired output format:
Decide which of the series named in data_context is present, name the series and complete the series up to the maximum value in the data, with matching timestamps, fill in the missing values, and return only a Python Dictionairy with the complete series of numbers and timestamps, without code.


-------------------------------------------

Answer:
The provided data consists of every third value of a number series at specific timestamps. Observing the given values: 0, 6, 12, 18, 24, 30, 36, 42, 48, 54, we can see that these numbers increase by 6 each time. This suggests an arithmetic progression with a common difference of 6.

To determine which series this data belongs to from the options given (even numbers, odd numbers, prime numbers, square numbers, series of values from the harmonic oscillator), let's analyze:

- **Even Numbers:** The sequence is entirely composed of even numbers.
- **Odd Numbers:** The sequence does not contain any odd numbers.
- **Prime Numbers:** The sequence contains non-prime numbers (e.g., 0, 6).
- **Square Numbers:** The sequence does not consist of perfect squares.
- **Harmonic Oscillator Series:** This typically involves values that oscillate, which is not the case here.

Given these observations, the series fits the pattern of even numbers starting from 0 and increasing by 6 each step. 

To complete the series up to the maximum value in the data (54), we need to fill in the missing values between the timestamps provided:

- '10:22:21': 0
- '10:22:23': 2
- '10:22:25': 4
- '10:22:26': 6
- '10:22:28': 8
- '10:22:29': 10
- '10:22:31': 12
- '10:22:32': 14
- '10:22:34': 16
- '10:22:35': 18
- '10:22:37': 20
- '10:22:38': 22
- '10:22:40': 24
- '10:22:41': 26
- '10:22:43': 28
- '10:22:44': 30
- '10:22:46': 32
- '10:22:47': 34
- '10:22:49': 36
- '10:22:50': 38
- '10:22:52': 40
- '10:22:53': 42

Here is the complete series as a Python dictionary:

```python
{
    '10:22:21': 0,
    '10:22:23': 2,
    '10:22:25': 4,
    '10:22:26': 6,
    '10:22:28': 8,
    '10:22:29': 10,
    '10:22:31': 12,
    '10:22:32': 14,
    '10:22:34': 16,
    '10:22:35': 18,
    '10:22:37': 20,
    '10:22:38': 22,
    '10:22:40': 24,
    '10:22:41': 26,
    '10:22:43': 28,
    '10:22:44': 30,
    '10:22:46': 32,
    '10:22:47': 34,
    '10:22:49': 36,
    '10:22:50': 38,
    '10:22:52': 40,
    '10:22:53': 42
}
```

-------------------------------------------

Execution time: 11.957698345184326 seconds

