Timestamp: HH-MM-SS   DD-MM-YYYY
           12:09:10   27-03-2025

-------------------------------------------

Model: gemma3:27b
--------------------------
Default
-------------------------------------------

Processor: Intel Core i9-14900K
RAM: 64 GB DDR5
GPU: NVIDIA GeForce RTX 4090 (24GB GDDR6X, 16384 CUDA Cores)
OS: Ubuntu 22.04

-------------------------------------------

Path: prompts/single/paasax/temperature_test.json
-------------------------------------------

Prompt: paasax
Task:
Analyze the following normalized temperature time series data of a processor. Refer to the time over which the data was recorded. The data is represented using the SAX representation (symbollic aggregation approximation).
Data 1 context:
The temperature data in data_1 was measured at 1 second intervals over a 5 minute period. This makes a total of 300 data points, which were then transformed into 10 segments of 30 data points each. The SAX representation was then applied to the segments with the following symbols: a, b, c, d, e, f, g, h, i, j, k, l, m, n, o, p, q, r, s, t, u, v, w, x, y, z. The minimum value is around 50°C, the maximum value around 100°C.
Data 1:
{'10:22:22': 'c', '10:22:52': 'c', '10:23:22': 'c', '10:23:52': 'c', '10:24:22': 'c', '10:24:52': 'c', '10:25:22': 'd', '10:25:52': 'e', '10:26:22': 'g', '10:26:52': 'h'}
Data 2 context:
The processor-load data in data_2 was measured at 1 second intervals over a 5 minute period. This makes a total of 300 data points, which were then transformed into 10 segments of 30 data points each. The SAX representation was then applied to the segments with the following symbols: a, b, c, d, e, f, g, h, i, j, k, l, m, n, o, p, q, r, s, t, u, v, w, x, y, z. The minimum value is around 30% load, the maximum value around 80%.
Data 2:
{'10:22:22': 'b', '10:22:52': 'b', '10:23:22': 'b', '10:23:52': 'b', '10:24:22': 'h', '10:24:52': 'h', '10:25:22': 'g', '10:25:52': 'f', '10:26:22': 'd', '10:26:52': 'b'}
Desired output format:
Provide an analysis of the temperature trends and patterns depending on the processor load. The response should be structured, starting with key observations, followed by explanations, and concluding with potential actions or recommendations to maintain optimal processor temperature. Generate a flow diagram in mermaid syntax, describing the necessary interventions for problem identification and fixing. Only use the following interventions: reading temperature, reading system load, reading system error log, increasing Fan speed, end system processes, lower maximum processor usage, decrease room temperature.


-------------------------------------------

Answer:
## Processor Temperature & Load Analysis

Here's an analysis of the provided temperature and processor load data, along with recommendations.

**Key Observations:**

* **Temperature (Data 1):** The temperature starts relatively low ('c') and gradually increases over the observed period, moving from 'c' to 'd', 'e', 'g', and finally 'h'. This indicates a consistent temperature rise.
* **Processor Load (Data 2):** The processor load begins at a low level ('b') and then experiences a spike, reaching 'h' before decreasing to 'g', 'f', 'd', and finally returning to 'b'. This suggests an initial period of low activity followed by a period of high activity and then a return to lower activity.
* **Correlation:**  There appears to be a correlation between processor load and temperature. The temperature increase begins around the same time as the processor load starts to rise. The peak in load seems to coincide with a significant temperature increase.  The temperature remains elevated even as the load decreases, suggesting some thermal inertia.

**Explanation:**

The observed temperature increase is likely a direct result of the increased processor load.  When the processor is heavily utilized, it generates more heat. The cooling system (fan, heatsink) needs to dissipate this heat to maintain a stable temperature. The initial low temperature suggests the cooling system was effectively managing the heat during periods of low load. However, as the load increased, the heat generation exceeded the cooling capacity, leading to the temperature rise. The fact that the temperature remains elevated even after the load decreases suggests that the cooling system is struggling to return the processor to its baseline temperature quickly enough. This could be due to several factors, including insufficient cooling capacity, poor airflow, or a buildup of dust on the heatsink.

**Potential Actions & Recommendations:**

To maintain optimal processor temperature and prevent potential damage or performance degradation, the following actions are recommended:

1. **Monitor Temperature & Load:** Continuously monitor both processor temperature and load to identify patterns and potential issues.
2. **Increase Cooling Capacity:** If the temperature consistently rises under normal load, consider increasing the cooling capacity. This could involve upgrading the CPU cooler, adding more case fans, or improving airflow within the system.
3. **Optimize Processor Usage:** Identify and optimize processes that are consuming excessive CPU resources. This could involve closing unnecessary applications, updating software, or reconfiguring system settings.
4. **Environmental Control:** Ensure the system is operating in a well-ventilated area with a reasonable ambient temperature. Lowering the room temperature can significantly improve cooling efficiency.
5. **Regular Maintenance:** Regularly clean the CPU heatsink and case fans to remove dust and debris that can impede airflow.

**Mermaid Flow Diagram for Problem Identification & Fixing:**

```mermaid
graph TD
    A[Start] --> B{Is Temperature High?};
    B -- Yes --> C{Is System Load High?};
    B -- No --> D{Check System Error Log};
    D -- Errors Found --> E[Fix Errors];
    E --> A;
    D -- No Errors --> A;
    C -- Yes --> F{Increase Fan Speed};
    C -- No --> G{End System Processes / Lower Max Processor Usage};
    F --> A;
    G --> A;
    A --> H{Is Room Temperature High?};
    H -- Yes --> I[Decrease Room Temperature];
    I --> A;
    H -- No --> A;
```

**Explanation of Flow Diagram:**

1.  **Start:** The process begins.
2.  **Is Temperature High?:** Checks if the processor temperature exceeds a predefined threshold.
3.  **Is System Load High?:** If the temperature is high, check if the system load is also high.
4.  **Check System Error Log:** If the temperature is high but the load is not, check the system error log for potential issues.
5.  **Fix Errors:** If errors are found, fix them and return to the start.
6.  **Increase Fan Speed:** If both temperature and load are high, increase the fan speed to improve cooling.
7.  **End System Processes / Lower Max Processor Usage:** If the temperature is high but the load is not, end unnecessary processes or lower the maximum processor usage.
8.  **Decrease Room Temperature:** If the room temperature is high, decrease it to improve cooling efficiency.
9.  **Loop:** The process loops back to the start to continuously monitor and adjust the system.


-------------------------------------------

Execution time: 30.297467470169067 seconds

