Timestamp: HH-MM-SS   DD-MM-YYYY
           12:58:12   19-03-2025

-------------------------------------------

Model: gemma:7b
--------------------------
     mirostat      : 2
     mirostat_eta  : 0.5
     mirostat_tau  : 2.0
     num_ctx       : 8192
     repeat_last_n : 128
     repeat_penalty: 1.3
     temperature   : 0.1
     seed          : 7
     num_predict   : -1
     top_k         : 10
     top_p         : 0.5
     min_p         : 0.2

-------------------------------------------

Processor: Intel Core i9-14900K
RAM: 64 GB DDR5
GPU: NVIDIA GeForce RTX 4090 (24GB GDDR6X, 16384 CUDA Cores)
OS: Ubuntu 22.04

-------------------------------------------

Path: rounded
-------------------------------------------

Prompt:
Task:
Analyze the given time-series data, identify any trends, patterns, or anomalies, and provide insights into the nature of the dataset.
Data context:
None
Data:
{'09:04:55': 22.0, '09:05:55': 47.0, '09:06:55': 39.0, '09:07:55': 0.0, '09:08:55': 3.0, '09:09:55': 39.0, '09:10:55': 64.0, '09:11:55': 68.0, '09:12:55': 38.0, '09:13:55': 71.0, '09:14:55': 9.0, '09:15:55': 9.0, '09:16:55': 27.0, '09:17:55': 85.0, '09:18:55': 77.0, '09:19:55': 10.0, '09:20:55': 26.0, '09:21:55': 74.0, '09:22:55': 71.0, '09:23:55': 51.0, '09:24:55': 51.0, '09:25:55': 94.0, '09:26:55': 63.0, '09:27:55': 81.0, '09:28:55': 44.0, '09:29:55': 73.0, '09:30:55': 74.0, '09:31:55': 96.0, '09:32:55': 85.0, '09:33:55': 43.0, '09:34:55': 64.0, '09:35:55': 31.0, '09:36:55': 61.0, '09:37:55': 25.0, '09:38:55': 5.0, '09:39:55': 87.0, '09:40:55': 36.0, '09:41:55': 35.0, '09:42:55': 20.0, '09:43:55': 58.0, '09:44:55': 47.0, '09:45:55': 60.0, '09:46:55': 82.0, '09:47:55': 70.0, '09:48:55': 38.0, '09:49:55': 78.0, '09:50:55': 47.0, '09:51:55': 13.0, '09:52:55': 50.0, '09:53:55': 16.0, '09:54:55': 49.0, '09:55:55': 78.0, '09:56:55': 93.0, '09:57:55': 89.0, '09:58:55': 33.0, '09:59:55': 54.0, '10:00:55': 30.0, '10:01:55': 76.0, '10:02:55': 31.0, '10:03:55': 32.0, '10:04:55': 66.0, '10:05:55': 93.0, '10:06:55': 23.0, '10:07:55': 73.0, '10:08:55': 47.0, '10:09:55': 95.0, '10:10:55': 48.0, '10:11:55': 7.0, '10:12:55': 28.0, '10:13:55': 33.0, '10:14:55': 30.0, '10:15:55': 76.0, '10:16:55': 95.0}
Desired output format:
Provide a structured and time-based analysis of the time series data. Find trends, fluctuations or anomalies.


-------------------------------------------

Answer:
## Time Series Analysis

**Overall Trend:**

The data exhibits an upward trend with occasional dips and spikes. The values range from 0.0 to 96.0, indicating a significant variation in the data.

**Seasonal Patterns:**

- The first half of the data set shows gradual increases, with occasional dips.
- The second half exhibits more significant fluctuations, with several values exceeding 70.
- The highest values are clustered towards the end of the dataset.

**Fluctuations and Anomalies:**

- **Extreme Values:** 0.0, 85.0, 96.0 - These values deviate significantly from the general trend and may be outliers.
- **Rapid Increases:** Several values experience sudden jumps, such as 68.0, 85.0, 95.0 - These could be potential anomalies.
- **Dips and Valleys:** The data experiences several dips and valleys, indicating potential short-term trends.

**Key Observations:**

- The data suggests the presence of multiple trends, including an overall upward trend and possible seasonal patterns.
- The presence of outliers, rapid increases, and dips/valleys indicates potential anomalies.
- The data is highly volatile, with significant variations in values over time.

**Possible Interpretations:**

- The upward trend could indicate increasing activity or engagement over time.
- The seasonal patterns might suggest underlying periodic behavior or recurring events.
- The anomalies could be due to exceptional circumstances or unusual events that deviate from the general pattern.

**Further Analysis:**

- Statistical analysis to quantify trends and identify outliers.
- Time-series modeling to predict future values and identify potential patterns.
- Domain-specific knowledge to interpret the data in the context of the problem or application.

-------------------------------------------

Execution time: 7.385065317153931 seconds

