Timestamp: HH-MM-SS   DD-MM-YYYY
           14:35:04   14-04-2025

-------------------------------------------

Model: gemma:7b
--------------------------
     mirostat      : 2
     mirostat_eta  : 0.5
     mirostat_tau  : 2.0
     num_ctx       : 8192
     repeat_last_n : 128
     repeat_penalty: 1.3
     temperature   : 0.1
     seed          : 7
     num_predict   : -1
     top_k         : 10
     top_p         : 0.5
     min_p         : 0.2

-------------------------------------------

Processor: Intel Core i9-14900K
RAM: 64 GB DDR5
GPU: NVIDIA GeForce RTX 4090 (24GB GDDR6X, 16384 CUDA Cores)
OS: Ubuntu 22.04

-------------------------------------------

Path: prompts/single/paasax/temperature_test.json
-------------------------------------------

Prompt: paasax
Task:
Analyze the following normalized temperature time series data of a processor. Refer to the time over which the data was recorded. The data is represented using the SAX representation (symbollic aggregation approximation).Data 1 context:
The temperature data in data_1 was measured at 1 second intervals over a 5 minute period. This makes a total of 300 data points, which were then transformed into 10 segments of 30 data points each. The SAX representation was then applied to the segments with the following symbols: a, b, c, d, e, f, g, h, i, j, k, l, m, n, o, p, q, r, s, t, u, v, w, x, y, z. The minimum value is around 50°C, the maximum value around 100°C.
Data 1:
{'14:30:09': 'c', '14:30:39': 'c', '14:31:09': 'c', '14:31:39': 'c', '14:32:09': 'c', '14:32:39': 'c', '14:33:09': 'c', '14:33:39': 'e', '14:34:09': 'g', '14:34:39': 'h'}
Data 2 context:
The processor-load data in data_2 was measured at 1 second intervals over a 5 minute period. This makes a total of 300 data points, which were then transformed into 10 segments of 30 data points each. The SAX representation was then applied to the segments with the following symbols: a, b, c, d, e, f, g, h, i, j, k, l, m, n, o, p, q, r, s, t, u, v, w, x, y, z. The minimum value is around 30% load, the maximum value around 80%.
Data 2:
{'14:30:09': 'b', '14:30:39': 'b', '14:31:09': 'b', '14:31:39': 'b', '14:32:09': 'h', '14:32:39': 'h', '14:33:09': 'g', '14:33:39': 'f', '14:34:09': 'd', '14:34:39': 'c'}
Data 3 context:
The fanspeed data in data_3 was measured at 1 second intervals over a 5 minute period. This makes a total of 300 data points, which were then transformed into 10 segments of 30 data points each. The SAX representation was then applied to the segments with the following symbols: a, b, c, d, e, f, g, h, i, j, k, l, m, n, o, p, q, r, s, t, u, v, w, x, y, z. The minimum value is around 1000 RPM, the maximum value around 8500 RPM.
Data 3:
{'14:30:09': 'c', '14:30:39': 'c', '14:31:09': 'c', '14:31:39': 'c', '14:32:09': 'h', '14:32:39': 'h', '14:33:09': 'f', '14:33:39': 'd', '14:34:09': 'b', '14:34:39': 'a'}

Desired output format:
Provide an analysis of the temperature trends and patterns depending on the processor load. The response should be structured, starting with key observations, followed by explanations, and concluding with potential actions or recommendations to maintain optimal processor temperature. Generate a flow diagram in mermaid syntax, describing the necessary interventions for problem identification and fixing. Only use the following interventions: reading temperature, reading system load, reading system error log, increasing Fan speed, end system processes, lower maximum processor usage, decrease room temperature.

-------------------------------------------

Answer:
## Analysis of Processor Temperature Trends and Patterns

**Key Observations:**

* The processor temperature steadily increases over the 5-minute period, reaching a maximum of approximately 100°C.
* The temperature fluctuations are correlated with changes in processor load.
* At higher load levels (h, i, j), the temperature rises more rapidly.
* The temperature stabilizes at around 90°C when the load drops to lower values (c, d).


**Explanations:**

* As the processor load increases, the device generates more heat, leading to higher temperatures.
* The thermal management system of the processor may be insufficient to dissipate the heat at high load.
* The temperature rise could potentially lead to throttling or performance degradation.


**Potential Actions/Recommendations:**

* **Increase fan speed:** This will improve heat dissipation and reduce the temperature rise under high load.
* **End unnecessary system processes:** This will reduce the processor load and minimize heat generation.
* **Lower maximum processor usage:** Limiting the workload will reduce the thermal stress on the processor.
* **Decrease room temperature:** This will reduce the ambient heat and further aid in cooling the processor.


**Mermaid Flow Diagram:**

```mermaid
graph LR
A[Temperature Reading] --> B[System Load Reading]
B --> C{High Load}
C --> D[Fan Speed Increase]
C --> E[Processes Ended]
C --> F[Reduce Max Usage]
C --> G[Decrease Room Temp]
D & E & F & G --> H[Temperature Monitoring]
H --> I{Temperature Within Range} --> End
H --> J{Temperature High} --> K[Repeat Interventions]
```

**Explanation of Flow Diagram:**

1. **Temperature Reading:** Measure the current processor temperature.
2. **System Load Reading:** Measure the current processor load.
3. **High Load:** If the load is above a threshold, interventions are needed.
4. **Fan Speed Increase:** Increase the fan speed to improve heat dissipation.
5. **Processes Ended:** End unnecessary processes to reduce the processor load.
6. **Reduce Max Usage:** Limit the maximum processor usage to reduce thermal stress.
7. **Decrease Room Temp:** Decrease the room temperature to reduce ambient heat.
8. **Temperature Monitoring:** Monitor the temperature until it falls within the acceptable range.
9. **Temperature Within Range:** Maintain optimal temperature.
10. **Temperature High:** Repeat the interventions until the temperature is controlled.

-------------------------------------------

Execution time: 11.754732370376587 seconds

