Timestamp: HH-MM-SS   DD-MM-YYYY
           16:15:05   15-04-2025

-------------------------------------------

Model: phi4:14b
--------------------------
Default
-------------------------------------------

Processor: Intel Core i9-14900K
RAM: 64 GB DDR5
GPU: NVIDIA GeForce RTX 4090 (24GB GDDR6X, 16384 CUDA Cores)
OS: Ubuntu 22.04

-------------------------------------------

Path: prompts/single/paasax/temperature_test.json
-------------------------------------------

Prompt: paasax
Task:
Analyze the following normalized temperature time series data of a processor. Refer to the time over which the data was recorded. The data is represented using the SAX representation (symbollic aggregation approximation).Data 1 context:
The temperature data in data_1 was measured at 1 second intervals over a 5 minute period. This makes a total of 300 data points, which were then transformed into 10 segments of 30 data points each. The SAX representation was then applied to the segments with the following symbols: a, b, c, d, e, f, g, h, i, j, k, l, m, n, o, p, q, r, s, t, u, v, w, x, y, z. The minimum value is around 50°C, the maximum value around 100°C.
Data 1:
{'14:31:54': 'c', '14:32:24': 'c', '14:32:54': 'c', '14:33:24': 'c', '14:33:54': 'c', '14:34:24': 'c', '14:34:54': 'c', '14:35:24': 'e', '14:35:54': 'g', '14:36:24': 'h'}
Data 2 context:
The processor-load data in data_2 was measured at 1 second intervals over a 5 minute period. This makes a total of 300 data points, which were then transformed into 10 segments of 30 data points each. The SAX representation was then applied to the segments with the following symbols: a, b, c, d, e, f, g, h, i, j, k, l, m, n, o, p, q, r, s, t, u, v, w, x, y, z. The minimum value is around 30% load, the maximum value around 80%.
Data 2:
{'14:31:54': 'b', '14:32:24': 'b', '14:32:54': 'b', '14:33:24': 'b', '14:33:54': 'h', '14:34:24': 'h', '14:34:54': 'g', '14:35:24': 'f', '14:35:54': 'd', '14:36:24': 'b'}
Data 3 context:
The fanspeed data in data_3 was measured at 1 second intervals over a 5 minute period. This makes a total of 300 data points, which were then transformed into 10 segments of 30 data points each. The SAX representation was then applied to the segments with the following symbols: a, b, c, d, e, f, g, h, i, j, k, l, m, n, o, p, q, r, s, t, u, v, w, x, y, z. The minimum value is around 1000 RPM, the maximum value around 8500 RPM.
Data 3:
{'14:31:54': 'c', '14:32:24': 'c', '14:32:54': 'c', '14:33:24': 'c', '14:33:54': 'h', '14:34:24': 'h', '14:34:54': 'f', '14:35:24': 'd', '14:35:54': 'b', '14:36:24': 'a'}
Data 4 context:
The voltage data of the CPU in data_4 was measured at 1 second intervals over a 5 minute period. This makes a total of 300 data points, which were then transformed into 10 segments of 30 data points each. The SAX representation was then applied to the segments with the following symbols: a, b, c, d, e, f, g, h, i, j, k, l, m, n, o, p, q, r, s, t, u, v, w, x, y, z. The minimum value is around 35% capacity which is about 0.45V, the maximum value around 80% which is about 1.05V.
Data 4:
{'14:31:54': 'b', '14:32:24': 'b', '14:32:54': 'b', '14:33:24': 'b', '14:33:54': 'g', '14:34:24': 'g', '14:34:54': 'g', '14:35:24': 'g', '14:35:54': 'f', '14:36:24': 'e'}
Data 5 context:
The rooom temperature data in data_5 was measured at 1 second intervals over a 5 minute period. This makes a total of 300 data points, which were then transformed into 10 segments of 30 data points each. The SAX representation was then applied to the segments with the following symbols: a, b, c, d, e, f, g, h, i, j, k, l, m, n, o, p, q, r, s, t, u, v, w, x, y, z. The minimum value is around 14°C, the maximum value around 16°C.
Data 5:
{'14:31:54': 'd', '14:32:24': 'e', '14:32:54': 'e', '14:33:24': 'd', '14:33:54': 'd', '14:34:24': 'e', '14:34:54': 'e', '14:35:24': 'e', '14:35:54': 'd', '14:36:24': 'd'}

Desired output format:
Provide an analysis of the temperature trends and patterns depending on the processor load, fanspeed, cpu voltage and roomtemperature. The response should be structured, starting with key observations, followed by explanations, and concluding with potential actions or recommendations to maintain optimal processor temperature. Generate a flow diagram in mermaid syntax, describing the necessary interventions for problem identification and fixing. Only use the following interventions: reading temperature, reading system load, reading system error log, increasing Fan speed, end system processes, lower maximum processor usage, decrease room temperature.

-------------------------------------------

Answer:
### Analysis of Temperature Trends and Patterns

#### Key Observations:
1. **Temperature Data (Data 1)**:
   - Initial segments ('14:31:54' to '14:34:54'): Consistent symbol 'c', indicating stable temperature.
   - Later segments show an increase in symbols from 'e' to 'h', suggesting a rise in temperature.

2. **Processor Load Data (Data 2)**:
   - Stable at 'b' initially, then jumps to 'h', followed by fluctuations between 'g', 'f', and back to 'd'.
   - The load increases significantly around '14:33:54'.

3. **Fan Speed Data (Data 3)**:
   - Starts with 'c', indicating moderate speed.
   - Increases to 'h' at '14:33:54', then decreases progressively to 'a'.

4. **CPU Voltage Data (Data 4)**:
   - Stable at 'b' initially, then increases to 'g' around '14:33:54'.
   - Gradually decreases back to 'e'.

5. **Room Temperature Data (Data 5)**:
   - Fluctuates between 'd' and 'e', indicating minor variations.

#### Explanations:
- The increase in processor load ('b' to 'h') correlates with a rise in temperature ('c' to 'h'), fan speed ('c' to 'h'), and CPU voltage ('b' to 'g').
- As the load decreases, there is a corresponding decrease in temperature, fan speed, and CPU voltage.
- Room temperature remains relatively stable, suggesting it has minimal impact on processor temperature changes.

#### Potential Actions or Recommendations:
1. **Reading Temperature**: Continuously monitor temperature trends to detect anomalies early.
2. **Reading System Load**: Identify processes contributing to high load and optimize them.
3. **Increasing Fan Speed**: Temporarily increase fan speed during high load periods to manage temperature spikes.
4. **Ending System Processes**: Terminate unnecessary processes that contribute to high CPU usage.
5. **Lowering Maximum Processor Usage**: Implement limits on processor usage for non-critical applications.
6. **Decreasing Room Temperature**: If feasible, reduce room temperature to aid in cooling.

### Flow Diagram in Mermaid Syntax

```mermaid
graph TD;
    A[Start] --> B{Read Temperature};
    B -->|Stable| F[End];
    B -->|Rising| C{Read System Load};
    C -->|High Load| D1[Increase Fan Speed];
    C -->|Moderate Load| E1[Lower Max Processor Usage];
    D1 --> G{Check Temperature};
    G -->|Normalized| H[End];
    G -->|Still High| I[End System Processes];
    I --> J{Recheck Temperature};
    J -->|Normalized| K[End];
    J -->|Unstable| L[Decrease Room Temperature];
    E1 --> M{Check Load};
    M -->|Optimized| N[End];
    M -->|Not Optimized| O[End System Processes];
    O --> P{Recheck Load};
    P -->|Optimized| Q[End];
    P -->|Unoptimized| R[Read System Error Log];
```

This flow diagram outlines the steps for identifying and addressing issues related to processor temperature, considering various system parameters.

-------------------------------------------

Execution time: 9.634620428085327 seconds

