Timestamp: HH-MM-SS   DD-MM-YYYY
           11:14:31   24-03-2025

-------------------------------------------

Model: gemma3:27b
--------------------------
     mirostat      : 2
     mirostat_eta  : 0.5
     mirostat_tau  : 2.0
     num_ctx       : 8192
     repeat_last_n : 128
     repeat_penalty: 1.3
     temperature   : 0.1
     seed          : 7
     num_predict   : -1
     top_k         : 10
     top_p         : 0.5
     min_p         : 0.2

-------------------------------------------

Processor: Intel Core i9-14900K
RAM: 64 GB DDR5
GPU: NVIDIA GeForce RTX 4090 (24GB GDDR6X, 16384 CUDA Cores)
OS: Ubuntu 22.04

-------------------------------------------

Path: prompts/single/paasax/temperature_test.json
-------------------------------------------

Prompt: rounded
Task:
Identify the underlying pattern of the following number series. 
Data context:
The data only consists of every third value of the number series (1st, 4th, 7th, 10th...). It is one of the following series: even numbers, odd numbers, prime numbers, square numbers, series of values from the harmonic oscillator.
Data:
{'10:22:21': 2, '10:22:24': 7, '10:22:27': 17, '10:22:30': 29, '10:22:33': 41, '10:22:36': 53, '10:22:39': 67, '10:22:42': 79, '10:22:45': 97, '10:22:48': 107}
Desired output format:
Decide which of the series named in data_context is present, name the series and complete the series up to the maximum value in the data, with matching timestamps, fill in the missing values, and return only a Python Dictionairy with the complete series of numbers and timestamps, without code.


-------------------------------------------

Answer:
```python
{
    '10:22:21': 2,
    '10:22:22': 3,
    '10:22:23': 4,
    '10:22:24': 7,
    '10:22:25': 8,
    '10:22:26': 9,
    '10:22:27': 17,
    '10:22:28': 18,
    '10:22:29': 19,
    '10:22:30': 29,
    '10:22:31': 30,
    '10:22:32': 31,
    '10:22:33': 41,
    '10:22:34': 42,
    '10:22:35': 43,
    '10:22:36': 53,
    '10:22:37': 54,
    '10:22:38': 55,
    '10:22:39': 67,
    '10:22:40': 68,
    '10:22:41': 69,
    '10:22:42': 79,
    '10:22:43': 80,
    '10:22:44': 81,
    '10:22:45': 97,
    '10:22:46': 98,
    '10:22:47': 99,
    '10:22:48': 107,
    '10:22:49': 108,
    '10:22:50': 109
}
```
Series: Odd Numbers


-------------------------------------------

Execution time: 18.151336193084717 seconds

