Timestamp: HH-MM-SS   DD-MM-YYYY
           16:25:16   15-04-2025

-------------------------------------------

Model: gemma3:27b
--------------------------
Default
-------------------------------------------

Processor: Intel Core i9-14900K
RAM: 64 GB DDR5
GPU: NVIDIA GeForce RTX 4090 (24GB GDDR6X, 16384 CUDA Cores)
OS: Ubuntu 22.04

-------------------------------------------

Path: prompts/single/paasax/temperature_test.json
-------------------------------------------

Prompt: paasax
Task:
Analyze the following normalized temperature time series data of a processor. Refer to the time over which the data was recorded. The data is represented using the SAX representation (symbollic aggregation approximation).Data 1 context:
The temperature data in data_1 was measured at 1 second intervals over a 5 minute period. This makes a total of 300 data points, which were then transformed into 10 segments of 30 data points each. The SAX representation was then applied to the segments with the following symbols: a, b, c, d, e, f, g, h, i, j, k, l, m, n, o, p, q, r, s, t, u, v, w, x, y, z. The minimum value is around 50°C, the maximum value around 100°C.
Data 1:
{'14:31:54': 'c', '14:32:24': 'c', '14:32:54': 'c', '14:33:24': 'c', '14:33:54': 'c', '14:34:24': 'c', '14:34:54': 'c', '14:35:24': 'e', '14:35:54': 'g', '14:36:24': 'h'}
Data 2 context:
The processor-load data in data_2 was measured at 1 second intervals over a 5 minute period. This makes a total of 300 data points, which were then transformed into 10 segments of 30 data points each. The SAX representation was then applied to the segments with the following symbols: a, b, c, d, e, f, g, h, i, j, k, l, m, n, o, p, q, r, s, t, u, v, w, x, y, z. The minimum value is around 30% load, the maximum value around 80%.
Data 2:
{'14:31:54': 'b', '14:32:24': 'b', '14:32:54': 'b', '14:33:24': 'b', '14:33:54': 'h', '14:34:24': 'h', '14:34:54': 'g', '14:35:24': 'f', '14:35:54': 'd', '14:36:24': 'b'}
Data 3 context:
The fanspeed data in data_3 was measured at 1 second intervals over a 5 minute period. This makes a total of 300 data points, which were then transformed into 10 segments of 30 data points each. The SAX representation was then applied to the segments with the following symbols: a, b, c, d, e, f, g, h, i, j, k, l, m, n, o, p, q, r, s, t, u, v, w, x, y, z. The minimum value is around 1000 RPM, the maximum value around 8500 RPM.
Data 3:
{'14:31:54': 'c', '14:32:24': 'c', '14:32:54': 'c', '14:33:24': 'c', '14:33:54': 'h', '14:34:24': 'h', '14:34:54': 'f', '14:35:24': 'd', '14:35:54': 'b', '14:36:24': 'a'}
Data 4 context:
The voltage data of the CPU in data_4 was measured at 1 second intervals over a 5 minute period. This makes a total of 300 data points, which were then transformed into 10 segments of 30 data points each. The SAX representation was then applied to the segments with the following symbols: a, b, c, d, e, f, g, h, i, j, k, l, m, n, o, p, q, r, s, t, u, v, w, x, y, z. The minimum value is around 35% capacity which is about 0.45V, the maximum value around 80% which is about 1.05V.
Data 4:
{'14:31:54': 'b', '14:32:24': 'b', '14:32:54': 'b', '14:33:24': 'b', '14:33:54': 'g', '14:34:24': 'g', '14:34:54': 'g', '14:35:24': 'g', '14:35:54': 'f', '14:36:24': 'e'}
Data 5 context:
The rooom temperature data in data_5 was measured at 1 second intervals over a 5 minute period. This makes a total of 300 data points, which were then transformed into 10 segments of 30 data points each. The SAX representation was then applied to the segments with the following symbols: a, b, c, d, e, f, g, h, i, j, k, l, m, n, o, p, q, r, s, t, u, v, w, x, y, z. The minimum value is around 14°C, the maximum value around 16°C.
Data 5:
{'14:31:54': 'd', '14:32:24': 'e', '14:32:54': 'e', '14:33:24': 'd', '14:33:54': 'd', '14:34:24': 'e', '14:34:54': 'e', '14:35:24': 'e', '14:35:54': 'd', '14:36:24': 'd'}

Desired output format:
Provide an analysis of the temperature trends and patterns depending on the processor load, fanspeed, cpu voltage and roomtemperature. The response should be structured, starting with key observations, followed by explanations, and concluding with potential actions or recommendations to maintain optimal processor temperature. Generate a flow diagram in mermaid syntax, describing the necessary interventions for problem identification and fixing. Only use the following interventions: reading temperature, reading system load, reading system error log, increasing Fan speed, end system processes, lower maximum processor usage, decrease room temperature.

-------------------------------------------

Answer:
## Processor Temperature Analysis

Here's an analysis of the provided processor temperature data, correlated with processor load, fan speed, CPU voltage, and room temperature.

**Key Observations:**

*   **Temperature (Data 1):** The processor temperature remains consistently at 'c' for the first 4 minutes, then increases to 'e', 'g', and 'h' over the last minute. This suggests a gradual temperature increase over time.
*   **Processor Load (Data 2):** The processor load is consistently 'b' for the first 4 minutes, then jumps to 'h', 'h', 'g', 'f', 'd', and 'b' over the last minute. This indicates a significant increase in processor workload towards the end of the monitoring period.
*   **Fan Speed (Data 3):** The fan speed is consistently 'c' for the first 4 minutes, then increases to 'h', 'h', 'f', 'd', 'b', and 'a' over the last minute. This suggests the fan is responding to the increasing temperature and load.
*   **CPU Voltage (Data 4):** The CPU voltage remains consistently 'b' for the first 4 minutes, then increases to 'g', 'g', 'g', 'g', 'f', and 'e' over the last minute. This suggests that the CPU is drawing more power as the load increases.
*   **Room Temperature (Data 5):** The room temperature fluctuates between 'd' and 'e', remaining relatively stable throughout the monitoring period.

**Explanation:**

The data strongly suggests a correlation between processor load, temperature, and fan speed. Initially, with a low processor load, the temperature remains stable. As the processor load increases significantly in the last minute, the temperature rises. The fan speed increases in response, attempting to cool the processor. The CPU voltage also increases, indicating higher power consumption. The room temperature remains relatively constant, suggesting it isn't a primary driver of the temperature increase.

The increase in CPU voltage with increased load is expected, but it also contributes to heat generation. The fan's response is appropriate, but the temperature still rises, indicating the cooling may not be sufficient to handle the increased load.

**Potential Actions/Recommendations:**

1.  **Monitor Temperature and Load:** Continuously monitor both processor temperature and load to identify patterns and potential overheating issues.
2.  **Optimize Processor Usage:** Investigate the processes causing the increased load. Consider optimizing code, reducing background tasks, or limiting the number of concurrent processes.
3.  **Increase Fan Speed (if possible):** If the fan speed is controllable, consider increasing it to improve cooling efficiency.
4.  **Improve Cooling Solution:** If overheating persists, consider upgrading the cooling solution (e.g., heatsink, fan, liquid cooling).
5.  **Decrease Room Temperature:** While the room temperature is currently stable, lowering it slightly could provide additional cooling capacity.

**Flow Diagram (Mermaid Syntax):**

```mermaid
graph TD
    A[Start] --> B{Is Temperature High?};
    B -- Yes --> C{Read System Error Log};
    C --> D{Is Error Log Showing Errors?};
    D -- Yes --> E[End System Processes];
    D -- No --> F{Read System Load};
    F --> G{Is System Load High?};
    G -- Yes --> H{Lower Maximum Processor Usage};
    G -- No --> I{Increase Fan Speed};
    B -- No --> J[Monitor Temperature];
    J --> K{Is Room Temperature High?};
    K -- Yes --> L[Decrease Room Temperature];
    K -- No --> J;
    E --> J;
    H --> J;
    I --> J;
    L --> J;
    J --> A;
```

**Explanation of Flow Diagram:**

1.  The process starts with monitoring the processor temperature.
2.  If the temperature is high, the system checks the error log for potential issues.
3.  If errors are found, the system ends unnecessary processes.
4.  If no errors are found, the system checks the processor load.
5.  If the load is high, the system lowers the maximum processor usage.
6.  If the load is not high, the system increases the fan speed.
7.  If the room temperature is high, the system decreases it.
8.  The process loops back to monitoring the temperature to ensure the issue is resolved.


-------------------------------------------

Execution time: 26.255862712860107 seconds

