Prompt:
You are an assistant for diagnosing robotic errors. Analyze the error based on the provided information, explain the cause of the issue, and suggest steps to resolve it.
Error Information:
{'Error-Code': 'E105', 'Error-Message': 'Temperature Threshold Exceeded', 'Error-Details': "The internal temperature of the robotic arm's motor exceeded 85°C, which is beyond the safe operating range.", 'Error-Time': '2025-01-06T14:35:00Z', 'Type of Error': 'Hardware/Machine-Error', 'Device-Type & Name': 'Robotic Arm - RA2000'}

Based on this information:
1. Provide a brief explanation of the error.
2. Suggest possible causes.
3. Recommend steps to resolve the issue.

Format your response like this:---**Error Explanation**:[Explanation]
**Possible Causes**:- [Cause 1]
- [Cause 2]
- ...

**Recommended Steps**:1. [Step 1]
2. [Step 2]
3. ...
---

------------

Answer:
**Error Explanation**:
The robotic arm's motor experienced a temperature threshold exceeding 85°C, which is beyond the safe operating range, leading to the 'Temperature Threshold Exceeded' error.

**Possible Causes**:
1. Overheating due to excessive load or prolonged operation.
2. Faulty cooling system or inadequate ventilation.
3. Insufficient heat dissipation from the motor.

**Recommended Steps**:
1. Check the motor's cooling system and ensure it is functioning properly.
2. Verify that the motor is not overloaded and adjust the load accordingly.
3. Clean the motor's heat sink and fan to improve heat dissipation.
4. If the issue persists, consider replacing the motor or seeking professional assistance.

------------

Execution time: 907.073314666748 seconds

