Timestamp: HH-MM-SS   DD-MM-YYYY
           12:57:43   19-03-2025

-------------------------------------------

Model: gemma:7b
--------------------------
     mirostat      : 2
     mirostat_eta  : 0.5
     mirostat_tau  : 2.0
     num_ctx       : 8192
     repeat_last_n : 128
     repeat_penalty: 1.3
     temperature   : 0.1
     seed          : 7
     num_predict   : -1
     top_k         : 10
     top_p         : 0.5
     min_p         : 0.2

-------------------------------------------

Processor: Intel Core i9-14900K
RAM: 64 GB DDR5
GPU: NVIDIA GeForce RTX 4090 (24GB GDDR6X, 16384 CUDA Cores)
OS: Ubuntu 22.04

-------------------------------------------

Path: paasax
-------------------------------------------

Prompt:
Task:
Analyze the following normalized temperature time series data of a processor. Refer to the time over which the data was recorded. The data is represented using the SAX representation (symbollic aggregation approximation).
Data 1 context:
The temperature data was measured at 1 second intervals over a 5 minute period. This makes a total of 300 data points, which were then transformed into 10 segments of 30 data points each. The SAX representation was then applied to the segments with the following symbols: a, b, c, d, e, f, g, h, i, j, k, l, m, n, o, p, q, r, s, t, u, v, w, x, y, z.
Data 1:
{'09:04:56': 'c', '09:05:26': 'c', '09:05:56': 'c', '09:06:26': 'c', '09:06:56': 'c', '09:07:26': 'c', '09:07:56': 'c', '09:08:26': 'e', '09:08:56': 'g', '09:09:26': 'h'}
Data 2 context:
The processor-load data was measured at 1 second intervals over a 5 minute period. This makes a total of 300 data points, which were then transformed into 10 segments of 30 data points each. The SAX representation was then applied to the segments with the following symbols: a, b, c, d, e, f, g, h, i, j, k, l, m, n, o, p, q, r, s, t, u, v, w, x, y, z.
Data 2:
{'09:04:56': 'b', '09:05:26': 'b', '09:05:56': 'b', '09:06:26': 'b', '09:06:56': 'h', '09:07:26': 'h', '09:07:56': 'g', '09:08:26': 'f', '09:08:56': 'd', '09:09:26': 'c'}
Desired output format:
Provide an analysis of temperature trends and patterns as a function of processor utilization. The response should be structured, starting with key observations, followed by explanations and concluding with possible actions or recommendations to maintain an optimal processor temperature.


-------------------------------------------

Answer:
## Analysis of Processor Temperature and Utilization Patterns

**Key Observations:**

* Temperature readings primarily hover around the symbol 'c', indicating a relatively stable baseline temperature.
* Occasional spikes in temperature occur, reaching values associated with symbols 'e', 'g', 'h', and 'f'.
* These temperature spikes coincide with instances of increased processor utilization, where the SAX symbol associated with processor load is 'b', 'h', 'f', or 'd'.


**Explanations:**

* The observed correlation suggests that increased processor utilization leads to temporary temperature increases.
* The magnitude of the temperature increase appears to be proportional to the magnitude of the processor load spike.
* The relatively low baseline temperature indicates good thermal management under normal load conditions.


**Possible Actions/Recommendations:**

**1. Improve Thermal Management:**

* Implement additional cooling measures such as increasing fan speed or activating cooling fans when processor load exceeds a certain threshold.
* Consider reducing the thermal threshold for activating cooling fans to prevent unnecessary noise.


**2. Optimize Power Management:**

* Configure the processor to reduce clock speed or reduce power consumption when idle or under light load.
* Implement workload prioritization techniques to ensure that computationally intensive tasks do not continuously overload the processor.


**3. Monitoring and Alerting:**

* Establish thresholds for processor temperature and load to trigger alerts and notifications.
* Use monitoring tools to track temperature and load metrics over time and proactively adjust cooling or power management settings as needed.


**4. Hardware Considerations:**

* Ensure proper airflow around the processor to facilitate heat dissipation.
* Consider upgrading the thermal paste or heatsink if the current configuration proves insufficient for the workload.


**Additional Considerations:**

* The provided data only covers a 5-minute period and may not be representative of longer-term temperature behavior.
* The analysis assumes a direct correlation between processor utilization and temperature increases. In reality, other factors such as ambient temperature and workload characteristics can influence temperature.

-------------------------------------------

Execution time: 7.8127992153167725 seconds

