Timestamp: HH-MM-SS   DD-MM-YYYY
           12:45:10   19-03-2025

-------------------------------------------

Model: gemma3:27b
--------------------------
     mirostat      : 2
     mirostat_eta  : 0.5
     mirostat_tau  : 2.0
     num_ctx       : 8192
     repeat_last_n : 128
     repeat_penalty: 1.3
     temperature   : 0.1
     seed          : 7
     num_predict   : -1
     top_k         : 10
     top_p         : 0.5
     min_p         : 0.2

-------------------------------------------

Processor: Intel Core i9-14900K
RAM: 64 GB DDR5
GPU: NVIDIA GeForce RTX 4090 (24GB GDDR6X, 16384 CUDA Cores)
OS: Ubuntu 22.04

-------------------------------------------

Path: raw
-------------------------------------------

Prompt:
Task:
Analyze the given time-series data, identify any trends, patterns, or anomalies, and provide insights into the nature of the dataset.
Data context:
None
Data:
{'09:04:55': 22.164038695058807, '09:05:55': 47.353242229951306, '09:06:55': 38.88897019700924, '09:07:55': 0.05665345338418115, '09:08:55': 3.3858799861195776, '09:09:55': 39.30620130176356, '09:10:55': 64.21491116047794, '09:11:55': 68.27199394051624, '09:12:55': 38.195684429976154, '09:13:55': 70.98756810862865, '09:14:55': 8.725619632520198, '09:15:55': 8.83511861830668, '09:16:55': 27.365253762654163, '09:17:55': 85.05943036451924, '09:18:55': 77.45750589606949, '09:19:55': 10.383970856075553, '09:20:55': 26.470655563881785, '09:21:55': 73.71827942620871, '09:22:55': 70.61899181660517, '09:23:55': 50.779979242979, '09:24:55': 50.706925508468046, '09:25:55': 93.87295739642435, '09:26:55': 63.47474098995688, '09:27:55': 81.29499717906774, '09:28:55': 44.36621765255582, '09:29:55': 72.93322002399465, '09:30:55': 74.25218640710582, '09:31:55': 95.95561641288029, '09:32:55': 85.45862429167869, '09:33:55': 43.1908039537644, '09:34:55': 63.89026608607017, '09:35:55': 30.8268777981351, '09:36:55': 60.8351649169619, '09:37:55': 24.913492561820416, '09:38:55': 5.3150537500544, '09:39:55': 87.45270512237133, '09:40:55': 35.979019692080726, '09:41:55': 34.92407658928405, '09:42:55': 19.74340354633941, '09:43:55': 57.80416422997, '09:44:55': 47.068782678671916, '09:45:55': 60.31175011064962, '09:46:55': 81.6961160131645, '09:47:55': 70.18682153987275, '09:48:55': 37.75123297191414, '09:49:55': 78.33922730033838, '09:50:55': 46.945134012215675, '09:51:55': 12.572505261491084, '09:52:55': 50.12482320323686, '09:53:55': 16.01200693291801, '09:54:55': 49.0453075123907, '09:55:55': 77.66611923740967, '09:56:55': 93.05848669965322, '09:57:55': 89.44128439647405, '09:58:55': 32.863096132725744, '09:59:55': 53.64908824100776, '10:00:55': 30.18528517098019, '10:01:55': 76.00331143010389, '10:02:55': 30.831058431721747, '10:03:55': 31.837687622770762, '10:04:55': 66.0095530099207, '10:05:55': 92.73170705425798, '10:06:55': 23.357038376356698, '10:07:55': 73.30341765947418, '10:08:55': 47.36112736821727, '10:09:55': 94.6812273759472, '10:10:55': 48.089871269596394, '10:11:55': 6.742713776167264, '10:12:55': 27.660984521950827, '10:13:55': 33.19971127399415, '10:14:55': 30.4051716321718, '10:15:55': 76.03823280611635, '10:16:55': 95.2596656948569}
Desired output format:
Provide a structured and time-based analysis of the time series data. Find trends, fluctuations or anomalies.


-------------------------------------------

Answer:
## Time Series Data Analysis: 09:04:55 - 10:16:55

Here's an analysis of the provided time series data, looking for trends, patterns, and anomalies.

**1. Overview & Data Characteristics:**

The data represents a time series of numerical values recorded approximately every minute, spanning from 09:04:55 to 10:16:55. The values fluctuate significantly, ranging from near zero to over 95.  This suggests the data likely represents a dynamic process, rather than a stable one.

**2. Time-Based Segmentation & Analysis:**

Let's break down the data into segments to identify patterns:

* **09:04:55 - 09:08:55 (Initial Phase):**  Starts with a value of 22.16, quickly rises to 47.35, then dips to 38.89.  A significant drop to 0.06 at 09:07:55 is a notable anomaly.  It then rises again to 3.39. This initial period is characterized by high volatility.
* **09:09:55 - 09:14:55 (Rising Trend):**  Values generally increase from 39.31 to 70.99. This represents a clear upward trend.
* **09:15:55 - 09:19:55 (Peak & Drop):**  The data reaches a local peak around 70.99, then experiences a sharp decline to 8.73 and 8.84. This is a significant fluctuation.
* **09:20:55 - 09:25:55 (Fluctuating Highs):** Values fluctuate between 26.47 and 93.87.  The data seems to oscillate, with a peak at 93.87.
* **09:26:55 - 09:30:55 (High & Stable):** Values remain relatively high, fluctuating between 63.47 and 74.25.
* **09:31:55 - 09:35:55 (Peak & Decline):** Another peak at 95.96, followed by a decline to 30.83.
* **09:36:55 - 09:40:55 (Moderate Values):** Values fluctuate between 24.91 and 35.98.
* **09:41:55 - 09:45:55 (Moderate & Increasing):** Values increase from 34.92 to 60.31.
* **09:46:55 - 09:50:55 (High & Fluctuating):** Values fluctuate between 60.31 and 78.34.
* **09:51:55 - 09:56:55 (High & Peak):** Values fluctuate between 12.57 and 93.06.
* **09:57:55 - 10:02:55 (High & Decline):** Values fluctuate between 32.86 and 30.83.
* **10:03:55 - 10:07:55 (Moderate & Increasing):** Values increase from 31.84 to 73.30.
* **10:08:55 - 10:12:55 (Moderate & Decline):** Values decline from 73.30 to 6.74.
* **10:13:55 - 10:16:55 (Moderate):** Values fluctuate between 6.74 and 95.26.

**3. Identified Trends & Patterns:**

* **Volatility:** The data is highly volatile throughout the entire period.  Large fluctuations are common.
* **Recurring Peaks:** There are several instances of the data reaching peaks (around 70-95), followed by significant drops. This suggests a cyclical or oscillating behavior.
* **No Clear Long-Term Trend:**  While there are short-term upward and downward trends, there isn't a consistent long-term trend (e.g., consistently increasing or decreasing values).
* **Oscillating Behavior:** The data appears to oscillate between relatively low and high values.

**4. Anomalies:**

* **09:07:55 (Value of 0.06):** This is a significant outlier, drastically lower than surrounding values. It's a clear anomaly.
* **Sudden Drops:** The sharp declines after peaks (e.g., around 09:14:55, 09:35:55) are also noteworthy, though not necessarily anomalies if they are part of the oscillating pattern.
* **10:11:55 (Value of 6.74):** This is a significant outlier, drastically lower than surrounding values. It's a clear anomaly.

**5. Possible Interpretations & Next Steps:**

Without context, it's difficult to determine the meaning of this data. However, some possibilities include:

* **Sensor Data:** The data could represent readings from a sensor that fluctuates rapidly.
* **System Performance:** It could represent a metric related to system performance (e.g., CPU usage, network traffic).
* **Financial Data:** It could represent a volatile financial instrument.

**To gain a better understanding, it would be helpful to know:**

* **What does the data represent?** (The context of the data is crucial.)
* **What is the sampling frequency?** (Is it exactly one minute, or is there some variation?)
* **Are there any external factors that might influence the data?**

**Further analysis could include:**

* **Calculating statistical measures:** Mean, standard deviation, min, max, etc.
* **Applying time series decomposition:** Separating the data into trend, seasonality, and residual components.
* **Using forecasting techniques:** Predicting future values based on past data.
* **Applying anomaly detection algorithms:** Identifying unusual patterns or outliers.


-------------------------------------------

Execution time: 38.735636472702026 seconds

