Timestamp: HH-MM-SS   DD-MM-YYYY
           16:08:28   05-03-2025

-------------------------------------------

Model: phi4:14b
--------------------------
     mirostat      : 2
     mirostat_eta  : 0.5
     mirostat_tau  : 2.0
     num_ctx       : 8192
     repeat_last_n : 128
     repeat_penalty: 1.3
     temperature   : 0.1
     seed          : 7
     num_predict   : -1
     top_k         : 10
     top_p         : 0.5
     min_p         : 0.2

-------------------------------------------

Processor: Intel Core i9-14900K
RAM: 64 GB DDR5
GPU: NVIDIA GeForce RTX 4090 (24GB GDDR6X, 16384 CUDA Cores)
OS: Ubuntu 22.04

-------------------------------------------

Prompt:
Task:
Identify the underlying pattern of a numerical sequence where only every third value is provided. Fill in the missing numbers and return the complete sequence.
Data:
{'14:43:01': 2, '14:43:04': 7, '14:43:07': 17, '14:43:10': 29, '14:43:13': 41, '14:43:16': 53, '14:43:19': 67, '14:43:22': 79, '14:43:25': 97, '14:43:28': 107}
Additional context:
The given data represents every third value of a complete numerical sequence. The missing values between the given numbers follow the same underlying pattern. Your goal is to infer the rule governing the sequence and reconstruct the full set of numbers.
Desired output format:
Return a list containing the complete numerical sequence, including the missing values in their correct positions. Do not include any additional commentary, only the reconstructed sequence. Also return a list containing the timestamps of every single value.


-------------------------------------------

Answer:
```python
timestamps = [
    '14:43:01', '14:43:02', '14:43:03', '14:43:04', '14:43:05', '14:43:06', 
    '14:43:07', '14:43:08', '14:43:09', '14:43:10', '14:43:11', '14:43:12', 
    '14:43:13', '14:43:14', '14:43:15', '14:43:16', '14:43:17', '14:43:18', 
    '14:43:19', '14:43:20', '14:43:21', '14:43:22', '14:43:23', '14:43:24', 
    '14:43:25', '14:43:26', '14:43:27', '14:43:28'
]

given_values = [2, 7, 17, 29, 41, 53, 67, 79, 97, 107]

# Calculate the differences between every third value
differences = [given_values[i+1] - given_values[i] for i in range(len(given_values) - 1)]

# The differences between every third value are: [5, 10, 12, 12, 12, 14, 12, 18, 10]
# We can infer the pattern for the differences between consecutive values:
# Every third value increases by 5, 10, 12, 12, 12, 14, 12, 18, 10
# This suggests a pattern of adding 2, 2, 2, 2, 2, 2, 2, 6, 2 to the previous difference

# Start with the first difference
first_difference = 5

# Generate the full sequence of differences
full_differences = []
for i in range(9):
    for _ in range(3):
        full_differences.append(first_difference)
    if i < 8:
        first_difference += 2 if i < 5 else 6 if i == 7 else 2

# Generate the full sequence using the differences
full_sequence = [2]
for diff in full_differences:
    full_sequence.append(full_sequence[-1] + diff)

# Output the full sequence and timestamps
full_sequence, timestamps
```

-------------------------------------------

Execution time: 9.165425777435303 seconds

