Timestamp: HH-MM-SS   DD-MM-YYYY
           16:12:24   15-04-2025

-------------------------------------------

Model: gemma3:27b
--------------------------
Default
-------------------------------------------

Processor: Intel Core i9-14900K
RAM: 64 GB DDR5
GPU: NVIDIA GeForce RTX 4090 (24GB GDDR6X, 16384 CUDA Cores)
OS: Ubuntu 22.04

-------------------------------------------

Path: prompts/single/paasax/temperature_test.json
-------------------------------------------

Prompt: paasax
Task:
Analyze the following normalized temperature time series data of a processor. Refer to the time over which the data was recorded. The data is represented using the SAX representation (symbollic aggregation approximation).Data 1 context:
The temperature data in data_1 was measured at 1 second intervals over a 5 minute period. This makes a total of 300 data points, which were then transformed into 10 segments of 30 data points each. The SAX representation was then applied to the segments with the following symbols: a, b, c, d, e, f, g, h, i, j, k, l, m, n, o, p, q, r, s, t, u, v, w, x, y, z. The minimum value is around 50°C, the maximum value around 100°C.
Data 1:
{'14:10:07': 'c', '14:10:37': 'c', '14:11:07': 'c', '14:11:37': 'c', '14:12:07': 'c', '14:12:37': 'c', '14:13:07': 'c', '14:13:37': 'e', '14:14:07': 'g', '14:14:37': 'h'}
Data 2 context:
The processor-load data in data_2 was measured at 1 second intervals over a 5 minute period. This makes a total of 300 data points, which were then transformed into 10 segments of 30 data points each. The SAX representation was then applied to the segments with the following symbols: a, b, c, d, e, f, g, h, i, j, k, l, m, n, o, p, q, r, s, t, u, v, w, x, y, z. The minimum value is around 30% load, the maximum value around 80%.
Data 2:
{'14:10:07': 'b', '14:10:37': 'b', '14:11:07': 'b', '14:11:37': 'b', '14:12:07': 'h', '14:12:37': 'h', '14:13:07': 'g', '14:13:37': 'f', '14:14:07': 'd', '14:14:37': 'c'}
Data 3 context:
The fanspeed data in data_3 was measured at 1 second intervals over a 5 minute period. This makes a total of 300 data points, which were then transformed into 10 segments of 30 data points each. The SAX representation was then applied to the segments with the following symbols: a, b, c, d, e, f, g, h, i, j, k, l, m, n, o, p, q, r, s, t, u, v, w, x, y, z. The minimum value is around 1000 RPM, the maximum value around 8500 RPM.
Data 3:
{'14:10:07': 'c', '14:10:37': 'c', '14:11:07': 'c', '14:11:37': 'c', '14:12:07': 'h', '14:12:37': 'h', '14:13:07': 'g', '14:13:37': 'd', '14:14:07': 'b', '14:14:37': 'a'}
Data 4 context:
The voltage data of the CPU in data_4 was measured at 1 second intervals over a 5 minute period. This makes a total of 300 data points, which were then transformed into 10 segments of 30 data points each. The SAX representation was then applied to the segments with the following symbols: a, b, c, d, e, f, g, h, i, j, k, l, m, n, o, p, q, r, s, t, u, v, w, x, y, z. The minimum value is around 35% capacity which is about 0.45V, the maximum value around 80% which is about 1.05V.
Data 4:
{'14:10:07': 'b', '14:10:37': 'b', '14:11:07': 'b', '14:11:37': 'b', '14:12:07': 'g', '14:12:37': 'g', '14:13:07': 'g', '14:13:37': 'f', '14:14:07': 'f', '14:14:37': 'f'}

Desired output format:
Provide an analysis of the temperature trends and patterns depending on the processor load, fanspeed and cpu voltage. The response should be structured, starting with key observations, followed by explanations, and concluding with potential actions or recommendations to maintain optimal processor temperature. Generate a flow diagram in mermaid syntax, describing the necessary interventions for problem identification and fixing. Only use the following interventions: reading temperature, reading system load, reading system error log, increasing Fan speed, end system processes, lower maximum processor usage, decrease room temperature.

-------------------------------------------

Answer:
## Processor Health Analysis: Temperature, Load, Fan Speed & Voltage

Here's an analysis of the provided processor data, focusing on temperature trends in relation to load, fan speed, and voltage.

**Key Observations:**

*   **Temperature (Data 1):** The temperature remains relatively stable at 'c' for the first four minutes. A gradual increase is observed, moving from 'c' to 'e', 'g', and finally 'h' in the last minute. This suggests a potential heating issue developing over time.
*   **Processor Load (Data 2):** The load is stable at 'b' for the first four minutes, then decreases from 'h' to 'g', 'f', 'd', and 'c' in the last minute. This decreasing load *should* correlate with decreasing temperature, but doesn't fully explain the temperature increase in Data 1.
*   **Fan Speed (Data 3):** The fan speed is stable at 'c' for the first four minutes, then increases to 'h', 'g', 'd', 'b', and 'a' in the last minute. This indicates the fan is reacting to increasing temperatures, but the initial temperature rise seems to *precede* the significant fan speed increase.
*   **CPU Voltage (Data 4):** The voltage remains stable at 'b' for the first four minutes, then decreases to 'g', 'g', 'g', 'f', 'f', and 'f' in the last minute. The voltage decrease doesn't seem to be directly related to the temperature increase.

**Explanation:**

The data suggests a developing thermal issue. While the processor load decreases in the last minute, the temperature continues to rise. This could indicate:

1.  **Inefficient Heat Dissipation:** The cooling system (heatsink and fan) may not be effectively removing heat, even with increasing fan speed. Dust accumulation, degraded thermal paste, or a failing heatsink could be contributing factors.
2.  **Background Processes:** Despite the reported load decreasing, hidden background processes might be consuming CPU resources and generating heat.
3.  **Thermal Throttling:** The processor might be starting to thermally throttle, reducing performance to prevent overheating. This would explain the decreasing load while the temperature continues to rise.
4.  **Environmental Factors:** The ambient room temperature might be higher than usual, reducing the effectiveness of the cooling system.

The fact that the fan speed increases *after* the temperature starts to rise suggests the system is reacting to the heat, rather than proactively preventing it. The stable voltage doesn't appear to be a primary driver of the temperature increase.

**Potential Actions & Recommendations:**

1.  **Monitor Temperature Closely:** Continuously monitor the processor temperature to identify any further increases or fluctuations.
2.  **Check for Background Processes:** Investigate and terminate any unnecessary background processes consuming CPU resources.
3.  **Inspect Cooling System:** Physically inspect the heatsink and fan for dust accumulation or damage. Clean or replace as needed. Reapply thermal paste to the CPU.
4.  **Adjust Processor Usage:** Limit maximum processor usage through power settings or software configurations.
5.  **Improve Room Ventilation:** Ensure adequate ventilation in the room to lower the ambient temperature.
6.  **Check System Error Logs:** Review system error logs for any hardware-related errors that might indicate a failing component.

**Flow Diagram (Mermaid Syntax):**

```mermaid
graph TD
    A[Start] --> B{Is Temperature Rising?};
    B -- Yes --> C{Read Temperature};
    C --> D{Read System Load};
    D --> E{Read System Error Log};
    E --> F{Is Load High?};
    F -- Yes --> G[Lower Maximum Processor Usage];
    F -- No --> H{Is Error Log Showing Hardware Issues?};
    H -- Yes --> I[End System Processes];
    H -- No --> J{Is Room Temperature High?};
    J -- Yes --> K[Decrease Room Temperature];
    J -- No --> L[Increasing Fan Speed];
    L --> M{Is Temperature Still Rising?};
    M -- Yes --> N[Further Investigation Needed];
    M -- No --> O[Temperature Stabilized];
    N --> O;
    B -- No --> O;
    O[End];
```

This analysis provides a starting point for diagnosing and addressing the potential thermal issue. Continuous monitoring and proactive maintenance are crucial for maintaining optimal processor health and preventing overheating.


-------------------------------------------

Execution time: 26.09055185317993 seconds

