Timestamp: HH-MM-SS   DD-MM-YYYY
           10:37:18   19-03-2025

-------------------------------------------

Model: gemma3:27b
--------------------------
     mirostat      : 2
     mirostat_eta  : 0.5
     mirostat_tau  : 2.0
     num_ctx       : 8192
     repeat_last_n : 128
     repeat_penalty: 1.3
     temperature   : 0.1
     seed          : 7
     num_predict   : -1
     top_k         : 10
     top_p         : 0.5
     min_p         : 0.2

-------------------------------------------

Processor: Intel Core i9-14900K
RAM: 64 GB DDR5
GPU: NVIDIA GeForce RTX 4090 (24GB GDDR6X, 16384 CUDA Cores)
OS: Ubuntu 22.04

-------------------------------------------

Path: rounded
-------------------------------------------

Prompt:
Task:
Analyze the following temperature time series data of a processor. Refer to the time over which the data was recorded. Consider the processor performance data.
Data 1 context:
The temperature data was measured at 1 second intervals over a 5 minute period. This makes a total of 300 data points.
Data 1:
{'09:04:56': 50.0, '09:04:57': 51.0, '09:04:58': 50.0, '09:04:59': 51.0, '09:05:00': 51.0, '09:05:01': 50.0, '09:05:02': 51.0, '09:05:03': 50.0, '09:05:04': 49.0, '09:05:05': 49.0, '09:05:06': 50.0, '09:05:07': 50.0, '09:05:08': 48.0, '09:05:09': 49.0, '09:05:10': 51.0, '09:05:11': 50.0, '09:05:12': 52.0, '09:05:13': 48.0, '09:05:14': 51.0, '09:05:15': 49.0, '09:05:16': 49.0, '09:05:17': 50.0, '09:05:18': 51.0, '09:05:19': 50.0, '09:05:20': 51.0, '09:05:21': 52.0, '09:05:22': 50.0, '09:05:23': 51.0, '09:05:24': 51.0, '09:05:25': 50.0, '09:05:26': 50.0, '09:05:27': 51.0, '09:05:28': 51.0, '09:05:29': 50.0, '09:05:30': 50.0, '09:05:31': 49.0, '09:05:32': 49.0, '09:05:33': 49.0, '09:05:34': 49.0, '09:05:35': 50.0, '09:05:36': 49.0, '09:05:37': 50.0, '09:05:38': 49.0, '09:05:39': 51.0, '09:05:40': 49.0, '09:05:41': 51.0, '09:05:42': 51.0, '09:05:43': 49.0, '09:05:44': 51.0, '09:05:45': 50.0, '09:05:46': 49.0, '09:05:47': 51.0, '09:05:48': 50.0, '09:05:49': 49.0, '09:05:50': 50.0, '09:05:51': 50.0, '09:05:52': 49.0, '09:05:53': 51.0, '09:05:54': 51.0, '09:05:55': 50.0, '09:05:56': 51.0, '09:05:57': 51.0, '09:05:58': 51.0, '09:05:59': 49.0, '09:06:00': 51.0, '09:06:01': 49.0, '09:06:02': 50.0, '09:06:03': 51.0, '09:06:04': 50.0, '09:06:05': 50.0, '09:06:06': 50.0, '09:06:07': 51.0, '09:06:08': 49.0, '09:06:09': 49.0, '09:06:10': 50.0, '09:06:11': 51.0, '09:06:12': 50.0, '09:06:13': 50.0, '09:06:14': 50.0, '09:06:15': 50.0, '09:06:16': 49.0, '09:06:17': 50.0, '09:06:18': 51.0, '09:06:19': 50.0, '09:06:20': 51.0, '09:06:21': 51.0, '09:06:22': 50.0, '09:06:23': 51.0, '09:06:24': 50.0, '09:06:25': 50.0, '09:06:26': 51.0, '09:06:27': 50.0, '09:06:28': 50.0, '09:06:29': 50.0, '09:06:30': 49.0, '09:06:31': 50.0, '09:06:32': 49.0, '09:06:33': 51.0, '09:06:34': 50.0, '09:06:35': 51.0, '09:06:36': 50.0, '09:06:37': 51.0, '09:06:38': 49.0, '09:06:39': 49.0, '09:06:40': 50.0, '09:06:41': 51.0, '09:06:42': 50.0, '09:06:43': 51.0, '09:06:44': 50.0, '09:06:45': 50.0, '09:06:46': 51.0, '09:06:47': 50.0, '09:06:48': 51.0, '09:06:49': 49.0, '09:06:50': 51.0, '09:06:51': 49.0, '09:06:52': 50.0, '09:06:53': 49.0, '09:06:54': 50.0, '09:06:55': 50.0, '09:06:56': 50.0, '09:06:57': 47.0, '09:06:58': 50.0, '09:06:59': 54.0, '09:07:00': 54.0, '09:07:01': 53.0, '09:07:02': 53.0, '09:07:03': 52.0, '09:07:04': 48.0, '09:07:05': 52.0, '09:07:06': 48.0, '09:07:07': 55.0, '09:07:08': 48.0, '09:07:09': 49.0, '09:07:10': 53.0, '09:07:11': 49.0, '09:07:12': 51.0, '09:07:13': 52.0, '09:07:14': 46.0, '09:07:15': 55.0, '09:07:16': 50.0, '09:07:17': 53.0, '09:07:18': 50.0, '09:07:19': 56.0, '09:07:20': 52.0, '09:07:21': 52.0, '09:07:22': 46.0, '09:07:23': 43.0, '09:07:24': 46.0, '09:07:25': 44.0, '09:07:26': 46.0, '09:07:27': 48.0, '09:07:28': 55.0, '09:07:29': 44.0, '09:07:30': 47.0, '09:07:31': 48.0, '09:07:32': 52.0, '09:07:33': 53.0, '09:07:34': 56.0, '09:07:35': 54.0, '09:07:36': 52.0, '09:07:37': 48.0, '09:07:38': 48.0, '09:07:39': 48.0, '09:07:40': 50.0, '09:07:41': 47.0, '09:07:42': 52.0, '09:07:43': 49.0, '09:07:44': 49.0, '09:07:45': 52.0, '09:07:46': 45.0, '09:07:47': 53.0, '09:07:48': 54.0, '09:07:49': 51.0, '09:07:50': 47.0, '09:07:51': 49.0, '09:07:52': 54.0, '09:07:53': 58.0, '09:07:54': 59.0, '09:07:55': 45.0, '09:07:56': 48.0, '09:07:57': 52.0, '09:07:58': 53.0, '09:07:59': 53.0, '09:08:00': 59.0, '09:08:01': 61.0, '09:08:02': 45.0, '09:08:03': 57.0, '09:08:04': 48.0, '09:08:05': 50.0, '09:08:06': 49.0, '09:08:07': 50.0, '09:08:08': 56.0, '09:08:09': 58.0, '09:08:10': 44.0, '09:08:11': 55.0, '09:08:12': 44.0, '09:08:13': 53.0, '09:08:14': 46.0, '09:08:15': 53.0, '09:08:16': 46.0, '09:08:17': 54.0, '09:08:18': 56.0, '09:08:19': 46.0, '09:08:20': 56.0, '09:08:21': 52.0, '09:08:22': 49.0, '09:08:23': 57.0, '09:08:24': 54.0, '09:08:25': 54.0, '09:08:26': 58.0, '09:08:27': 53.0, '09:08:28': 48.0, '09:08:29': 53.0, '09:08:30': 51.0, '09:08:31': 57.0, '09:08:32': 62.0, '09:08:33': 52.0, '09:08:34': 56.0, '09:08:35': 53.0, '09:08:36': 58.0, '09:08:37': 56.0, '09:08:38': 56.0, '09:08:39': 59.0, '09:08:40': 57.0, '09:08:41': 53.0, '09:08:42': 60.0, '09:08:43': 54.0, '09:08:44': 64.0, '09:08:45': 45.0, '09:08:46': 58.0, '09:08:47': 67.0, '09:08:48': 58.0, '09:08:49': 58.0, '09:08:50': 58.0, '09:08:51': 59.0, '09:08:52': 56.0, '09:08:53': 58.0, '09:08:54': 66.0, '09:08:55': 63.0, '09:08:56': 55.0, '09:08:57': 64.0, '09:08:58': 58.0, '09:08:59': 61.0, '09:09:00': 70.0, '09:09:01': 62.0, '09:09:02': 60.0, '09:09:03': 69.0, '09:09:04': 71.0, '09:09:05': 67.0, '09:09:06': 59.0, '09:09:07': 65.0, '09:09:08': 66.0, '09:09:09': 73.0, '09:09:10': 64.0, '09:09:11': 75.0, '09:09:12': 66.0, '09:09:13': 72.0, '09:09:14': 71.0, '09:09:15': 69.0, '09:09:16': 71.0, '09:09:17': 67.0, '09:09:18': 78.0, '09:09:19': 85.0, '09:09:20': 70.0, '09:09:21': 77.0, '09:09:22': 69.0, '09:09:23': 77.0, '09:09:24': 74.0, '09:09:25': 79.0, '09:09:26': 74.0, '09:09:27': 78.0, '09:09:28': 76.0, '09:09:29': 80.0, '09:09:30': 84.0, '09:09:31': 86.0, '09:09:32': 78.0, '09:09:33': 86.0, '09:09:34': 88.0, '09:09:35': 81.0, '09:09:36': 83.0, '09:09:37': 80.0, '09:09:38': 84.0, '09:09:39': 83.0, '09:09:40': 90.0, '09:09:41': 84.0, '09:09:42': 94.0, '09:09:43': 74.0, '09:09:44': 91.0, '09:09:45': 95.0, '09:09:46': 87.0, '09:09:47': 89.0, '09:09:48': 93.0, '09:09:49': 88.0, '09:09:50': 87.0, '09:09:51': 98.0, '09:09:52': 99.0, '09:09:53': 89.0, '09:09:54': 95.0, '09:09:55': 99.0}
Data 2 context:
The processor-load data was recorded at 1 second intervals over a 5 minute period. This makes a total of 300 data points.
Data 2:
{'09:04:56': 33.0, '09:04:57': 25.0, '09:04:58': 30.0, '09:04:59': 27.0, '09:05:00': 28.0, '09:05:01': 32.0, '09:05:02': 32.0, '09:05:03': 31.0, '09:05:04': 31.0, '09:05:05': 30.0, '09:05:06': 31.0, '09:05:07': 28.0, '09:05:08': 27.0, '09:05:09': 28.0, '09:05:10': 30.0, '09:05:11': 29.0, '09:05:12': 31.0, '09:05:13': 30.0, '09:05:14': 28.0, '09:05:15': 32.0, '09:05:16': 29.0, '09:05:17': 28.0, '09:05:18': 30.0, '09:05:19': 30.0, '09:05:20': 33.0, '09:05:21': 31.0, '09:05:22': 26.0, '09:05:23': 32.0, '09:05:24': 29.0, '09:05:25': 28.0, '09:05:26': 31.0, '09:05:27': 29.0, '09:05:28': 27.0, '09:05:29': 30.0, '09:05:30': 31.0, '09:05:31': 27.0, '09:05:32': 32.0, '09:05:33': 35.0, '09:05:34': 27.0, '09:05:35': 27.0, '09:05:36': 31.0, '09:05:37': 32.0, '09:05:38': 28.0, '09:05:39': 32.0, '09:05:40': 31.0, '09:05:41': 32.0, '09:05:42': 32.0, '09:05:43': 29.0, '09:05:44': 29.0, '09:05:45': 31.0, '09:05:46': 29.0, '09:05:47': 29.0, '09:05:48': 32.0, '09:05:49': 29.0, '09:05:50': 29.0, '09:05:51': 31.0, '09:05:52': 27.0, '09:05:53': 29.0, '09:05:54': 29.0, '09:05:55': 32.0, '09:05:56': 29.0, '09:05:57': 29.0, '09:05:58': 27.0, '09:05:59': 33.0, '09:06:00': 29.0, '09:06:01': 31.0, '09:06:02': 31.0, '09:06:03': 30.0, '09:06:04': 33.0, '09:06:05': 33.0, '09:06:06': 29.0, '09:06:07': 30.0, '09:06:08': 31.0, '09:06:09': 31.0, '09:06:10': 32.0, '09:06:11': 28.0, '09:06:12': 30.0, '09:06:13': 31.0, '09:06:14': 31.0, '09:06:15': 33.0, '09:06:16': 29.0, '09:06:17': 31.0, '09:06:18': 26.0, '09:06:19': 32.0, '09:06:20': 31.0, '09:06:21': 27.0, '09:06:22': 29.0, '09:06:23': 29.0, '09:06:24': 32.0, '09:06:25': 31.0, '09:06:26': 31.0, '09:06:27': 28.0, '09:06:28': 29.0, '09:06:29': 29.0, '09:06:30': 29.0, '09:06:31': 27.0, '09:06:32': 27.0, '09:06:33': 28.0, '09:06:34': 32.0, '09:06:35': 33.0, '09:06:36': 31.0, '09:06:37': 29.0, '09:06:38': 29.0, '09:06:39': 30.0, '09:06:40': 30.0, '09:06:41': 30.0, '09:06:42': 33.0, '09:06:43': 29.0, '09:06:44': 28.0, '09:06:45': 33.0, '09:06:46': 28.0, '09:06:47': 29.0, '09:06:48': 27.0, '09:06:49': 30.0, '09:06:50': 30.0, '09:06:51': 33.0, '09:06:52': 31.0, '09:06:53': 31.0, '09:06:54': 31.0, '09:06:55': 29.0, '09:06:56': 73.0, '09:06:57': 75.0, '09:06:58': 76.0, '09:06:59': 79.0, '09:07:00': 69.0, '09:07:01': 75.0, '09:07:02': 77.0, '09:07:03': 76.0, '09:07:04': 74.0, '09:07:05': 75.0, '09:07:06': 77.0, '09:07:07': 73.0, '09:07:08': 82.0, '09:07:09': 71.0, '09:07:10': 81.0, '09:07:11': 77.0, '09:07:12': 77.0, '09:07:13': 76.0, '09:07:14': 67.0, '09:07:15': 73.0, '09:07:16': 73.0, '09:07:17': 70.0, '09:07:18': 83.0, '09:07:19': 72.0, '09:07:20': 73.0, '09:07:21': 79.0, '09:07:22': 61.0, '09:07:23': 78.0, '09:07:24': 67.0, '09:07:25': 74.0, '09:07:26': 75.0, '09:07:27': 65.0, '09:07:28': 68.0, '09:07:29': 64.0, '09:07:30': 65.0, '09:07:31': 70.0, '09:07:32': 72.0, '09:07:33': 62.0, '09:07:34': 67.0, '09:07:35': 74.0, '09:07:36': 73.0, '09:07:37': 69.0, '09:07:38': 66.0, '09:07:39': 76.0, '09:07:40': 76.0, '09:07:41': 77.0, '09:07:42': 76.0, '09:07:43': 54.0, '09:07:44': 61.0, '09:07:45': 68.0, '09:07:46': 64.0, '09:07:47': 71.0, '09:07:48': 73.0, '09:07:49': 56.0, '09:07:50': 62.0, '09:07:51': 51.0, '09:07:52': 66.0, '09:07:53': 52.0, '09:07:54': 55.0, '09:07:55': 59.0, '09:07:56': 62.0, '09:07:57': 56.0, '09:07:58': 63.0, '09:07:59': 70.0, '09:08:00': 60.0, '09:08:01': 65.0, '09:08:02': 70.0, '09:08:03': 68.0, '09:08:04': 64.0, '09:08:05': 67.0, '09:08:06': 64.0, '09:08:07': 69.0, '09:08:08': 59.0, '09:08:09': 59.0, '09:08:10': 62.0, '09:08:11': 62.0, '09:08:12': 58.0, '09:08:13': 61.0, '09:08:14': 51.0, '09:08:15': 59.0, '09:08:16': 56.0, '09:08:17': 58.0, '09:08:18': 67.0, '09:08:19': 60.0, '09:08:20': 68.0, '09:08:21': 59.0, '09:08:22': 62.0, '09:08:23': 60.0, '09:08:24': 60.0, '09:08:25': 51.0, '09:08:26': 61.0, '09:08:27': 50.0, '09:08:28': 51.0, '09:08:29': 46.0, '09:08:30': 55.0, '09:08:31': 60.0, '09:08:32': 46.0, '09:08:33': 42.0, '09:08:34': 54.0, '09:08:35': 59.0, '09:08:36': 55.0, '09:08:37': 52.0, '09:08:38': 53.0, '09:08:39': 46.0, '09:08:40': 45.0, '09:08:41': 51.0, '09:08:42': 57.0, '09:08:43': 52.0, '09:08:44': 49.0, '09:08:45': 50.0, '09:08:46': 52.0, '09:08:47': 55.0, '09:08:48': 55.0, '09:08:49': 54.0, '09:08:50': 38.0, '09:08:51': 54.0, '09:08:52': 52.0, '09:08:53': 54.0, '09:08:54': 52.0, '09:08:55': 42.0, '09:08:56': 56.0, '09:08:57': 42.0, '09:08:58': 51.0, '09:08:59': 40.0, '09:09:00': 40.0, '09:09:01': 53.0, '09:09:02': 40.0, '09:09:03': 39.0, '09:09:04': 44.0, '09:09:05': 39.0, '09:09:06': 37.0, '09:09:07': 39.0, '09:09:08': 43.0, '09:09:09': 47.0, '09:09:10': 52.0, '09:09:11': 41.0, '09:09:12': 49.0, '09:09:13': 51.0, '09:09:14': 32.0, '09:09:15': 43.0, '09:09:16': 44.0, '09:09:17': 42.0, '09:09:18': 38.0, '09:09:19': 40.0, '09:09:20': 52.0, '09:09:21': 41.0, '09:09:22': 36.0, '09:09:23': 44.0, '09:09:24': 38.0, '09:09:25': 35.0, '09:09:26': 36.0, '09:09:27': 31.0, '09:09:28': 38.0, '09:09:29': 30.0, '09:09:30': 33.0, '09:09:31': 41.0, '09:09:32': 32.0, '09:09:33': 36.0, '09:09:34': 31.0, '09:09:35': 37.0, '09:09:36': 35.0, '09:09:37': 38.0, '09:09:38': 42.0, '09:09:39': 29.0, '09:09:40': 30.0, '09:09:41': 38.0, '09:09:42': 43.0, '09:09:43': 25.0, '09:09:44': 36.0, '09:09:45': 28.0, '09:09:46': 37.0, '09:09:47': 37.0, '09:09:48': 42.0, '09:09:49': 30.0, '09:09:50': 36.0, '09:09:51': 38.0, '09:09:52': 22.0, '09:09:53': 38.0, '09:09:54': 29.0, '09:09:55': 23.0}
Desired output format:
Provide an analysis of temperature trends and patterns as a function of processor utilization. The response should be structured, starting with key observations, followed by explanations and concluding with possible actions or recommendations to maintain an optimal processor temperature.


-------------------------------------------

Answer:
## Processor Temperature and Utilization Analysis

Here's an analysis of the provided processor temperature and utilization data, structured as requested:

**Key Observations:**

*   **Initial Stability & Low Utilization:** From 09:05:53 to approximately 09:06:30, both temperature and utilization remain relatively stable and low. Temperatures hover around 27-33, and utilization appears to be in a baseline state.
*   **Sudden Temperature Spike & Increased Utilization:**  Around 09:06:30, a significant temperature spike occurs, coinciding with a jump in processor utilization. Temperatures rapidly increase to the 70s, while utilization climbs significantly. This suggests a strong correlation between processor load and temperature.
*   **Fluctuating High Temperatures & Utilization:** From 09:06:30 to approximately 09:09:00, both temperature and utilization fluctuate considerably, remaining at elevated levels. This indicates sustained high processor load and the resulting thermal stress.
*   **Cooling Trend & Decreasing Utilization:** After 09:09:00, there's a gradual cooling trend, accompanied by a decrease in processor utilization. However, the temperature doesn't return to the initial baseline levels, suggesting some residual heat or continued, albeit lower, load.
*   **Final Stabilization at Lower Levels:** From 09:09:30 onwards, both temperature and utilization stabilize at lower levels, but still higher than the initial baseline. This suggests a sustained, moderate load on the processor.

**Explanations:**

*   **Correlation between Utilization and Temperature:** The data strongly suggests a direct correlation between processor utilization and temperature. As processor utilization increases, the processor generates more heat, leading to a rise in temperature. Conversely, as utilization decreases, the temperature also tends to decrease.
*   **Thermal Throttling:** The initial temperature spike and subsequent fluctuations could indicate that the processor is reaching its thermal limits and engaging in thermal throttling. Thermal throttling is a mechanism where the processor reduces its clock speed to reduce heat generation and prevent damage. This would explain the fluctuating temperatures and potentially the decrease in utilization after the initial spike.
*   **Cooling System Effectiveness:** The gradual cooling trend after 09:09:00 suggests that the cooling system (fan, heatsink, etc.) is functioning, but may be insufficient to quickly dissipate the heat generated during periods of high utilization. The fact that the temperature doesn't return to the initial baseline indicates that the cooling system may be struggling to maintain optimal temperatures under sustained load.
*   **Workload Characteristics:** The data suggests that the processor is subjected to periods of intense workload followed by periods of relative inactivity. This could be due to the nature of the tasks being performed, such as batch processing, rendering, or running demanding applications.

**Possible Actions & Recommendations:**

1.  **Optimize Workload:** If possible, distribute the workload more evenly over time to avoid periods of intense processing. This can help reduce the peak temperatures and prevent thermal throttling.
2.  **Improve Cooling:**
    *   **Check Cooling System:** Ensure the cooling system is functioning correctly. Check the fan for proper operation, clean the heatsink of dust and debris, and verify that the thermal paste is properly applied.
    *   **Upgrade Cooling:** If the current cooling system is insufficient, consider upgrading to a more powerful heatsink, fan, or even a liquid cooling solution.
3.  **Monitor Processor Temperature:** Continuously monitor the processor temperature to identify potential overheating issues and ensure that the cooling system is functioning effectively.
4.  **Software Optimization:** Investigate whether software optimizations can reduce processor utilization without sacrificing performance. This could involve optimizing code, reducing background processes, or using more efficient algorithms.
5.  **Thermal Paste Reapplication:** If the system is older, consider reapplying thermal paste to the processor. Over time, thermal paste can dry out and lose its effectiveness, leading to higher temperatures.
6.  **Case Airflow:** Ensure adequate airflow within the computer case. Proper case airflow helps remove heat from the processor and other components.

By implementing these actions, you can help maintain optimal processor temperatures, prevent thermal throttling, and ensure the long-term reliability of your system.

-------------------------------------------

Execution time: 30.282394886016846 seconds

