Timestamp: HH-MM-SS   DD-MM-YYYY
           16:11:04   15-04-2025

-------------------------------------------

Model: gemma3:27b
--------------------------
     mirostat      : 2
     mirostat_eta  : 0.5
     mirostat_tau  : 2.0
     num_ctx       : 8192
     repeat_last_n : 128
     repeat_penalty: 1.3
     temperature   : 0.1
     seed          : 7
     num_predict   : -1
     top_k         : 10
     top_p         : 0.5
     min_p         : 0.2

-------------------------------------------

Processor: Intel Core i9-14900K
RAM: 64 GB DDR5
GPU: NVIDIA GeForce RTX 4090 (24GB GDDR6X, 16384 CUDA Cores)
OS: Ubuntu 22.04

-------------------------------------------

Path: prompts/single/paasax/temperature_test.json
-------------------------------------------

Prompt: paasax
Task:
Analyze the following normalized temperature time series data of a processor. Refer to the time over which the data was recorded. The data is represented using the SAX representation (symbollic aggregation approximation).Data 1 context:
The temperature data in data_1 was measured at 1 second intervals over a 5 minute period. This makes a total of 300 data points, which were then transformed into 10 segments of 30 data points each. The SAX representation was then applied to the segments with the following symbols: a, b, c, d, e, f, g, h, i, j, k, l, m, n, o, p, q, r, s, t, u, v, w, x, y, z. The minimum value is around 50°C, the maximum value around 100°C.
Data 1:
{'14:10:07': 'c', '14:10:37': 'c', '14:11:07': 'c', '14:11:37': 'c', '14:12:07': 'c', '14:12:37': 'c', '14:13:07': 'c', '14:13:37': 'e', '14:14:07': 'g', '14:14:37': 'h'}
Data 2 context:
The processor-load data in data_2 was measured at 1 second intervals over a 5 minute period. This makes a total of 300 data points, which were then transformed into 10 segments of 30 data points each. The SAX representation was then applied to the segments with the following symbols: a, b, c, d, e, f, g, h, i, j, k, l, m, n, o, p, q, r, s, t, u, v, w, x, y, z. The minimum value is around 30% load, the maximum value around 80%.
Data 2:
{'14:10:07': 'b', '14:10:37': 'b', '14:11:07': 'b', '14:11:37': 'b', '14:12:07': 'h', '14:12:37': 'h', '14:13:07': 'g', '14:13:37': 'f', '14:14:07': 'd', '14:14:37': 'c'}
Data 3 context:
The fanspeed data in data_3 was measured at 1 second intervals over a 5 minute period. This makes a total of 300 data points, which were then transformed into 10 segments of 30 data points each. The SAX representation was then applied to the segments with the following symbols: a, b, c, d, e, f, g, h, i, j, k, l, m, n, o, p, q, r, s, t, u, v, w, x, y, z. The minimum value is around 1000 RPM, the maximum value around 8500 RPM.
Data 3:
{'14:10:07': 'c', '14:10:37': 'c', '14:11:07': 'c', '14:11:37': 'c', '14:12:07': 'h', '14:12:37': 'h', '14:13:07': 'g', '14:13:37': 'd', '14:14:07': 'b', '14:14:37': 'a'}
Data 4 context:
The voltage data of the CPU in data_4 was measured at 1 second intervals over a 5 minute period. This makes a total of 300 data points, which were then transformed into 10 segments of 30 data points each. The SAX representation was then applied to the segments with the following symbols: a, b, c, d, e, f, g, h, i, j, k, l, m, n, o, p, q, r, s, t, u, v, w, x, y, z. The minimum value is around 35% capacity which is about 0.45V, the maximum value around 80% which is about 1.05V.
Data 4:
{'14:10:07': 'b', '14:10:37': 'b', '14:11:07': 'b', '14:11:37': 'b', '14:12:07': 'g', '14:12:37': 'g', '14:13:07': 'g', '14:13:37': 'f', '14:14:07': 'f', '14:14:37': 'f'}

Desired output format:
Provide an analysis of the temperature trends and patterns depending on the processor load, fanspeed and cpu voltage. The response should be structured, starting with key observations, followed by explanations, and concluding with potential actions or recommendations to maintain optimal processor temperature. Generate a flow diagram in mermaid syntax, describing the necessary interventions for problem identification and fixing. Only use the following interventions: reading temperature, reading system load, reading system error log, increasing Fan speed, end system processes, lower maximum processor usage, decrease room temperature.

-------------------------------------------

Answer:
## Processor Temperature Analysis

Here's an analysis of the provided processor temperature, load, fan speed, and voltage data, focusing on trends, patterns, and potential actions.

**Key Observations:**

* **Temperature (Data 1):** The temperature remains relatively stable at 'c' for the first four minutes. A gradual increase is observed, moving from 'c' to 'e', 'g', and finally 'h' within the last minute. This suggests a potential heating trend towards the end of the 5-minute period.
* **Processor Load (Data 2):** The load is stable at 'b' for the first four minutes, then decreases from 'h' to 'g', 'f', 'd', and 'c' in the last minute. This indicates a decreasing load towards the end of the period.
* **Fan Speed (Data 3):** Similar to temperature, the fan speed is stable at 'c' for the first four minutes, then increases to 'h', 'g', 'd', 'b', and 'a' in the last minute. This suggests the fan is responding to the increasing temperature.
* **CPU Voltage (Data 4):** The voltage remains stable at 'b' for the first four minutes, then decreases to 'g', 'g', 'g', 'f', 'f', and 'f' in the last minute.

**Explanations:**

The data suggests a correlation between temperature and fan speed. As the temperature increases in the last minute, the fan speed also increases, indicating the cooling system is attempting to regulate the temperature. The decreasing processor load and voltage in the last minute are interesting. While a lower load *should* lead to lower temperatures, the temperature is still increasing. This could indicate:

* **Inefficient Cooling:** The cooling system might not be effectively dissipating heat, even with the increased fan speed.
* **Thermal Paste Degradation:** The thermal paste between the CPU and the heatsink might be degraded, reducing heat transfer efficiency.
* **Other Heat Sources:** Other components near the CPU might be contributing to the overall temperature increase.
* **Voltage Drop:** The voltage drop could be a symptom of the increased temperature, or a separate issue contributing to instability.

The decreasing load and voltage in the last minute, while seemingly positive, don't prevent the temperature from rising. This suggests the temperature increase isn't solely driven by processor activity.

**Potential Actions & Recommendations:**

1. **Monitor Temperature:** Continuously monitor the CPU temperature to establish a baseline and identify any further increases.
2. **Check System Error Logs:** Examine the system error logs for any warnings or errors related to the CPU, cooling system, or power supply.
3. **Inspect Cooling System:** Visually inspect the heatsink, fan, and thermal paste for any damage or degradation. Reapply thermal paste if necessary.
4. **Optimize Processor Usage:** Limit the number of running processes and reduce the maximum processor usage to minimize heat generation.
5. **Improve Room Temperature:** Ensure the room is well-ventilated and the ambient temperature is within acceptable limits.
6. **Increase Fan Speed (if possible):** If the fan speed is adjustable, consider increasing it to improve cooling efficiency. However, be mindful of noise levels.
7. **End System Processes:** If the temperature continues to rise, identify and terminate any unnecessary processes consuming CPU resources.

**Mermaid Flow Diagram:**

```mermaid
graph TD
    A[Start] --> B{Read Temperature};
    B -- High Temperature --> C{Read System Load};
    B -- Normal Temperature --> Z[End];
    C -- High Load --> D{Lower Maximum Processor Usage};
    C -- Normal Load --> E{Read System Error Log};
    E -- Errors Found --> F{Fix Errors};
    E -- No Errors --> G{Increase Fan Speed};
    F --> Z;
    G --> Z;
    D --> Z;
    Z --> H{Is Temperature Still High?};
    H -- Yes --> I{End System Processes};
    H -- No --> Z;
    I --> Z;
    A --> J{Is Room Temperature High?};
    J -- Yes --> K{Decrease Room Temperature};
    J -- No --> A;
    K --> A;
```

This flow diagram provides a structured approach to identifying and addressing potential temperature issues. It prioritizes monitoring, load reduction, and cooling system optimization. Remember to address the root cause of the problem rather than just treating the symptoms.


-------------------------------------------

Execution time: 26.010805130004883 seconds

