Timestamp: HH-MM-SS   DD-MM-YYYY
           10:59:17   24-03-2025

-------------------------------------------

Model: phi4:14b
--------------------------
Default
-------------------------------------------

Processor: Intel Core i9-14900K
RAM: 64 GB DDR5
GPU: NVIDIA GeForce RTX 4090 (24GB GDDR6X, 16384 CUDA Cores)
OS: Ubuntu 22.04

-------------------------------------------

Path: prompts/single/paasax/temperature_test.json
-------------------------------------------

Prompt: rounded
Task:
Identify the underlying pattern of the following number series. 
Data context:
The data only consists of every third value of the number series (1st, 4th, 7th, 10th...). It is one of the following series: even numbers, odd numbers, prime numbers, square numbers, series of values from the harmonic oscillator.
Data:
{'10:22:21': 2, '10:22:24': 7, '10:22:27': 17, '10:22:30': 29, '10:22:33': 41, '10:22:36': 53, '10:22:39': 67, '10:22:42': 79, '10:22:45': 97, '10:22:48': 107}
Desired output format:
Decide which of the series named in data_context is present, name the series and complete the series up to the maximum value in the data, with matching timestamps, fill in the missing values, and return only a Python Dictionairy with the complete series of numbers and timestamps, without code.


-------------------------------------------

Answer:
The given series consists of every third value from an underlying number series. The data provided is:

```
{'10:22:21': 2, '10:22:24': 7, '10:22:27': 17, '10:22:30': 29, '10:22:33': 41, '10:22:36': 53, '10:22:39': 67, '10:22:42': 79, '10:22:45': 97, '10:22:48': 107}
```

To identify the pattern, let's analyze the numbers:

- 2, 7, 17, 29, 41, 53, 67, 79, 97, 107

These are all prime numbers. Let's verify if they are consecutive primes starting from 2:

1. 2
2. 3
3. 5
4. 7
5. 11
6. 13
7. 17
8. 19
9. 23
10. 29
11. 31
12. 37
13. 41
14. 43
15. 47
16. 53
17. 59
18. 61
19. 67
20. 71
21. 73
22. 79
23. 83
24. 89
25. 97
26. 101
27. 103
28. 107

The numbers in the data are every third prime number starting from 2:

- 1st prime: 2
- 4th prime: 7
- 7th prime: 17
- 10th prime: 29
- 13th prime: 41
- 16th prime: 53
- 19th prime: 67
- 22nd prime: 79
- 25th prime: 97
- 28th prime: 107

Now, let's complete the series up to the maximum value (107) with matching timestamps:

```
{
    '10:22:18': 2,
    '10:22:21': 7,
    '10:22:24': 17,
    '10:22:27': 29,
    '10:22:30': 41,
    '10:22:33': 53,
    '10:22:36': 67,
    '10:22:39': 79,
    '10:22:42': 97,
    '10:22:45': 107
}
```

This dictionary represents the complete series of every third prime number with corresponding timestamps.

-------------------------------------------

Execution time: 9.487756490707397 seconds

