Timestamp: HH-MM-SS   DD-MM-YYYY
           15:51:02   21-03-2025

-------------------------------------------

Model: gemma:7b
--------------------------
     mirostat      : 2
     mirostat_eta  : 0.5
     mirostat_tau  : 2.0
     num_ctx       : 8192
     repeat_last_n : 128
     repeat_penalty: 1.3
     temperature   : 0.1
     seed          : 7
     num_predict   : -1
     top_k         : 10
     top_p         : 0.5
     min_p         : 0.2

-------------------------------------------

Processor: Intel Core i9-14900K
RAM: 64 GB DDR5
GPU: NVIDIA GeForce RTX 4090 (24GB GDDR6X, 16384 CUDA Cores)
OS: Ubuntu 22.04

-------------------------------------------

Path: prompts/single/paasax/temperature_test.json
-------------------------------------------

Prompt: paasax
Task:
Analyze the following normalized temperature time series data of a processor. Refer to the time over which the data was recorded. The data is represented using the SAX representation (symbollic aggregation approximation).
Data context:
The data was measured at 1 second intervals over a 5 minute period. This makes a total of 300 data points, which were then transformed into 10 segments of 30 data points each. The SAX representation was then applied to the segments with the following symbols: a, b, c, d, e, f, g, h, i, j, k, l, m, n, o, p, q, r, s, t, u, v, w, x, y, z. The following interventions are possible: reading temperature, reading system load, reading system error log, increasing Fan speed, end system processes, lower maximum processor usage, decrease room temperature.
Data:
{'10:22:21': 'c', '10:22:51': 'c', '10:23:21': 'c', '10:23:51': 'c', '10:24:21': 'c', '10:24:51': 'c', '10:25:21': 'c', '10:25:51': 'e', '10:26:21': 'g', '10:26:51': 'h'}
Desired output format:
Provide an analysis of the temperature trends and patterns. The response should be structured, starting with key observations, followed by explanations, and concluding with potential actions or recommendations to maintain optimal processor temperature. Generate a flow diagram in mermaid syntax, describing the necessary interventions for problem identification and fixing. Only use the interventions provided in the data_context.


-------------------------------------------

Answer:
## Analysis of Processor Temperature Time Series Data

**Key Observations:**

* The temperature readings are consistently hovering around **'c'** to **'h'** during the 5-minute period.
* There is a gradual increase in temperature from the beginning to the middle of the recording period.
* The highest temperature recorded is **'h'** at 10:26:51.
* The only significant deviation from the general trend is at 10:25:51, where the temperature briefly spikes to **'e'**.

**Explanations:**

* The gradual temperature rise could be due to sustained processor load or ambient temperature increase.
* The sudden spike at 10:25:51 might indicate a temporary surge in workload or a brief malfunction.

**Potential Actions:**

* **Increase fan speed:** This would dissipate heat more efficiently and bring the temperature back down.
* **End system processes:** Reducing the number of running processes would reduce the processor load and subsequently the temperature.
* **Lower maximum processor usage:** Limiting the processor utilization would prevent overheating under heavy loads.
* **Decrease room temperature:** This would reduce the heat entering the processor environment.


**Mermaid Flow Diagram:**

```mermaid
graph LR
A[Data Analysis] --> B[Temperature Trend Identification]
B --> C{Increase Fan Speed}
B --> D{End System Processes}
B --> E{Lower Max. Processor Usage}
B --> F{Decrease Room Temperature}
C & D & E & F --> G[Optimal Temperature Achieved]
```

**Conclusion:**

The processor temperature is gradually increasing due to sustained load or environmental factors. Implementing the suggested interventions will effectively reduce the temperature and maintain optimal performance.

-------------------------------------------

Execution time: 8.510378122329712 seconds

