Timestamp: HH-MM-SS   DD-MM-YYYY
           12:15:08   07-04-2025

-------------------------------------------

Model: gemma3:27b
--------------------------
     mirostat      : 2
     mirostat_eta  : 0.5
     mirostat_tau  : 2.0
     num_ctx       : 8192
     repeat_last_n : 128
     repeat_penalty: 1.3
     temperature   : 0.1
     seed          : 7
     num_predict   : -1
     top_k         : 10
     top_p         : 0.5
     min_p         : 0.2

-------------------------------------------

Processor: Intel Core i9-14900K
RAM: 64 GB DDR5
GPU: NVIDIA GeForce RTX 4090 (24GB GDDR6X, 16384 CUDA Cores)
OS: Ubuntu 22.04

-------------------------------------------

Path: prompts/single/paasax/temperature_test.json
-------------------------------------------

Prompt: paasax
Task:
Analyze the following normalized temperature time series data of a processor. Refer to the time over which the data was recorded. The data is represented using the SAX representation (symbollic aggregation approximation).
Data context:
The data was measured at 1 second intervals over a 5 minute period. This makes a total of 300 data points, which were then transformed into 10 segments of 30 data points each. The SAX representation was then applied to the segments with the following symbols: a, b, c, d, e, f, g, h, i, j, k, l, m, n, o, p, q, r, s, t, u, v, w, x, y, z. The following interventions are possible: reading temperature, reading system load, reading system error log, increasing Fan speed, end system processes, lower maximum processor usage, decrease room temperature. The minimum value is around 50°C, the maximum value around 100°C
Data:
{'10:22:21': 'c', '10:22:51': 'c', '10:23:21': 'c', '10:23:51': 'c', '10:24:21': 'c', '10:24:51': 'c', '10:25:21': 'c', '10:25:51': 'e', '10:26:21': 'g', '10:26:51': 'h'}
Desired output format:
Provide an analysis of the temperature trends and patterns. The response should be structured, starting with key observations, followed by explanations, and concluding with potential actions or recommendations to maintain optimal processor temperature. Generate a flow diagram in mermaid syntax, describing the necessary interventions for problem identification and fixing. Only use the interventions provided in the data_context.


-------------------------------------------

Answer:
## Processor Temperature Analysis

**Key Observations:**

The temperature data, represented in SAX format, shows a relatively stable temperature for the first 4 minutes (from 10:22:21 to 10:26:21). The temperature is consistently represented by the symbol 'c'. However, starting at 10:25:51, the temperature begins to increase, transitioning to 'e', then 'g', and finally 'h' at 10:26:51. This indicates a clear upward trend in processor temperature over the last minute of the recorded data. The change from 'c' to 'h' suggests a significant temperature increase within a short timeframe.

**Explanation:**

The SAX representation simplifies the temperature data, but the progression of symbols provides valuable insights. 'c' likely represents a temperature within the lower range (around 50-60°C), while 'h' represents a significantly higher temperature (closer to 90-100°C). The consistent 'c' values suggest the cooling system was effectively maintaining the processor temperature within acceptable limits for the initial period. The shift towards 'e', 'g', and 'h' indicates that the cooling system is becoming less effective, or the processor load is increasing, leading to a rise in temperature.  The rapid progression of symbols in the last minute is concerning, as it suggests a potentially escalating temperature issue. Without knowing the exact mapping of SAX symbols to temperature values, we can infer a substantial temperature increase.

**Potential Actions/Recommendations:**

Given the observed temperature trend, the following actions are recommended:

1. **Read Temperature:** Immediately read the current processor temperature to confirm the severity of the increase and obtain a precise value.
2. **Read System Load:** Check the current system load (CPU utilization) to determine if the temperature increase is correlated with high processor activity.
3. **Read System Error Log:** Examine the system error log for any recent errors or warnings that might indicate a hardware or software issue contributing to the temperature increase.
4. **Increase Fan Speed:** If the temperature is high and the system load is moderate to high, increase the fan speed to improve cooling.
5. **Lower Maximum Processor Usage:** If the system load is consistently high, consider limiting the maximum processor usage through software settings or by terminating non-essential processes.
6. **Decrease Room Temperature:** If the room temperature is high, consider lowering it to provide a more favorable cooling environment.

**Mermaid Flow Diagram:**

```mermaid
graph TD
    A[Start: Observe Temperature Trend (SAX Data)] --> B{Temperature Increasing (e, g, h)?};
    B -- Yes --> C[Read Temperature];
    B -- No --> Z[Monitor Temperature];
    C --> D[Read System Load];
    D --> E{High System Load?};
    E -- Yes --> F[Lower Maximum Processor Usage];
    E -- No --> G[Read System Error Log];
    G --> H{Errors Found?};
    H -- Yes --> I[Address Errors];
    H -- No --> J[Increase Fan Speed];
    I --> J;
    J --> K[Monitor Temperature];
    K --> L{Temperature Stable?};
    L -- Yes --> Z;
    L -- No --> M[Decrease Room Temperature];
    M --> K;
    Z[End: Monitor Temperature];
```

**Explanation of Flow Diagram:**

The flow diagram outlines a systematic approach to identifying and addressing the temperature issue. It starts by observing the temperature trend. If an increasing trend is detected, the system reads the current temperature and system load. Based on the load, it either lowers processor usage or checks for errors. If no errors are found, the fan speed is increased. The process continues to monitor the temperature until it stabilizes. If errors are found, they are addressed, and the temperature is monitored. The diagram provides a clear path for intervention based on the observed data.


-------------------------------------------

Execution time: 27.87887144088745 seconds

