Timestamp: HH-MM-SS   DD-MM-YYYY
           12:58:43   19-03-2025

-------------------------------------------

Model: gemma:7b
--------------------------
     mirostat      : 2
     mirostat_eta  : 0.5
     mirostat_tau  : 2.0
     num_ctx       : 8192
     repeat_last_n : 128
     repeat_penalty: 1.3
     temperature   : 0.1
     seed          : 7
     num_predict   : -1
     top_k         : 10
     top_p         : 0.5
     min_p         : 0.2

-------------------------------------------

Processor: Intel Core i9-14900K
RAM: 64 GB DDR5
GPU: NVIDIA GeForce RTX 4090 (24GB GDDR6X, 16384 CUDA Cores)
OS: Ubuntu 22.04

-------------------------------------------

Path: paasax
-------------------------------------------

Prompt:
Task:
Analyze the following normalized temperature time series data of a processor. Refer to the time over which the data was recorded. The data is represented using the SAX representation (symbollic aggregation approximation).
Data context:
The data was measured at 1 second intervals over a 5 minute period. This makes a total of 300 data points, which were then transformed into 10 segments of 30 data points each. The SAX representation was then applied to the segments with the following symbols: a, b, c, d, e, f, g, h, i, j, k, l, m, n, o, p, q, r, s, t, u, v, w, x, y, z.
Data:
{'09:04:55': 'c', '09:05:25': 'c', '09:05:55': 'c', '09:06:25': 'c', '09:06:55': 'c', '09:07:25': 'c', '09:07:55': 'c', '09:08:25': 'e', '09:08:55': 'g', '09:09:25': 'h'}
Desired output format:
Provide an analysis of the temperature trends and patterns. The response should be structured, starting with key observations, followed by explanations, and concluding with potential actions or recommendations to maintain optimal processor temperature.


-------------------------------------------

Answer:
## Analysis of Processor Temperature Time Series Data

**Key Observations:**

* The temperature remains relatively stable throughout the 5-minute period, with most readings falling within the 'c' symbol range.
* There are occasional spikes in temperature, reaching 'e' and 'g' levels.
* The highest temperature recorded is 'h' at 09:09:25.

**Explanations:**

* The SAX representation with the defined symbols suggests a gradual increase in temperature followed by gradual decrease.
* The relatively low number of distinct symbols indicates a limited range of temperature values during the measured period.
* The occasional spikes could be attributed to transient events such as workload changes or thermal throttling mechanisms.

**Potential Actions/Recommendations:**

* **Minimize workload:** Reduce the processor load to prevent unnecessary heat generation.
* **Optimize thermal design:** Ensure proper cooling system functionality and fan speed settings.
* **Reduce ambient temperature:** If possible, cool the surrounding environment to lower processor temperature.
* **Upgrade thermal paste:** Consider replacing the existing thermal paste with a more efficient one.
* **Monitoring and alerting:** Implement temperature monitoring software with alerts to proactively address temperature anomalies.

**Additional Considerations:**

* The limited data points within each segment might not capture the full dynamics of the temperature variations.
* The SAX representation provides an approximation of the original data and might not capture subtle trends.
* The analysis is based on the provided data snippet and may not be representative of the entire 5-minute period.

**Recommendations for Future Analysis:**

* Increase the number of segments or data points per segment to capture finer temperature variations.
* Use a different SAX representation with more distinct symbols to capture a wider range of temperature values.
* Implement statistical analysis methods to identify significant temperature trends and patterns.

-------------------------------------------

Execution time: 7.12338399887085 seconds

