Timestamp: HH-MM-SS   DD-MM-YYYY
           15:57:48   15-04-2025

-------------------------------------------

Model: gemma:7b
--------------------------
     mirostat      : 2
     mirostat_eta  : 0.5
     mirostat_tau  : 2.0
     num_ctx       : 8192
     repeat_last_n : 128
     repeat_penalty: 1.3
     temperature   : 0.1
     seed          : 7
     num_predict   : -1
     top_k         : 10
     top_p         : 0.5
     min_p         : 0.2

-------------------------------------------

Processor: Intel Core i9-14900K
RAM: 64 GB DDR5
GPU: NVIDIA GeForce RTX 4090 (24GB GDDR6X, 16384 CUDA Cores)
OS: Ubuntu 22.04

-------------------------------------------

Path: prompts/single/paasax/temperature_test.json
-------------------------------------------

Prompt: paasax
Task:
Analyze the following normalized temperature time series data of a processor. Refer to the time over which the data was recorded. The data is represented using the SAX representation (symbollic aggregation approximation).Data 1 context:
The temperature data in data_1 was measured at 1 second intervals over a 5 minute period. This makes a total of 300 data points, which were then transformed into 10 segments of 30 data points each. The SAX representation was then applied to the segments with the following symbols: a, b, c, d, e, f, g, h, i, j, k, l, m, n, o, p, q, r, s, t, u, v, w, x, y, z. The minimum value is around 50°C, the maximum value around 100°C.
Data 1:
{'14:10:07': 'c', '14:10:37': 'c', '14:11:07': 'c', '14:11:37': 'c', '14:12:07': 'c', '14:12:37': 'c', '14:13:07': 'c', '14:13:37': 'e', '14:14:07': 'g', '14:14:37': 'h'}
Data 2 context:
The processor-load data in data_2 was measured at 1 second intervals over a 5 minute period. This makes a total of 300 data points, which were then transformed into 10 segments of 30 data points each. The SAX representation was then applied to the segments with the following symbols: a, b, c, d, e, f, g, h, i, j, k, l, m, n, o, p, q, r, s, t, u, v, w, x, y, z. The minimum value is around 30% load, the maximum value around 80%.
Data 2:
{'14:10:07': 'b', '14:10:37': 'b', '14:11:07': 'b', '14:11:37': 'b', '14:12:07': 'h', '14:12:37': 'h', '14:13:07': 'g', '14:13:37': 'f', '14:14:07': 'd', '14:14:37': 'c'}
Data 3 context:
The fanspeed data in data_3 was measured at 1 second intervals over a 5 minute period. This makes a total of 300 data points, which were then transformed into 10 segments of 30 data points each. The SAX representation was then applied to the segments with the following symbols: a, b, c, d, e, f, g, h, i, j, k, l, m, n, o, p, q, r, s, t, u, v, w, x, y, z. The minimum value is around 1000 RPM, the maximum value around 8500 RPM.
Data 3:
{'14:10:07': 'c', '14:10:37': 'c', '14:11:07': 'c', '14:11:37': 'c', '14:12:07': 'h', '14:12:37': 'h', '14:13:07': 'g', '14:13:37': 'd', '14:14:07': 'b', '14:14:37': 'a'}
Data 4 context:
The voltage data of the CPU in data_4 was measured at 1 second intervals over a 5 minute period. This makes a total of 300 data points, which were then transformed into 10 segments of 30 data points each. The SAX representation was then applied to the segments with the following symbols: a, b, c, d, e, f, g, h, i, j, k, l, m, n, o, p, q, r, s, t, u, v, w, x, y, z. The minimum value is around 35% capacity which is about 0.45V, the maximum value around 80% which is about 1.05V.
Data 4:
{'14:10:07': 'b', '14:10:37': 'b', '14:11:07': 'b', '14:11:37': 'b', '14:12:07': 'g', '14:12:37': 'g', '14:13:07': 'g', '14:13:37': 'f', '14:14:07': 'f', '14:14:37': 'f'}

Desired output format:
Provide an analysis of the temperature trends and patterns depending on the processor load. The response should be structured, starting with key observations, followed by explanations, and concluding with potential actions or recommendations to maintain optimal processor temperature. Generate a flow diagram in mermaid syntax, describing the necessary interventions for problem identification and fixing. Only use the following interventions: reading temperature, reading system load, reading system error log, increasing Fan speed, end system processes, lower maximum processor usage, decrease room temperature.

-------------------------------------------

Answer:
## Analysis of Temperature Trends and Patterns Depending on Processor Load

**Key Observations:**

* The temperature steadily increases as processor load increases.
* The temperature reaches a plateau at around 80% load.
* The temperature fluctuations are larger at higher load levels.


**Explanations:**

* As the processor load increases, more heat is generated, leading to higher temperatures.
* The plateau at 80% load suggests that the thermal management system is working at its maximum capacity to dissipate heat.
* The larger temperature fluctuations at higher load levels could be due to increased variability in heat generation or less efficient thermal management at higher temperatures.


**Potential Actions/Recommendations:**

* **Increase fan speed:** This will improve airflow and dissipate heat more effectively.
* **End unnecessary system processes:** This will reduce the load on the processor and lower heat generation.
* **Lower maximum processor usage:** This will reduce the amount of heat generated by the processor.
* **Decrease room temperature:** This will reduce the thermal load on the processor.


**Mermaid Flow Diagram:**

```mermaid
graph LR
A[Temperature] --> B[Load]
B --> C{Increase Fan Speed}
B --> D{End Processes}
B --> E{Lower Max Usage}
B --> F{Decrease Room Temp}
C & D & E & F --> G[Optimal Temperature]
G --> H{Continue Operation}
```

**Explanation of Flow Diagram:**

1. The system starts with a baseline temperature (A).
2. As the processor load increases (B), the temperature gradually rises.
3. Various interventions can be taken to address the temperature issue: increasing fan speed (C), ending unnecessary processes (D), lowering maximum processor usage (E), or decreasing the room temperature (F).
4. These interventions lead to achieving an optimal temperature (G), which allows for continued operation (H).

-------------------------------------------

Execution time: 7.906061410903931 seconds

