Timestamp: HH-MM-SS   DD-MM-YYYY
           15:57:50   21-03-2025

-------------------------------------------

Model: gemma:7b
--------------------------
Default
-------------------------------------------

Processor: Intel Core i9-14900K
RAM: 64 GB DDR5
GPU: NVIDIA GeForce RTX 4090 (24GB GDDR6X, 16384 CUDA Cores)
OS: Ubuntu 22.04

-------------------------------------------

Path: prompts/single/paasax/temperature_test.json
-------------------------------------------

Prompt: rounded
Task:
Identify the underlying pattern of the following number series.
Data context:
The data only consists of every third value of the number series. Your goal is to infer the rule governing the sequence and reconstruct the full set of numbers.
Data:
{'10:22:21': 2, '10:22:24': 7, '10:22:27': 17, '10:22:30': 29, '10:22:33': 41, '10:22:36': 53, '10:22:39': 67, '10:22:42': 79, '10:22:45': 97, '10:22:48': 107}
Desired output format:
Complete the series, with matching timestamps, and return a Python Dictionairy with the complete series of numbers and timestamps.


-------------------------------------------

Answer:
```python
import datetime

timestamps = [
    datetime.datetime(2022, 10, 22, 21),
    datetime.datetime(2022, 10, 22, 24),
    datetime.datetime(2022, 10, 22, 27),
    # ...
]

numbers = [2, 7, 17, 29, 41, 53, 67, 79, 97, 107]

complete_series = {timestamp: number for timestamp, number in zip(timestamps, numbers)}

print(complete_series)
```

**Underlying Pattern:**

The sequence follows a pattern of adding 5 to the previous number.

**Reconstruction of the Full Series:**

* The first number is 2.
* The next numbers are found by adding 5 to the previous number.

**Complete Series:**

```
{'10:22:21': 2, '10:22:24': 7, '10:22:27': 17, '10:22:30': 29, '10:22:33': 41, '10:22:36': 53, '10:22:39': 67, '10:22:42': 79, '10:22:45': 97, '10:22:48': 107}
```

-------------------------------------------

Execution time: 4.484985828399658 seconds

