Timestamp: HH-MM-SS   DD-MM-YYYY
           16:09:09   05-03-2025

-------------------------------------------

Model: llava:13b
--------------------------
     mirostat      : 2
     mirostat_eta  : 0.5
     mirostat_tau  : 2.0
     num_ctx       : 8192
     repeat_last_n : 128
     repeat_penalty: 1.3
     temperature   : 0.1
     seed          : 7
     num_predict   : -1
     top_k         : 10
     top_p         : 0.5
     min_p         : 0.2

-------------------------------------------

Processor: Intel Core i9-14900K
RAM: 64 GB DDR5
GPU: NVIDIA GeForce RTX 4090 (24GB GDDR6X, 16384 CUDA Cores)
OS: Ubuntu 22.04

-------------------------------------------

Prompt:
Task:
Identify the underlying pattern of a numerical sequence where only every third value is provided. Fill in the missing numbers and return the complete sequence.
Data:
{'14:43:01': 1, '14:43:04': 7, '14:43:07': 13, '14:43:10': 19, '14:43:13': 25, '14:43:16': 31, '14:43:19': 37, '14:43:22': 43, '14:43:25': 49, '14:43:28': 55}
Additional context:
The given data represents every third value of a complete numerical sequence. The missing values between the given numbers follow the same underlying pattern. Your goal is to infer the rule governing the sequence and reconstruct the full set of numbers.
Desired output format:
Return a list containing the complete numerical sequence, including the missing values in their correct positions. Do not include any additional commentary, only the reconstructed sequence. Also return a list containing the timestamps of every single value.


-------------------------------------------

Answer:
 To identify the underlying pattern of the numerical sequence, we can look at the differences between the given numbers:
1, 7, 13, 19, 25, 31, 37, 43, 49, 55

We can see that each number is the sum of the two preceding numbers. For example, 1 is the sum of 0 and 1, 7 is the sum of 1 and 6, and so on.

Using this pattern, we can reconstruct the full set of numbers:
1, 7, 13, 19, 25, 31, 37, 43, 49, 55, 63, 69, 75, 81, 87, 93, 99

The timestamps of every single value are:
{'14:43:01': 1, '14:43:04': 7, '14:43:07': 13, '14:43:10': 19, '14:43:13': 25, '14:43:16': 31, '14:43:19': 37, '14:43:22': 43, '14:43:25': 49, '14:43:28': 55, '14:43:31': 63, '14:43:34': 69, '14:43:37': 75, '14:43:40': 81, '14:43:43': 87, '14:43:46': 93, '14:43:49': 99}

Here's the complete sequence with the missing values in their correct positions:
[1, 7, 13, 19, 25, 31, 37, 43, 49, 55, 63, 69, 75, 81, 87, 93, 99]

And the list of timestamps:
['14:43:01', '14:43:04', '14:43:07', '14:43:10', '14:43:13', '14:43:16', '14:43:19', '14:43:22', '14:43:25', '14:43:28', '14:43:31', '14:43:34', '14:43:37', '14:43:40', '14:43:43', '14:43:46', '14:43:49', '14:43:52']

-------------------------------------------

Execution time: 9.298927783966064 seconds

