Timestamp: HH-MM-SS   DD-MM-YYYY
           12:10:39   24-03-2025

-------------------------------------------

Model: phi4:14b
--------------------------
Default
-------------------------------------------

Processor: Intel Core i9-14900K
RAM: 64 GB DDR5
GPU: NVIDIA GeForce RTX 4090 (24GB GDDR6X, 16384 CUDA Cores)
OS: Ubuntu 22.04

-------------------------------------------

Path: prompts/single/paasax/temperature_test.json
-------------------------------------------

Prompt: paasax
Task:
Analyze the following normalized temperature time series data of a processor. Refer to the time over which the data was recorded. The data is represented using the SAX representation (symbollic aggregation approximation).
Data context:
The data was measured at 1 second intervals over a 5 minute period. This makes a total of 300 data points, which were then transformed into 10 segments of 30 data points each. The SAX representation was then applied to the segments with the following symbols: a, b, c, d, e, f, g, h, i, j, k, l, m, n, o, p, q, r, s, t, u, v, w, x, y, z. The following interventions are possible: reading temperature, reading system load, reading system error log, increasing Fan speed, end system processes, lower maximum processor usage, decrease room temperature.
Data:
{'10:22:21': 'c', '10:22:51': 'c', '10:23:21': 'c', '10:23:51': 'c', '10:24:21': 'c', '10:24:51': 'c', '10:25:21': 'c', '10:25:51': 'e', '10:26:21': 'g', '10:26:51': 'h'}
Desired output format:
Provide an analysis of the temperature trends and patterns. The response should be structured, starting with key observations, followed by explanations, and concluding with potential actions or recommendations to maintain optimal processor temperature. Generate a flow diagram in mermaid syntax, describing the necessary interventions for problem identification and fixing. Only use the interventions provided in the data_context.


-------------------------------------------

Answer:
### Analysis of Temperature Trends and Patterns

#### Key Observations:
1. **Consistent Temperature (Symbol 'c'):** From 10:22:21 to 10:24:51, the SAX representation consistently shows the symbol 'c', indicating stable temperature readings within this range.

2. **Slight Increase in Temperature (Symbols 'e' and 'g'):** At 10:25:51, the symbol changes from 'c' to 'e', followed by 'g' at 10:26:21, suggesting a gradual increase in temperature.

3. **Further Increase (Symbol 'h'):** By 10:26:51, the symbol has changed to 'h', indicating a continued rise in temperature beyond what was observed with symbols 'c', 'e', and 'g'.

#### Explanations:
- The consistent representation of 'c' from 10:22:21 to 10:24:51 suggests that during this period, the processor maintained a stable operating temperature. This stability could be due to effective cooling mechanisms or low processing demands.
  
- The transition from 'c' to 'e', then to 'g', and finally 'h' indicates an upward trend in temperature. This could be attributed to increased system load, inadequate cooling response over time, or environmental factors such as a rise in room temperature.

#### Potential Actions or Recommendations:
1. **Immediate Action:** Increase fan speed to enhance cooling efficiency and prevent overheating.
2. **Investigate System Load:** Read the system load to determine if the processor is being overutilized, leading to increased heat generation.
3. **Check for Errors:** Reading the system error log could reveal if any processes are malfunctioning or causing excessive CPU usage.
4. **Long-term Measures:**
   - Lower maximum processor usage by ending unnecessary system processes.
   - Consider lowering room temperature if environmental factors contribute significantly to the processor's operating temperature.

### Flow Diagram in Mermaid Syntax

```mermaid
graph TD;
    A[Start Analysis] --> B{Temperature 'c'};
    B -- Stable --> C[Increase Fan Speed if Necessary];
    B -- Increase to 'e' --> D{Check System Load};
    D -- High Load --> E[End Unnecessary Processes];
    D -- Normal Load --> F{Read Error Log};
    F -- Errors Found --> G[Fix Identified Issues];
    F -- No Errors --> H{Temperature 'g', 'h'};
    H -- Continue to Rise --> I[Increase Fan Speed];
    H -- Stabilize --> J[Monitor Situation];
    C --> K[Check Temperature Again];
    E --> L[Lower Max Processor Usage];
    G --> M[Re-evaluate System Load];
    I --> N{Temperature Stabilizes?};
    N -- Yes --> O[End Analysis];
    N -- No --> P[Decrease Room Temperature];
    J --> O;
    K --> B;
    L --> D;
    M --> F;
    P --> H;
```

This flow diagram outlines the steps for identifying and addressing rising temperatures in a processor, starting from initial analysis to implementing long-term measures. It emphasizes the importance of monitoring, intervention, and re-evaluation to maintain optimal operating conditions.



-------------------------------------------

Execution time: 10.441129446029663 seconds

