Timestamp: HH-MM-SS   DD-MM-YYYY
           16:23:41   15-04-2025

-------------------------------------------

Model: gemma3:27b
--------------------------
     mirostat      : 2
     mirostat_eta  : 0.5
     mirostat_tau  : 2.0
     num_ctx       : 8192
     repeat_last_n : 128
     repeat_penalty: 1.3
     temperature   : 0.1
     seed          : 7
     num_predict   : -1
     top_k         : 10
     top_p         : 0.5
     min_p         : 0.2

-------------------------------------------

Processor: Intel Core i9-14900K
RAM: 64 GB DDR5
GPU: NVIDIA GeForce RTX 4090 (24GB GDDR6X, 16384 CUDA Cores)
OS: Ubuntu 22.04

-------------------------------------------

Path: prompts/single/paasax/temperature_test.json
-------------------------------------------

Prompt: paasax
Task:
Analyze the following normalized temperature time series data of a processor. Refer to the time over which the data was recorded. The data is represented using the SAX representation (symbollic aggregation approximation).Data 1 context:
The temperature data in data_1 was measured at 1 second intervals over a 5 minute period. This makes a total of 300 data points, which were then transformed into 10 segments of 30 data points each. The SAX representation was then applied to the segments with the following symbols: a, b, c, d, e, f, g, h, i, j, k, l, m, n, o, p, q, r, s, t, u, v, w, x, y, z. The minimum value is around 50°C, the maximum value around 100°C.
Data 1:
{'14:31:54': 'c', '14:32:24': 'c', '14:32:54': 'c', '14:33:24': 'c', '14:33:54': 'c', '14:34:24': 'c', '14:34:54': 'c', '14:35:24': 'e', '14:35:54': 'g', '14:36:24': 'h'}
Data 2 context:
The processor-load data in data_2 was measured at 1 second intervals over a 5 minute period. This makes a total of 300 data points, which were then transformed into 10 segments of 30 data points each. The SAX representation was then applied to the segments with the following symbols: a, b, c, d, e, f, g, h, i, j, k, l, m, n, o, p, q, r, s, t, u, v, w, x, y, z. The minimum value is around 30% load, the maximum value around 80%.
Data 2:
{'14:31:54': 'b', '14:32:24': 'b', '14:32:54': 'b', '14:33:24': 'b', '14:33:54': 'h', '14:34:24': 'h', '14:34:54': 'g', '14:35:24': 'f', '14:35:54': 'd', '14:36:24': 'b'}
Data 3 context:
The fanspeed data in data_3 was measured at 1 second intervals over a 5 minute period. This makes a total of 300 data points, which were then transformed into 10 segments of 30 data points each. The SAX representation was then applied to the segments with the following symbols: a, b, c, d, e, f, g, h, i, j, k, l, m, n, o, p, q, r, s, t, u, v, w, x, y, z. The minimum value is around 1000 RPM, the maximum value around 8500 RPM.
Data 3:
{'14:31:54': 'c', '14:32:24': 'c', '14:32:54': 'c', '14:33:24': 'c', '14:33:54': 'h', '14:34:24': 'h', '14:34:54': 'f', '14:35:24': 'd', '14:35:54': 'b', '14:36:24': 'a'}
Data 4 context:
The voltage data of the CPU in data_4 was measured at 1 second intervals over a 5 minute period. This makes a total of 300 data points, which were then transformed into 10 segments of 30 data points each. The SAX representation was then applied to the segments with the following symbols: a, b, c, d, e, f, g, h, i, j, k, l, m, n, o, p, q, r, s, t, u, v, w, x, y, z. The minimum value is around 35% capacity which is about 0.45V, the maximum value around 80% which is about 1.05V.
Data 4:
{'14:31:54': 'b', '14:32:24': 'b', '14:32:54': 'b', '14:33:24': 'b', '14:33:54': 'g', '14:34:24': 'g', '14:34:54': 'g', '14:35:24': 'g', '14:35:54': 'f', '14:36:24': 'e'}
Data 5 context:
The rooom temperature data in data_5 was measured at 1 second intervals over a 5 minute period. This makes a total of 300 data points, which were then transformed into 10 segments of 30 data points each. The SAX representation was then applied to the segments with the following symbols: a, b, c, d, e, f, g, h, i, j, k, l, m, n, o, p, q, r, s, t, u, v, w, x, y, z. The minimum value is around 14°C, the maximum value around 16°C.
Data 5:
{'14:31:54': 'd', '14:32:24': 'e', '14:32:54': 'e', '14:33:24': 'd', '14:33:54': 'd', '14:34:24': 'e', '14:34:54': 'e', '14:35:24': 'e', '14:35:54': 'd', '14:36:24': 'd'}

Desired output format:
Provide an analysis of the temperature trends and patterns depending on the processor load, fanspeed, cpu voltage and roomtemperature. The response should be structured, starting with key observations, followed by explanations, and concluding with potential actions or recommendations to maintain optimal processor temperature. Generate a flow diagram in mermaid syntax, describing the necessary interventions for problem identification and fixing. Only use the following interventions: reading temperature, reading system load, reading system error log, increasing Fan speed, end system processes, lower maximum processor usage, decrease room temperature.

-------------------------------------------

Answer:
## Processor Temperature Analysis

Here's an analysis of the provided processor temperature data, correlated with processor load, fan speed, CPU voltage, and room temperature.

**Key Observations:**

*   **Temperature (Data 1):** The processor temperature remains relatively stable at 'c' for the first few segments, then gradually increases to 'e', 'g', and 'h'. This suggests a gradual warming trend over the 5-minute period.
*   **Processor Load (Data 2):** The processor load is initially low ('b') but spikes to 'h' around 14:33:54, then decreases through 'g', 'f', 'd', and back to 'b'. This indicates periods of high computational demand.
*   **Fan Speed (Data 3):** The fan speed initially mirrors the temperature ('c'), then increases to 'h' before decreasing through 'f', 'd', 'b', and 'a'. This suggests the fan is responding to the increasing temperature, but potentially with a delay or insufficient capacity.
*   **CPU Voltage (Data 4):** The CPU voltage remains relatively stable at 'b' for the first few segments, then increases to 'g' and remains there for a while before decreasing to 'f' and 'e'. This suggests a consistent power draw, potentially contributing to the temperature increase.
*   **Room Temperature (Data 5):** The room temperature fluctuates between 'd' and 'e', indicating a relatively stable ambient temperature.

**Explanations:**

The observed temperature increase (Data 1) appears to be correlated with the processor load (Data 2). When the load spikes, the temperature also begins to rise. The fan speed (Data 3) attempts to compensate, but the temperature continues to climb, suggesting the fan may not be sufficient to dissipate the heat generated during peak load. The CPU voltage (Data 4) remains relatively high, contributing to the overall heat generation. The room temperature (Data 5) is stable and doesn't appear to be a primary driver of the temperature increase.

The delay between the load increase and the temperature peak, combined with the fan speed response, suggests a thermal lag in the system. The processor heats up due to increased load, and the fan attempts to cool it down, but there's a delay before the cooling effect is fully realized.

**Potential Actions/Recommendations:**

1.  **Monitor Temperature and Load:** Continuously monitor both processor temperature and load to identify patterns and potential overheating issues.
2.  **Optimize Fan Control:** Adjust fan control settings to be more aggressive, increasing fan speed at lower temperatures to proactively prevent overheating.
3.  **Reduce Processor Load:** Identify and terminate unnecessary processes to reduce the overall processor load. Consider limiting the maximum processor usage through system settings.
4.  **Improve Cooling:** If the temperature continues to be a concern, consider upgrading the CPU cooler to a more efficient model.
5.  **Lower Room Temperature:** If possible, lower the room temperature to provide a cooler ambient environment for the processor.

**Flow Diagram (Mermaid Syntax):**

```mermaid
graph TD
    A[Start] --> B{Is Temperature High?};
    B -- Yes --> C{Read System Error Log};
    C --> D{Is Error Related to Overheating?};
    D -- Yes --> E[Increase Fan Speed];
    D -- No --> F{Read System Load};
    F --> G{Is Load High?};
    G -- Yes --> H[End System Processes / Lower Maximum Processor Usage];
    G -- No --> I[Read System Error Log];
    I --> J{Is Error Related to Overheating?};
    J -- Yes --> E;
    J -- No --> K[Decrease Room Temperature];
    B -- No --> L[Continue Monitoring];
    E --> L;
    H --> L;
    K --> L;
    L --> A;
```

**Explanation of Flow Diagram:**

1.  **Start:** The process begins with continuous monitoring of the processor temperature.
2.  **Is Temperature High?:** If the temperature exceeds a predefined threshold, the system proceeds to investigate the cause.
3.  **Read System Error Log:** Check the system error log for any relevant error messages.
4.  **Is Error Related to Overheating?:** If the error log indicates an overheating issue, increase the fan speed.
5.  **Read System Load:** If no error is found, check the system load to see if the processor is under heavy demand.
6.  **Is Load High?:** If the load is high, end unnecessary system processes or lower the maximum processor usage.
7.  **Decrease Room Temperature:** If the load is not high, decrease the room temperature.
8.  **Continue Monitoring:** After taking corrective action, continue monitoring the temperature to ensure the issue is resolved.

This analysis provides a starting point for addressing potential overheating issues. Further investigation and monitoring may be necessary to identify the root cause and implement the most effective solution.


-------------------------------------------

Execution time: 29.265766382217407 seconds

