Timestamp: HH-MM-SS   DD-MM-YYYY
           14:37:17   14-04-2025

-------------------------------------------

Model: phi4:14b
--------------------------
Default
-------------------------------------------

Processor: Intel Core i9-14900K
RAM: 64 GB DDR5
GPU: NVIDIA GeForce RTX 4090 (24GB GDDR6X, 16384 CUDA Cores)
OS: Ubuntu 22.04

-------------------------------------------

Path: prompts/single/paasax/temperature_test.json
-------------------------------------------

Prompt: paasax
Task:
Analyze the following normalized temperature time series data of a processor. Refer to the time over which the data was recorded. The data is represented using the SAX representation (symbollic aggregation approximation).Data 1 context:
The temperature data in data_1 was measured at 1 second intervals over a 5 minute period. This makes a total of 300 data points, which were then transformed into 10 segments of 30 data points each. The SAX representation was then applied to the segments with the following symbols: a, b, c, d, e, f, g, h, i, j, k, l, m, n, o, p, q, r, s, t, u, v, w, x, y, z. The minimum value is around 50°C, the maximum value around 100°C.
Data 1:
{'14:30:09': 'c', '14:30:39': 'c', '14:31:09': 'c', '14:31:39': 'c', '14:32:09': 'c', '14:32:39': 'c', '14:33:09': 'c', '14:33:39': 'e', '14:34:09': 'g', '14:34:39': 'h'}
Data 2 context:
The processor-load data in data_2 was measured at 1 second intervals over a 5 minute period. This makes a total of 300 data points, which were then transformed into 10 segments of 30 data points each. The SAX representation was then applied to the segments with the following symbols: a, b, c, d, e, f, g, h, i, j, k, l, m, n, o, p, q, r, s, t, u, v, w, x, y, z. The minimum value is around 30% load, the maximum value around 80%.
Data 2:
{'14:30:09': 'b', '14:30:39': 'b', '14:31:09': 'b', '14:31:39': 'b', '14:32:09': 'h', '14:32:39': 'h', '14:33:09': 'g', '14:33:39': 'f', '14:34:09': 'd', '14:34:39': 'c'}
Data 3 context:
The fanspeed data in data_3 was measured at 1 second intervals over a 5 minute period. This makes a total of 300 data points, which were then transformed into 10 segments of 30 data points each. The SAX representation was then applied to the segments with the following symbols: a, b, c, d, e, f, g, h, i, j, k, l, m, n, o, p, q, r, s, t, u, v, w, x, y, z. The minimum value is around 1000 RPM, the maximum value around 8500 RPM.
Data 3:
{'14:30:09': 'c', '14:30:39': 'c', '14:31:09': 'c', '14:31:39': 'c', '14:32:09': 'h', '14:32:39': 'h', '14:33:09': 'f', '14:33:39': 'd', '14:34:09': 'b', '14:34:39': 'a'}

Desired output format:
Provide an analysis of the temperature trends and patterns depending on the processor load. The response should be structured, starting with key observations, followed by explanations, and concluding with potential actions or recommendations to maintain optimal processor temperature. Generate a flow diagram in mermaid syntax, describing the necessary interventions for problem identification and fixing. Only use the following interventions: reading temperature, reading system load, reading system error log, increasing Fan speed, end system processes, lower maximum processor usage, decrease room temperature.

-------------------------------------------

Answer:
### Key Observations:

1. **Temperature Trend**:
   - The SAX representation of temperature data shows a gradual increase from 'c' to 'h' over the observed period.
   - Initial values are consistent ('c'), indicating stable temperatures around 50-70°C, before increasing to 'e', 'g', and then 'h'.

2. **Processor Load Trend**:
   - The load starts at 'b', increases to 'h', peaks, and then decreases back towards 'c'.
   - This suggests a spike in processor activity during the middle of the observation period.

3. **Fan Speed Trend**:
   - Fan speed starts at 'c' and increases to 'h', then decreases to 'a'.
   - The increase in fan speed corresponds with the rise in temperature and load, indicating an automatic response to cooling needs.

### Explanations:

- **Correlation Between Load and Temperature**: 
  - As processor load increases (from 'b' to 'h'), there is a corresponding increase in temperature ('c' to 'h'). This indicates that higher loads lead to increased heat generation.
  
- **Fan Speed Response**:
  - The fan speed increases as the temperature rises, which is expected behavior to manage and dissipate heat effectively.

- **Load Decrease and Temperature Stabilization**:
  - As the load decreases (from 'h' back to 'c'), both temperature and fan speed decrease, suggesting that reducing processor activity can help in stabilizing temperatures.

### Potential Actions/Recommendations:

1. **Monitor Load and Temperature Regularly**:
   - Implement continuous monitoring of system load and temperature to anticipate overheating issues.

2. **Optimize Processor Usage**:
   - Lower maximum processor usage during peak times or for non-essential tasks to prevent excessive heat generation.

3. **Enhance Cooling Mechanisms**:
   - Consider increasing fan speed preemptively if a sustained high load is anticipated.
   - Evaluate the cooling system's efficiency and upgrade if necessary.

4. **Environmental Adjustments**:
   - Decrease room temperature where possible, as ambient conditions can affect processor cooling.

5. **Error Log Analysis**:
   - Regularly read system error logs to identify any underlying issues contributing to increased load or inefficient cooling.

### Flow Diagram (Mermaid Syntax):

```mermaid
graph TD;
    A[Start] --> B{Read Temperature}
    B -->|High Temp| C[Increase Fan Speed]
    B -->|Normal Temp| D[Continue Monitoring]

    C --> E{Read System Load}
    E -->|High Load| F[Lower Max Processor Usage]
    E -->|Normal Load| G[Monitor Temperature Again]

    F --> H[End System Processes]
    H --> I[Check if Temperature Stabilizes]

    I -->|Stable| J[Continue Monitoring]
    I -->|Unstable| K[Decrease Room Temperature]
    
    D --> L{Read System Error Log}
    L --> M{Temperature Still High?}
    M -->|Yes| N[Increase Fan Speed Again]
    M -->|No| O[End Process]

    J --> O
```

This flow diagram outlines a structured approach to managing processor temperature by monitoring key metrics and implementing interventions as needed.

-------------------------------------------

Execution time: 9.334315299987793 seconds

