Timestamp: HH-MM-SS   DD-MM-YYYY
           12:15:46   07-04-2025

-------------------------------------------

Model: gemma3:27b
--------------------------
Default
-------------------------------------------

Processor: Intel Core i9-14900K
RAM: 64 GB DDR5
GPU: NVIDIA GeForce RTX 4090 (24GB GDDR6X, 16384 CUDA Cores)
OS: Ubuntu 22.04

-------------------------------------------

Path: prompts/single/paasax/temperature_test.json
-------------------------------------------

Prompt: paasax
Task:
Analyze the following normalized temperature time series data of a processor. Refer to the time over which the data was recorded. The data is represented using the SAX representation (symbollic aggregation approximation).
Data context:
The data was measured at 1 second intervals over a 5 minute period. This makes a total of 300 data points, which were then transformed into 10 segments of 30 data points each. The SAX representation was then applied to the segments with the following symbols: a, b, c, d, e, f, g, h, i, j, k, l, m, n, o, p, q, r, s, t, u, v, w, x, y, z. The following interventions are possible: reading temperature, reading system load, reading system error log, increasing Fan speed, end system processes, lower maximum processor usage, decrease room temperature. The minimum value is around 50°C, the maximum value around 100°C
Data:
{'10:22:21': 'c', '10:22:51': 'c', '10:23:21': 'c', '10:23:51': 'c', '10:24:21': 'c', '10:24:51': 'c', '10:25:21': 'c', '10:25:51': 'e', '10:26:21': 'g', '10:26:51': 'h'}
Desired output format:
Provide an analysis of the temperature trends and patterns. The response should be structured, starting with key observations, followed by explanations, and concluding with potential actions or recommendations to maintain optimal processor temperature. Generate a flow diagram in mermaid syntax, describing the necessary interventions for problem identification and fixing. Only use the interventions provided in the data_context.


-------------------------------------------

Answer:
## Processor Temperature Analysis

Here's an analysis of the provided processor temperature time series data represented in SAX format.

**Key Observations:**

*   **Initial Stability:** The temperature remains consistently at symbol 'c' for the first 6 segments (from 10:22:21 to 10:24:51). This indicates a stable temperature within a certain range.
*   **Rising Trend:** From 10:25:21 onwards, the temperature begins to rise, transitioning from 'c' to 'e', then 'g', and finally 'h'. This signifies a clear increasing temperature trend.
*   **Rapid Increase:** The transition from 'c' to 'h' within 3 segments (3 x 30 seconds = 90 seconds) suggests a relatively rapid temperature increase. This is concerning as it could indicate a developing thermal issue.
*   **Limited Data:** The dataset is short (10 segments) and only shows the beginning of the temperature rise.  A longer observation period would be beneficial for a more comprehensive analysis.

**Explanation:**

The initial stability at 'c' suggests the cooling system was initially adequate for the processor's load. However, the subsequent rise in temperature indicates that the heat generated by the processor is exceeding the cooling system's capacity. Several factors could contribute to this:

*   **Increased Processor Load:** The processor might be experiencing a higher workload, leading to increased heat generation.
*   **Cooling System Degradation:** The cooling system (fan, heatsink, thermal paste) might be losing efficiency due to dust accumulation, fan failure, or degraded thermal paste.
*   **Environmental Factors:** An increase in room temperature could reduce the cooling system's effectiveness.
*   **Software Issues:** A runaway process or inefficient code could be causing the processor to work harder than necessary.

The rapid increase from 'c' to 'h' is particularly worrying.  Each SAX symbol represents a range of temperature values.  Assuming a linear mapping (which isn't necessarily true, but useful for estimation), a move from 'c' to 'h' could represent a significant temperature jump (potentially 10-20°C or more, given the 50-100°C range and 26 symbols).  This suggests the processor is approaching or exceeding its thermal limits.

**Potential Actions & Recommendations:**

1.  **Immediate Action:**  Monitor the temperature closely.  If the temperature continues to rise, consider reducing the processor load or temporarily shutting down the system to prevent damage.
2.  **Investigate Processor Load:** Use system monitoring tools to identify processes consuming the most CPU resources.  Optimize or terminate unnecessary processes.
3.  **Check System Error Logs:** Examine the system error logs for any indications of hardware or software issues that might be contributing to the increased load or thermal stress.
4.  **Inspect Cooling System:**
    *   **Fan Speed:** Verify that the fan is running at the appropriate speed. Increase fan speed if possible.
    *   **Dust Accumulation:** Clean any dust from the fan, heatsink, and vents.
    *   **Thermal Paste:** If the temperature remains high after cleaning, consider reapplying thermal paste to the heatsink.
5.  **Monitor Room Temperature:** Ensure the room is adequately ventilated and the temperature is within acceptable limits.  Consider lowering the room temperature if possible.
6.  **Lower Maximum Processor Usage:** Configure the operating system or applications to limit the maximum processor usage.

**Flow Diagram (Mermaid Syntax):**

```mermaid
graph TD
    A[Start: High Processor Temperature Detected (SAX 'h')] --> B{Is Processor Load High?};
    B -- Yes --> C[Identify & Optimize/Terminate Processes];
    B -- No --> D{Check System Error Logs};
    D -- Errors Found --> E[Address Software/Hardware Issues];
    D -- No Errors --> F{Inspect Cooling System};
    F -- Dust/Fan Issue --> G[Clean Dust/Increase Fan Speed];
    F -- No Issues --> H{Check/Lower Room Temperature};
    G --> I{Temperature Stabilized?};
    H --> I;
    C --> I;
    E --> I;
    I -- Yes --> J[End: Temperature Maintained];
    I -- No --> K{Reapply Thermal Paste?};
    K -- Yes --> I;
    K -- No --> L[Lower Maximum Processor Usage];
    L --> I;
```


-------------------------------------------

Execution time: 29.591764450073242 seconds

