Timestamp: HH-MM-SS   DD-MM-YYYY
           16:10:36   05-03-2025

-------------------------------------------

Model: llava:13b
--------------------------
     mirostat      : 2
     mirostat_eta  : 0.5
     mirostat_tau  : 2.0
     num_ctx       : 8192
     repeat_last_n : 128
     repeat_penalty: 1.3
     temperature   : 0.1
     seed          : 7
     num_predict   : -1
     top_k         : 10
     top_p         : 0.5
     min_p         : 0.2

-------------------------------------------

Processor: Intel Core i9-14900K
RAM: 64 GB DDR5
GPU: NVIDIA GeForce RTX 4090 (24GB GDDR6X, 16384 CUDA Cores)
OS: Ubuntu 22.04

-------------------------------------------

Prompt:
Task:
Analyze the given time-series data, identify any trends, patterns, or anomalies, and provide insights into the nature of the dataset.
Data:
{'13:32:20': 95, '13:33:20': 90, '13:34:20': 36, '13:35:20': 62, '13:36:20': 21, '13:37:20': 76, '13:38:20': 63, '13:39:20': 7, '13:40:20': 81, '13:41:20': 98, '13:42:20': 60, '13:43:20': 45, '13:44:20': 69, '13:45:20': 19, '13:46:20': 20, '13:47:20': 63, '13:48:20': 19, '13:49:20': 41, '13:50:20': 15, '13:51:20': 23}
Additional context:
The dataset consists of random time-series values recorded at regular intervals. The nature of the data is unknown, meaning it could represent sensor readings, financial data, or other time-dependent measurements. Your goal is to analyze the dataset, determine if there are any visible trends, periodicity, outliers, or patterns, and provide insights based on the observed values.
Desired output format:
Provide a structured analysis of the time-series data. Identify any trends, fluctuations, or anomalies. If applicable, suggest potential sources or causes of variation. The response should include key observations, an explanation of any detected patterns, and possible real-world interpretations of the dataset.


-------------------------------------------

Answer:
 Based on the given time-series data, here is a structured analysis:

1. Observations:
The dataset consists of 15 time-series values recorded at regular intervals, with each value representing a different measurement. The measurements range from 15 to 98, with a standard deviation of 32.5.
2. Trends and Patterns:
Upon visual inspection, there appears to be no clear trend or pattern in the data. The values fluctuate without any discernible periodicity or recurring pattern.
3. Anomalies:
There are a few anomalies in the dataset. The value 36 at 13:34:20 is significantly lower than the other values, and the value 20 at 13:46:20 is also much lower than the surrounding values. Additionally, the value 98 at 13:41:20 is much higher than the other values.
4. Potential Sources or Causes of Variation:
Without additional context, it is difficult to determine the exact source or cause of variation in the dataset. However, some possible explanations could be:
* Sensor malfunction or error: The anomalies could be due to sensor malfunction or error, resulting in inaccurate or erratic measurements.
* Data entry errors: The dataset could be a result of data entry errors, where incorrect values were entered into the system.
* Outliers: The anomalies could be outliers, which are extreme values that deviate significantly from the rest of the data. Outliers can occur due to various reasons, such as equipment failure, human error, or rare events.
1. Real-World Interpretations:
Without more context, it is difficult to provide a real-world interpretation of the dataset. However, some possible interpretations could be:
* Sensor measurements: The dataset could represent sensor measurements, such as temperature, pressure, or humidity, in a specific environment. The anomalies could be due to sensor malfunction or error, or they could represent rare events or outliers.
* Financial data: The dataset could represent financial data, such as stock prices or exchange rates, over a specific time period. The anomalies could be due to market fluctuations or outliers.
* Other time-dependent measurements: The dataset could represent any other time-dependent measurements, such as website traffic, weather data, or energy consumption. The anomalies could be due to various factors, such as equipment failure, human error, or rare events.

In conclusion, the dataset appears to be a random collection of time-series values without any clear trends, patterns, or anomalies. The anomalies could be due to sensor malfunction, data entry errors, or outliers. Further analysis and context are required to provide a more accurate interpretation of the dataset.

-------------------------------------------

Execution time: 8.192128896713257 seconds

