Timestamp: HH-MM-SS   DD-MM-YYYY
           16:14:14   15-04-2025

-------------------------------------------

Model: phi4:14b
--------------------------
     mirostat      : 2
     mirostat_eta  : 0.5
     mirostat_tau  : 2.0
     num_ctx       : 8192
     repeat_last_n : 128
     repeat_penalty: 1.3
     temperature   : 0.1
     seed          : 7
     num_predict   : -1
     top_k         : 10
     top_p         : 0.5
     min_p         : 0.2

-------------------------------------------

Processor: Intel Core i9-14900K
RAM: 64 GB DDR5
GPU: NVIDIA GeForce RTX 4090 (24GB GDDR6X, 16384 CUDA Cores)
OS: Ubuntu 22.04

-------------------------------------------

Path: prompts/single/paasax/temperature_test.json
-------------------------------------------

Prompt: paasax
Task:
Analyze the following normalized temperature time series data of a processor. Refer to the time over which the data was recorded. The data is represented using the SAX representation (symbollic aggregation approximation).Data 1 context:
The temperature data in data_1 was measured at 1 second intervals over a 5 minute period. This makes a total of 300 data points, which were then transformed into 10 segments of 30 data points each. The SAX representation was then applied to the segments with the following symbols: a, b, c, d, e, f, g, h, i, j, k, l, m, n, o, p, q, r, s, t, u, v, w, x, y, z. The minimum value is around 50°C, the maximum value around 100°C.
Data 1:
{'14:31:54': 'c', '14:32:24': 'c', '14:32:54': 'c', '14:33:24': 'c', '14:33:54': 'c', '14:34:24': 'c', '14:34:54': 'c', '14:35:24': 'e', '14:35:54': 'g', '14:36:24': 'h'}
Data 2 context:
The processor-load data in data_2 was measured at 1 second intervals over a 5 minute period. This makes a total of 300 data points, which were then transformed into 10 segments of 30 data points each. The SAX representation was then applied to the segments with the following symbols: a, b, c, d, e, f, g, h, i, j, k, l, m, n, o, p, q, r, s, t, u, v, w, x, y, z. The minimum value is around 30% load, the maximum value around 80%.
Data 2:
{'14:31:54': 'b', '14:32:24': 'b', '14:32:54': 'b', '14:33:24': 'b', '14:33:54': 'h', '14:34:24': 'h', '14:34:54': 'g', '14:35:24': 'f', '14:35:54': 'd', '14:36:24': 'b'}
Data 3 context:
The fanspeed data in data_3 was measured at 1 second intervals over a 5 minute period. This makes a total of 300 data points, which were then transformed into 10 segments of 30 data points each. The SAX representation was then applied to the segments with the following symbols: a, b, c, d, e, f, g, h, i, j, k, l, m, n, o, p, q, r, s, t, u, v, w, x, y, z. The minimum value is around 1000 RPM, the maximum value around 8500 RPM.
Data 3:
{'14:31:54': 'c', '14:32:24': 'c', '14:32:54': 'c', '14:33:24': 'c', '14:33:54': 'h', '14:34:24': 'h', '14:34:54': 'f', '14:35:24': 'd', '14:35:54': 'b', '14:36:24': 'a'}
Data 4 context:
The voltage data of the CPU in data_4 was measured at 1 second intervals over a 5 minute period. This makes a total of 300 data points, which were then transformed into 10 segments of 30 data points each. The SAX representation was then applied to the segments with the following symbols: a, b, c, d, e, f, g, h, i, j, k, l, m, n, o, p, q, r, s, t, u, v, w, x, y, z. The minimum value is around 35% capacity which is about 0.45V, the maximum value around 80% which is about 1.05V.
Data 4:
{'14:31:54': 'b', '14:32:24': 'b', '14:32:54': 'b', '14:33:24': 'b', '14:33:54': 'g', '14:34:24': 'g', '14:34:54': 'g', '14:35:24': 'g', '14:35:54': 'f', '14:36:24': 'e'}
Data 5 context:
The rooom temperature data in data_5 was measured at 1 second intervals over a 5 minute period. This makes a total of 300 data points, which were then transformed into 10 segments of 30 data points each. The SAX representation was then applied to the segments with the following symbols: a, b, c, d, e, f, g, h, i, j, k, l, m, n, o, p, q, r, s, t, u, v, w, x, y, z. The minimum value is around 14°C, the maximum value around 16°C.
Data 5:
{'14:31:54': 'd', '14:32:24': 'e', '14:32:54': 'e', '14:33:24': 'd', '14:33:54': 'd', '14:34:24': 'e', '14:34:54': 'e', '14:35:24': 'e', '14:35:54': 'd', '14:36:24': 'd'}

Desired output format:
Provide an analysis of the temperature trends and patterns depending on the processor load, fanspeed, cpu voltage and roomtemperature. The response should be structured, starting with key observations, followed by explanations, and concluding with potential actions or recommendations to maintain optimal processor temperature. Generate a flow diagram in mermaid syntax, describing the necessary interventions for problem identification and fixing. Only use the following interventions: reading temperature, reading system load, reading system error log, increasing Fan speed, end system processes, lower maximum processor usage, decrease room temperature.

-------------------------------------------

Answer:
### Key Observations

1. **Temperature Trends (Data 1):**
   - The temperature starts at 'c' (around 50-60°C) and gradually increases to 'h' (around 80-90°C) over the 5-minute period.
   - A noticeable increase occurs between '14:35:24' ('e') and '14:36:24' ('h').

2. **Processor Load (Data 2):**
   - The load remains low ('b', around 30-40%) initially, then spikes to 'h' (around 70-80%) between '14:33:54' and '14:34:24'.
   - It decreases back to 'b' by '14:36:24'.

3. **Fanspeed (Data 3):**
   - Fanspeed starts at 'c' (around 3000-4000 RPM) and increases to 'h' (around 7500-8500 RPM) by '14:33:54'.
   - It decreases to 'a' (around 1000 RPM) by '14:36:24'.

4. **CPU Voltage (Data 4):**
   - Voltage starts at 'b' (around 35-45% capacity) and increases to 'g' (around 65-75% capacity) by '14:33:54'.
   - It decreases to 'e' (around 45-55% capacity) by '14:36:24'.

5. **Room Temperature (Data 5):**
   - Room temperature fluctuates between 'd' (around 14.5-15.5°C) and 'e' (around 15.5-16.5°C).

### Explanations

- **Temperature Increase:** The temperature rise correlates with the spike in processor load and CPU voltage, indicating increased processing activity.
- **Fanspeed Response:** The fanspeed increases in response to the temperature rise, suggesting an automatic cooling mechanism.
- **Load and Voltage Correlation:** The spike in load and voltage likely contributes to the temperature increase, as more power and processing are required.
- **Room Temperature Stability:** The room temperature remains relatively stable, indicating it has minimal impact on the processor temperature changes.

### Recommendations

1. **Monitor Temperature and Load:**
   - Continuously monitor temperature and load to identify patterns and potential overheating risks.

2. **Adjust Fanspeed:**
   - Ensure fanspeed is responsive to temperature changes. Consider increasing fanspeed preemptively if load spikes are anticipated.

3. **Optimize Processor Usage:**
   - Lower maximum processor usage during peak times to prevent excessive temperature rise.

4. **Manage Room Temperature:**
   - Although stable, maintaining a cooler room temperature can aid in overall cooling efficiency.

5. **System Process Management:**
   - End unnecessary system processes to reduce load and prevent temperature spikes.

### Flow Diagram in Mermaid Syntax

```mermaid
graph TD
    A[Start] --> B{Read Temperature}
    B -->|High| C[Read System Load]
    C -->|High| D[Increase Fan Speed]
    C -->|Normal| E[End System Processes]
    D --> F[Read Temperature]
    E --> F
    F -->|High| G[Lower Max Processor Usage]
    F -->|Normal| H[Decrease Room Temperature]
    G --> I[Read Temperature]
    H --> I
    I --> J{Check Temperature}
    J -->|High| B
    J -->|Normal| K[End]
```

### Conclusion

By monitoring and adjusting the processor's operating conditions, such as load, fanspeed, and room temperature, optimal performance and temperature can be maintained. Implementing these interventions can prevent overheating and ensure efficient processor operation.

-------------------------------------------

Execution time: 13.638757944107056 seconds

