Timestamp: HH-MM-SS   DD-MM-YYYY
           16:13:57   05-03-2025

-------------------------------------------

Model: gemma:7b
--------------------------
     mirostat      : 2
     mirostat_eta  : 0.5
     mirostat_tau  : 2.0
     num_ctx       : 8192
     repeat_last_n : 128
     repeat_penalty: 1.3
     temperature   : 0.1
     seed          : 7
     num_predict   : -1
     top_k         : 10
     top_p         : 0.5
     min_p         : 0.2

-------------------------------------------

Processor: Intel Core i9-14900K
RAM: 64 GB DDR5
GPU: NVIDIA GeForce RTX 4090 (24GB GDDR6X, 16384 CUDA Cores)
OS: Ubuntu 22.04

-------------------------------------------

Prompt:
Task:
Identify the underlying pattern of a numerical sequence where only every third value is provided. Fill in the missing numbers and return the complete sequence.
Data:
{'14:43:01': 2, '14:43:04': 7, '14:43:07': 17, '14:43:10': 29, '14:43:13': 41, '14:43:16': 53, '14:43:19': 67, '14:43:22': 79, '14:43:25': 97, '14:43:28': 107}
Additional context:
The given data represents every third value of a complete numerical sequence. The missing values between the given numbers follow the same underlying pattern. Your goal is to infer the rule governing the sequence and reconstruct the full set of numbers.
Desired output format:
Return a list containing the complete numerical sequence, including the missing values in their correct positions. Do not include any additional commentary, only the reconstructed sequence. Also return a list containing the timestamps of every single value.


-------------------------------------------

Answer:
**Complete Numerical Sequence:**
[2, 7, 17, 29, 41, 53, 67, 79, 97, 107]

**Timestamps:**
['14:43:01', '14:43:04', '14:43:07', '14:43:10', '14:43:13', '14:43:16', '14:43:19', '14:43:22', '14:43:25', '14:43:28']

-------------------------------------------

Execution time: 3.0508484840393066 seconds

