Timestamp: HH-MM-SS   DD-MM-YYYY
           15:53:19   21-03-2025

-------------------------------------------

Model: gemma:7b
--------------------------
Default
-------------------------------------------

Processor: Intel Core i9-14900K
RAM: 64 GB DDR5
GPU: NVIDIA GeForce RTX 4090 (24GB GDDR6X, 16384 CUDA Cores)
OS: Ubuntu 22.04

-------------------------------------------

Path: prompts/single/paasax/temperature_test.json
-------------------------------------------

Prompt: paasax
Task:
Analyze the following normalized temperature time series data of a processor. Refer to the time over which the data was recorded. The data is represented using the SAX representation (symbollic aggregation approximation).
Data context:
The data was measured at 1 second intervals over a 5 minute period. This makes a total of 300 data points, which were then transformed into 10 segments of 30 data points each. The SAX representation was then applied to the segments with the following symbols: a, b, c, d, e, f, g, h, i, j, k, l, m, n, o, p, q, r, s, t, u, v, w, x, y, z. The following interventions are possible: reading temperature, reading system load, reading system error log, increasing Fan speed, end system processes, lower maximum processor usage, decrease room temperature.
Data:
{'10:22:21': 'c', '10:22:51': 'c', '10:23:21': 'c', '10:23:51': 'c', '10:24:21': 'c', '10:24:51': 'c', '10:25:21': 'c', '10:25:51': 'e', '10:26:21': 'g', '10:26:51': 'h'}
Desired output format:
Provide an analysis of the temperature trends and patterns. The response should be structured, starting with key observations, followed by explanations, and concluding with potential actions or recommendations to maintain optimal processor temperature. Generate a flow diagram in mermaid syntax, describing the necessary interventions for problem identification and fixing. Only use the interventions provided in the data_context.


-------------------------------------------

Answer:
## Analysis of Processor Temperature Time Series Data

**Key Observations:**

* The temperature readings are mostly clustered around **'c'** to **'h'**, indicating a relatively stable baseline.
* There are occasional spikes reaching **'e'** and **'g'**, suggesting brief temperature increases.
* The highest temperature recorded is **'h'** at 10:26:51.

**Explanations:**

* The consistent readings suggest normal operating conditions with minimal thermal stress.
* The occasional spikes could indicate short-term load variations or transient thermal events.
* The peak temperature might be attributed to a temporary surge in processor utilization or environmental factors.

**Potential Actions:**

* Continue monitoring temperature to identify further potential spikes.
* Investigate system load patterns to identify any unusual activity causing temporary temperature increases.
* Review the system error log for any thermal-related alerts or warnings.
* Increase fan speed to enhance cooling efficiency if needed.
* Reduce maximum processor usage through process optimization or scheduling.
* Consider lowering the room temperature if feasible.


## Flow Diagram: Interventions for Problem Identification and Fixing

```mermaid
graph LR
A[Data Analysis] --> B[Temperature Spikes?];
B --> C{Yes} --> D[System Load Analysis];
B --> E{No} --> F[Error Log Review];
C --> G{Increase Fan Speed}
C --> H{Reduce Maximum Usage}
C --> I{Lower Room Temperature}
D --> J{Yes} --> G
D --> K{No} --> F
E --> L{Yes} --> G
E --> M{No} --> F
```

**Legend:**

* **Data Analysis:** Initial analysis of temperature time series data.
* **Temperature Spikes?:** Checks for significant deviations from the baseline temperature.
* **System Load Analysis:** Investigates system load patterns to identify potential causes of temperature increases.
* **Error Log Review:** Checks the system error log for thermal-related issues.
* **Increase Fan Speed:** Manually increases the fan speed for improved cooling.
* **Reduce Maximum Usage:** Limits the maximum processor usage to reduce thermal stress.
* **Lower Room Temperature:** Decreases the ambient temperature in the processor area if possible.

-------------------------------------------

Execution time: 5.4947192668914795 seconds

