Timestamp: HH-MM-SS   DD-MM-YYYY
           15:15:18   21-03-2025

-------------------------------------------

Model: gemma:7b
--------------------------
     mirostat      : 2
     mirostat_eta  : 0.5
     mirostat_tau  : 2.0
     num_ctx       : 8192
     repeat_last_n : 128
     repeat_penalty: 1.3
     temperature   : 0.1
     seed          : 7
     num_predict   : -1
     top_k         : 10
     top_p         : 0.5
     min_p         : 0.2

-------------------------------------------

Processor: Intel Core i9-14900K
RAM: 64 GB DDR5
GPU: NVIDIA GeForce RTX 4090 (24GB GDDR6X, 16384 CUDA Cores)
OS: Ubuntu 22.04

-------------------------------------------

Path: prompts/single/paasax/temperature_test.json
-------------------------------------------

Prompt: paasax
Task:
Analyze the following normalized temperature time series data of a processor. Refer to the time over which the data was recorded. The data is represented using the SAX representation (symbollic aggregation approximation).
Data 1 context:
The temperature data in data_1 was measured at 1 second intervals over a 5 minute period. This makes a total of 300 data points, which were then transformed into 10 segments of 30 data points each. The SAX representation was then applied to the segments with the following symbols: a, b, c, d, e, f, g, h, i, j, k, l, m, n, o, p, q, r, s, t, u, v, w, x, y, z.
Data 1:
{'10:22:22': 'c', '10:22:52': 'c', '10:23:22': 'c', '10:23:52': 'c', '10:24:22': 'c', '10:24:52': 'c', '10:25:22': 'd', '10:25:52': 'e', '10:26:22': 'g', '10:26:52': 'h'}
Data 2 context:
The processor-load data in data_2 was measured at 1 second intervals over a 5 minute period. This makes a total of 300 data points, which were then transformed into 10 segments of 30 data points each. The SAX representation was then applied to the segments with the following symbols: a, b, c, d, e, f, g, h, i, j, k, l, m, n, o, p, q, r, s, t, u, v, w, x, y, z.
Data 2:
{'10:22:22': 'b', '10:22:52': 'b', '10:23:22': 'b', '10:23:52': 'b', '10:24:22': 'h', '10:24:52': 'h', '10:25:22': 'g', '10:25:52': 'f', '10:26:22': 'd', '10:26:52': 'b'}
Desired output format:
Provide an analysis of the temperature trends and patterns. The response should be structured, starting with key observations, followed by explanations, and concluding with potential actions or recommendations to maintain optimal processor temperature. Generate a flow diagram in mermaid syntax, describing the necessary interventions for problem identification and fixing. Only use the following interventions: reading temperature, reading system load, reading system error log, increasing Fan speed, end system processes, lower maximum processor usage, decrease room temperature.


-------------------------------------------

Answer:
## Analysis of Processor Temperature Data

**Key Observations:**

* The temperature readings remain mostly within the range of 'c' to 'h', indicating normal operating temperatures.
* However, there are isolated spikes reaching 'g' and 'h' values, suggesting potential thermal anomalies.
* The temperature trend appears relatively stable with minor fluctuations over time.


**Explanations:**

* The observed temperature variations could be attributed to:
    * Variations in processor load.
    * Changes in ambient temperature.
    * Thermal throttling mechanisms engaging to prevent overheating.


**Potential Actions/Recommendations:**

1. **Monitor System Load:**
    - Track processor load alongside temperature readings to identify potential correlations.
    - Implement strategies to reduce unnecessary process load.


2. **Optimize Fan Speed:**
    - Increase fan speed when temperatures approach critical thresholds.
    - Ensure proper fan functionality and clearance of air around the processor.


3. **Reduce Maximum Processor Usage:**
    - Limit the maximum allowed processor utilization to prevent excessive heat generation.
    - Configure applications to reduce their temperature impact.


4. **Control Ambient Temperature:**
    - Ensure adequate cooling in the surrounding environment.
    - Consider relocating the processor to a cooler location if possible.


**Flow Diagram:**

```mermaid
graph LR
A[Temperature Reading] --> B[System Load Reading]
B --> C{High Load}
B --> D{Normal Load}
C --> E[Fan Speed Increase]
C --> F[Process Termination]
D --> G[Temperature Analysis]
G --> H{Normal}
G --> I{Anomaly}
I --> J[Increase Fan Speed]
I --> K[Reduce Processes]
I --> L[Control Ambient Temp]
```

**Explanation of Flow Diagram:**

1. The process starts with reading the processor temperature.
2. Simultaneously, the system load is measured.
3. If the load is high, interventions like increasing fan speed, terminating processes, or controlling ambient temperature are initiated.
4. If the load is normal, temperature data is analyzed for potential anomalies.
5. Based on the analysis, appropriate actions are taken to maintain optimal temperature.

-------------------------------------------

Execution time: 10.359007835388184 seconds

