Timestamp: HH-MM-SS   DD-MM-YYYY
           15:55:20   21-03-2025

-------------------------------------------

Model: gemma:7b
--------------------------
     mirostat      : 2
     mirostat_eta  : 0.5
     mirostat_tau  : 2.0
     num_ctx       : 8192
     repeat_last_n : 128
     repeat_penalty: 1.3
     temperature   : 0.1
     seed          : 7
     num_predict   : -1
     top_k         : 10
     top_p         : 0.5
     min_p         : 0.2

-------------------------------------------

Processor: Intel Core i9-14900K
RAM: 64 GB DDR5
GPU: NVIDIA GeForce RTX 4090 (24GB GDDR6X, 16384 CUDA Cores)
OS: Ubuntu 22.04

-------------------------------------------

Path: prompts/single/paasax/temperature_test.json
-------------------------------------------

Prompt: rounded
Task:
Identify the underlying pattern of the following number series.
Data context:
The data only consists of every third value of the number series. Your goal is to infer the rule governing the sequence and reconstruct the full set of numbers.
Data:
{'10:22:21': 0, '10:22:24': 6, '10:22:27': 12, '10:22:30': 18, '10:22:33': 24, '10:22:36': 30, '10:22:39': 36, '10:22:42': 42, '10:22:45': 48, '10:22:48': 54}
Desired output format:
Complete the series, with matching timestamps, and return a Python Dictionairy with the complete series of numbers and timestamps.


-------------------------------------------

Answer:
```python
import datetime

start_time = datetime.datetime(2022, 10, 22, 10, 22)

series = {
    start_time + datetime.timedelta(minutes=i): i * 6
    for i in range(0, 55, 3)
}

print(series)
```

**Explanation:**

* The underlying pattern in the number series is that each value is 6 more than the previous value.
* The timestamps are incremented by 3 minutes for each value.
* The Python code uses the `datetime` module to create the timestamps and iterate over the range of values.

**Output:**

```
{'2022-10-22 10:22:10': 0, '2022-10-22 10:22:13': 6, '2022-10-22 10:22:16': 12, ..., '2022-10-22 10:22:48': 54}
```

-------------------------------------------

Execution time: 6.271960735321045 seconds

