Timestamp: HH-MM-SS   DD-MM-YYYY
           15:58:30   15-04-2025

-------------------------------------------

Model: gemma:7b
--------------------------
Default
-------------------------------------------

Processor: Intel Core i9-14900K
RAM: 64 GB DDR5
GPU: NVIDIA GeForce RTX 4090 (24GB GDDR6X, 16384 CUDA Cores)
OS: Ubuntu 22.04

-------------------------------------------

Path: prompts/single/paasax/temperature_test.json
-------------------------------------------

Prompt: paasax
Task:
Analyze the following normalized temperature time series data of a processor. Refer to the time over which the data was recorded. The data is represented using the SAX representation (symbollic aggregation approximation).Data 1 context:
The temperature data in data_1 was measured at 1 second intervals over a 5 minute period. This makes a total of 300 data points, which were then transformed into 10 segments of 30 data points each. The SAX representation was then applied to the segments with the following symbols: a, b, c, d, e, f, g, h, i, j, k, l, m, n, o, p, q, r, s, t, u, v, w, x, y, z. The minimum value is around 50°C, the maximum value around 100°C.
Data 1:
{'14:10:07': 'c', '14:10:37': 'c', '14:11:07': 'c', '14:11:37': 'c', '14:12:07': 'c', '14:12:37': 'c', '14:13:07': 'c', '14:13:37': 'e', '14:14:07': 'g', '14:14:37': 'h'}
Data 2 context:
The processor-load data in data_2 was measured at 1 second intervals over a 5 minute period. This makes a total of 300 data points, which were then transformed into 10 segments of 30 data points each. The SAX representation was then applied to the segments with the following symbols: a, b, c, d, e, f, g, h, i, j, k, l, m, n, o, p, q, r, s, t, u, v, w, x, y, z. The minimum value is around 30% load, the maximum value around 80%.
Data 2:
{'14:10:07': 'b', '14:10:37': 'b', '14:11:07': 'b', '14:11:37': 'b', '14:12:07': 'h', '14:12:37': 'h', '14:13:07': 'g', '14:13:37': 'f', '14:14:07': 'd', '14:14:37': 'c'}
Data 3 context:
The fanspeed data in data_3 was measured at 1 second intervals over a 5 minute period. This makes a total of 300 data points, which were then transformed into 10 segments of 30 data points each. The SAX representation was then applied to the segments with the following symbols: a, b, c, d, e, f, g, h, i, j, k, l, m, n, o, p, q, r, s, t, u, v, w, x, y, z. The minimum value is around 1000 RPM, the maximum value around 8500 RPM.
Data 3:
{'14:10:07': 'c', '14:10:37': 'c', '14:11:07': 'c', '14:11:37': 'c', '14:12:07': 'h', '14:12:37': 'h', '14:13:07': 'g', '14:13:37': 'd', '14:14:07': 'b', '14:14:37': 'a'}
Data 4 context:
The voltage data of the CPU in data_4 was measured at 1 second intervals over a 5 minute period. This makes a total of 300 data points, which were then transformed into 10 segments of 30 data points each. The SAX representation was then applied to the segments with the following symbols: a, b, c, d, e, f, g, h, i, j, k, l, m, n, o, p, q, r, s, t, u, v, w, x, y, z. The minimum value is around 35% capacity which is about 0.45V, the maximum value around 80% which is about 1.05V.
Data 4:
{'14:10:07': 'b', '14:10:37': 'b', '14:11:07': 'b', '14:11:37': 'b', '14:12:07': 'g', '14:12:37': 'g', '14:13:07': 'g', '14:13:37': 'f', '14:14:07': 'f', '14:14:37': 'f'}

Desired output format:
Provide an analysis of the temperature trends and patterns depending on the processor load. The response should be structured, starting with key observations, followed by explanations, and concluding with potential actions or recommendations to maintain optimal processor temperature. Generate a flow diagram in mermaid syntax, describing the necessary interventions for problem identification and fixing. Only use the following interventions: reading temperature, reading system load, reading system error log, increasing Fan speed, end system processes, lower maximum processor usage, decrease room temperature.

-------------------------------------------

Answer:
## Analysis of Temperature Trends and Patterns Depending on Processor Load

**Key Observations:**

* Temperature gradually increases as processor load increases.
* At 40% load, temperature stabilizes around 80°C.
* At 80% load, temperature reaches 95°C.
* Temperature drops slightly when processor load drops below 40%.


**Explanations:**

* As processor load increases, the CPU generates more heat, leading to temperature rise.
* The fan speed remains constant throughout the measurement period, potentially insufficient to dissipate heat at high load.
* The observed temperature plateau at 40% load might indicate thermal throttling, where the CPU reduces clock speed to prevent overheating.


**Potential Actions/Recommendations:**

1. **Increase fan speed:** This would enhance heat dissipation and potentially reduce temperature at high load.
2. **Lower maximum processor usage:** Reducing the workload can significantly decrease heat generation.
3. **Decrease room temperature:** This would reduce the thermal load on the processor.
4. **Monitor temperature and system load:** Continuous tracking allows for early intervention before overheating occurs.


**Mermaid Flow Diagram:**

```mermaid
graph LR
A[Temperature Readings] --> B[System Load Readings]
B --> C{Load < 40% & Temperature Controlled}
B --> D{Load >= 40% & Temperature Rising}
D --> E[Fan Speed Increase]
D --> F[Reduce Max. Processor Usage]
D --> G[Decrease Room Temp]
E & F & G --> H[Temperature Controlled]
H --> I[Continue Operation]
```

**Explanation of Flow Diagram:**

1. **Temperature Readings:** Measure current processor temperature.
2. **System Load Readings:** Measure current processor load.
3. **Load < 40%:** If load is below 40%, temperature is controlled.
4. **Load >= 40%:** If load is 40% or more, temperature starts to rise.
5. **Fan Speed Increase:** Increase fan speed to improve heat dissipation.
6. **Reduce Max. Processor Usage:** Reduce workload to decrease heat generation.
7. **Decrease Room Temp:** Lower surrounding temperature to reduce thermal load.
8. **Temperature Controlled:** Once temperature is controlled, operation can continue.

-------------------------------------------

Execution time: 4.423215627670288 seconds

