Timestamp: HH-MM-SS   DD-MM-YYYY
           16:16:28   24-03-2025

-------------------------------------------

Model: phi4:14b
--------------------------
     mirostat      : 2
     mirostat_eta  : 0.5
     mirostat_tau  : 2.0
     num_ctx       : 8192
     repeat_last_n : 128
     repeat_penalty: 1.3
     temperature   : 0.1
     seed          : 7
     num_predict   : -1
     top_k         : 10
     top_p         : 0.5
     min_p         : 0.2

-------------------------------------------

Processor: Intel Core i9-14900K
RAM: 64 GB DDR5
GPU: NVIDIA GeForce RTX 4090 (24GB GDDR6X, 16384 CUDA Cores)
OS: Ubuntu 22.04

-------------------------------------------

Path: prompts/single/paasax/temperature_test.json
-------------------------------------------

Prompt: paasax
Task:
Analyze the following normalized temperature time series data of a processor. Refer to the time over which the data was recorded. The data is represented using the SAX representation (symbollic aggregation approximation).
Data 1 context:
The temperature data in data_1 was measured at 1 second intervals over a 5 minute period. This makes a total of 300 data points, which were then transformed into 10 segments of 30 data points each. The SAX representation was then applied to the segments with the following symbols: a, b, c, d, e, f, g, h, i, j, k, l, m, n, o, p, q, r, s, t, u, v, w, x, y, z.
Data 1:
{'10:22:22': 'c', '10:22:52': 'c', '10:23:22': 'c', '10:23:52': 'c', '10:24:22': 'c', '10:24:52': 'c', '10:25:22': 'd', '10:25:52': 'e', '10:26:22': 'g', '10:26:52': 'h'}
Data 2 context:
The processor-load data in data_2 was measured at 1 second intervals over a 5 minute period. This makes a total of 300 data points, which were then transformed into 10 segments of 30 data points each. The SAX representation was then applied to the segments with the following symbols: a, b, c, d, e, f, g, h, i, j, k, l, m, n, o, p, q, r, s, t, u, v, w, x, y, z.
Data 2:
{'10:22:22': 'b', '10:22:52': 'b', '10:23:22': 'b', '10:23:52': 'b', '10:24:22': 'h', '10:24:52': 'h', '10:25:22': 'g', '10:25:52': 'f', '10:26:22': 'd', '10:26:52': 'b'}
Desired output format:
Provide an analysis of the temperature trends and patterns depending on the processor load. The response should be structured, starting with key observations, followed by explanations, and concluding with potential actions or recommendations to maintain optimal processor temperature. Generate a flow diagram in mermaid syntax, describing the necessary interventions for problem identification and fixing. Only use the following interventions: reading temperature, reading system load, reading system error log, increasing Fan speed, end system processes, lower maximum processor usage, decrease room temperature.


-------------------------------------------

Answer:
### Analysis of Temperature Trends and Patterns

#### Key Observations:
1. **Temperature Stability and Increase:**
   - From 10:22:22 to 10:24:52, the temperature remains stable at 'c'.
   - At 10:25:22, the temperature increases to 'd', and continues to rise to 'e', 'g', and 'h' by 10:26:52.

2. **Processor Load Variability:**
   - The processor load remains stable at 'b' from 10:22:22 to 10:24:22.
   - It spikes to 'h' at 10:24:22 and 10:24:52, then decreases to 'g', 'f', 'd', and returns to 'b' by 10:26:52.

3. **Correlation Between Load and Temperature:**
   - The temperature increase from 'c' to 'h' correlates with the load spike to 'h' at 10:24:22 and 10:24:52.
   - As the load decreases, the temperature stabilizes and then increases again, suggesting a direct relationship between load and temperature.

#### Explanations:
- **Load Impact on Temperature:**
  - The spike in processor load at 10:24:22 and 10:24:52 likely causes the temperature to rise, indicating that higher loads generate more heat.
  - The subsequent decrease in load correlates with a stabilization and slight increase in temperature, suggesting that the system may not be cooling efficiently or that residual heat is affecting the temperature.

- **System Efficiency:**
  - The system's ability to manage heat is challenged during high load periods, indicating potential inefficiencies in cooling mechanisms or thermal management.

#### Recommendations:
1. **Immediate Actions:**
   - **Increase Fan Speed:** To enhance cooling during high load periods.
   - **Read System Error Log:** To identify any underlying issues contributing to inefficient cooling.

2. **Long-term Strategies:**
   - **Lower Maximum Processor Usage:** To prevent excessive heat generation.
   - **Decrease Room Temperature:** To improve overall cooling efficiency.

3. **Monitoring:**
   - **Read Temperature and System Load Regularly:** To ensure that interventions are effective and to adjust strategies as needed.

### Flow Diagram in Mermaid Syntax

```mermaid
graph TD
    A[Start] --> B{Read Temperature}
    B -->|High Temp| C[Increase Fan Speed]
    B -->|Normal Temp| D[Read System Load]
    D -->|High Load| E[Lower Maximum Processor Usage]
    D -->|Normal Load| F[End System Processes]
    C --> G{Check Temperature}
    E --> G
    F --> G
    G -->|High Temp| H[Read System Error Log]
    G -->|Normal Temp| I[Decrease Room Temperature]
    H --> J{Check Error Log}
    J -->|Errors Found| K[Fix Identified Issues]
    J -->|No Errors| L[Continue Monitoring]
    K --> L
    L --> A
```

### Conclusion
The analysis indicates a direct correlation between processor load and temperature. Immediate interventions such as increasing fan speed and monitoring system logs can help manage temperature spikes. Long-term strategies should focus on optimizing processor usage and environmental conditions to maintain optimal performance and prevent overheating. Regular monitoring will ensure that these strategies remain effective over time.

-------------------------------------------

Execution time: 13.54588770866394 seconds

