Timestamp: HH-MM-SS   DD-MM-YYYY
           12:05:20   27-03-2025

-------------------------------------------

Model: phi4:14b
--------------------------
Default
-------------------------------------------

Processor: Intel Core i9-14900K
RAM: 64 GB DDR5
GPU: NVIDIA GeForce RTX 4090 (24GB GDDR6X, 16384 CUDA Cores)
OS: Ubuntu 22.04

-------------------------------------------

Path: prompts/single/paasax/temperature_test.json
-------------------------------------------

Prompt: paasax
Task:
Analyze the following normalized temperature time series data of a processor. Refer to the time over which the data was recorded. The data is represented using the SAX representation (symbollic aggregation approximation).
Data 1 context:
The temperature data in data_1 was measured at 1 second intervals over a 5 minute period. This makes a total of 300 data points, which were then transformed into 10 segments of 30 data points each. The SAX representation was then applied to the segments with the following symbols: a, b, c, d, e, f, g, h, i, j, k, l, m, n, o, p, q, r, s, t, u, v, w, x, y, z. The minimum value is around 50°C, the maximum value around 100°C.
Data 1:
{'10:22:22': 'c', '10:22:52': 'c', '10:23:22': 'c', '10:23:52': 'c', '10:24:22': 'c', '10:24:52': 'c', '10:25:22': 'd', '10:25:52': 'e', '10:26:22': 'g', '10:26:52': 'h'}
Data 2 context:
The processor-load data in data_2 was measured at 1 second intervals over a 5 minute period. This makes a total of 300 data points, which were then transformed into 10 segments of 30 data points each. The SAX representation was then applied to the segments with the following symbols: a, b, c, d, e, f, g, h, i, j, k, l, m, n, o, p, q, r, s, t, u, v, w, x, y, z. The minimum value is around 30% load, the maximum value around 80%.
Data 2:
{'10:22:22': 'b', '10:22:52': 'b', '10:23:22': 'b', '10:23:52': 'b', '10:24:22': 'h', '10:24:52': 'h', '10:25:22': 'g', '10:25:52': 'f', '10:26:22': 'd', '10:26:52': 'b'}
Desired output format:
Provide an analysis of the temperature trends and patterns depending on the processor load. The response should be structured, starting with key observations, followed by explanations, and concluding with potential actions or recommendations to maintain optimal processor temperature. Generate a flow diagram in mermaid syntax, describing the necessary interventions for problem identification and fixing. Only use the following interventions: reading temperature, reading system load, reading system error log, increasing Fan speed, end system processes, lower maximum processor usage, decrease room temperature.


-------------------------------------------

Answer:
### Key Observations:

1. **Temperature Trends**:
   - From '10:22:22' to '10:25:22', the temperature remains relatively stable at symbol 'c'.
   - There is a gradual increase from 'd' at '10:25:22' to 'h' at '10:26:52'.

2. **Processor Load Trends**:
   - The load starts at 'b' and remains constant until '10:24:22', then spikes to 'h'.
   - After peaking, it decreases from 'h' at '10:24:52' to 'd' at '10:26:22' before returning to 'b' at '10:26:52'.

3. **Correlation**:
   - The spike in load from 'b' to 'h' coincides with a rise in temperature from 'c' to 'd'.
   - As the load decreases, the temperature stabilizes or slightly increases.

### Explanations:

- **Stable Temperature**: Initially, both temperature and load are stable, indicating efficient processor performance.
  
- **Load Increase Impact**: The sharp increase in load corresponds with a rise in temperature. This suggests that higher loads lead to increased heat generation.

- **Temperature Stabilization**: As the load decreases, the temperature stabilizes or slightly increases due to residual heat dissipation.

### Recommendations:

1. **Monitor Temperature and Load**:
   - Continuously monitor both metrics to identify patterns and preemptively address issues.

2. **Fan Speed Adjustment**:
   - Increase fan speed during periods of high load to prevent overheating.

3. **Load Management**:
   - Consider lowering maximum processor usage or ending non-essential processes during peak loads to maintain optimal temperature.

4. **Environmental Control**:
   - Ensure the room temperature is kept at an optimal level to aid in cooling.

5. **Error Log Review**:
   - Regularly check system error logs for any underlying issues that might affect performance.

### Flow Diagram (Mermaid Syntax):

```mermaid
graph TD;
    A[Start] --> B{Read Temperature};
    B -->|Stable| C[Monitor];
    B -->|Rising| D{Read System Load};
    D -->|High Load| E[Increase Fan Speed];
    D -->|Normal Load| F[Monitor];
    E --> G{Check Temperature};
    G -->|Overheating| H[Lower Maximum Processor Usage];
    G -->|Stable| I[End Non-Essential Processes];
    H --> J[Decrease Room Temperature];
    I --> K[Monitor];
    J --> L{Check System Error Log};
    L --> M[Resolve Issues];
    M --> N[Return to Monitoring];
    C --> O[End];
    F --> O;
    K --> O;

```

### Conclusion:

By continuously monitoring temperature and load, adjusting fan speed, managing processor usage, and maintaining optimal environmental conditions, the processor can operate efficiently without overheating. Regular checks of system error logs will help in identifying and resolving any underlying issues promptly.

-------------------------------------------

Execution time: 10.746440172195435 seconds

