Timestamp: HH-MM-SS   DD-MM-YYYY
           12:16:10   07-04-2025

-------------------------------------------

Model: gemma:7b
--------------------------
     mirostat      : 2
     mirostat_eta  : 0.5
     mirostat_tau  : 2.0
     num_ctx       : 8192
     repeat_last_n : 128
     repeat_penalty: 1.3
     temperature   : 0.1
     seed          : 7
     num_predict   : -1
     top_k         : 10
     top_p         : 0.5
     min_p         : 0.2

-------------------------------------------

Processor: Intel Core i9-14900K
RAM: 64 GB DDR5
GPU: NVIDIA GeForce RTX 4090 (24GB GDDR6X, 16384 CUDA Cores)
OS: Ubuntu 22.04

-------------------------------------------

Path: prompts/single/paasax/temperature_test.json
-------------------------------------------

Prompt: paasax
Task:
Analyze the following normalized temperature time series data of a processor. Refer to the time over which the data was recorded. The data is represented using the SAX representation (symbollic aggregation approximation).
Data context:
The data was measured at 1 second intervals over a 5 minute period. This makes a total of 300 data points, which were then transformed into 10 segments of 30 data points each. The SAX representation was then applied to the segments with the following symbols: a, b, c, d, e, f, g, h, i, j, k, l, m, n, o, p, q, r, s, t, u, v, w, x, y, z. The following interventions are possible: reading temperature, reading system load, reading system error log, increasing Fan speed, end system processes, lower maximum processor usage, decrease room temperature. The minimum value is around 50°C, the maximum value around 100°C
Data:
{'10:22:21': 'c', '10:22:51': 'c', '10:23:21': 'c', '10:23:51': 'c', '10:24:21': 'c', '10:24:51': 'c', '10:25:21': 'c', '10:25:51': 'e', '10:26:21': 'g', '10:26:51': 'h'}
Desired output format:
Provide an analysis of the temperature trends and patterns. The response should be structured, starting with key observations, followed by explanations, and concluding with potential actions or recommendations to maintain optimal processor temperature. Generate a flow diagram in mermaid syntax, describing the necessary interventions for problem identification and fixing. Only use the interventions provided in the data_context.


-------------------------------------------

Answer:
## Analysis of Processor Temperature Time Series Data

**Key Observations:**

* The temperature readings hover around 50°C to 100°C throughout the 5-minute period.
* The temperature gradually increases from the start of the measurement period until reaching a peak at around 10:26:51.
* After the peak, the temperature gradually decreases back towards the initial value.

**Explanations:**

* The observed temperature fluctuations suggest normal operation of the processor.
* The gradual increase in temperature could be attributed to increased workload or ambient temperature.
* The subsequent decrease in temperature indicates that the system was able to regulate the temperature within acceptable limits.

**Potential Actions/Recommendations:**

* **Increase fan speed:** This would enhance cooling efficiency and prevent future temperature spikes.
* **End unnecessary system processes:** This would reduce the workload on the processor and lower its temperature.
* **Decrease room temperature:** This would reduce the ambient temperature surrounding the processor and minimize temperature fluctuations.

**Flow Diagram:**

```mermaid
graph LR
A[Data Collection] --> B[SAX Representation]
B --> C[Temperature Analysis]
C --> D{Temperature within acceptable limits}?
D --> E[Continue operation]
D --> F[Intervention needed]
F --> G{Increase fan speed}?
F --> H{End unnecessary processes}?
F --> I{Decrease room temperature}?
```

**Conclusion:**

The analyzed temperature data suggests normal operation of the processor. By implementing the recommended interventions, such as increasing fan speed, ending unnecessary processes, and lowering the room temperature, the system can maintain optimal processor temperature and prevent potential overheating issues.

-------------------------------------------

Execution time: 10.495175838470459 seconds

