Timestamp: HH-MM-SS   DD-MM-YYYY
           16:04:33   15-04-2025

-------------------------------------------

Model: phi4:14b
--------------------------
Default
-------------------------------------------

Processor: Intel Core i9-14900K
RAM: 64 GB DDR5
GPU: NVIDIA GeForce RTX 4090 (24GB GDDR6X, 16384 CUDA Cores)
OS: Ubuntu 22.04

-------------------------------------------

Path: prompts/single/paasax/temperature_test.json
-------------------------------------------

Prompt: paasax
Task:
Analyze the following normalized temperature time series data of a processor. Refer to the time over which the data was recorded. The data is represented using the SAX representation (symbollic aggregation approximation).Data 1 context:
The temperature data in data_1 was measured at 1 second intervals over a 5 minute period. This makes a total of 300 data points, which were then transformed into 10 segments of 30 data points each. The SAX representation was then applied to the segments with the following symbols: a, b, c, d, e, f, g, h, i, j, k, l, m, n, o, p, q, r, s, t, u, v, w, x, y, z. The minimum value is around 50°C, the maximum value around 100°C.
Data 1:
{'14:10:07': 'c', '14:10:37': 'c', '14:11:07': 'c', '14:11:37': 'c', '14:12:07': 'c', '14:12:37': 'c', '14:13:07': 'c', '14:13:37': 'e', '14:14:07': 'g', '14:14:37': 'h'}
Data 2 context:
The processor-load data in data_2 was measured at 1 second intervals over a 5 minute period. This makes a total of 300 data points, which were then transformed into 10 segments of 30 data points each. The SAX representation was then applied to the segments with the following symbols: a, b, c, d, e, f, g, h, i, j, k, l, m, n, o, p, q, r, s, t, u, v, w, x, y, z. The minimum value is around 30% load, the maximum value around 80%.
Data 2:
{'14:10:07': 'b', '14:10:37': 'b', '14:11:07': 'b', '14:11:37': 'b', '14:12:07': 'h', '14:12:37': 'h', '14:13:07': 'g', '14:13:37': 'f', '14:14:07': 'd', '14:14:37': 'c'}
Data 3 context:
The fanspeed data in data_3 was measured at 1 second intervals over a 5 minute period. This makes a total of 300 data points, which were then transformed into 10 segments of 30 data points each. The SAX representation was then applied to the segments with the following symbols: a, b, c, d, e, f, g, h, i, j, k, l, m, n, o, p, q, r, s, t, u, v, w, x, y, z. The minimum value is around 1000 RPM, the maximum value around 8500 RPM.
Data 3:
{'14:10:07': 'c', '14:10:37': 'c', '14:11:07': 'c', '14:11:37': 'c', '14:12:07': 'h', '14:12:37': 'h', '14:13:07': 'g', '14:13:37': 'd', '14:14:07': 'b', '14:14:37': 'a'}
Data 4 context:
The voltage data of the CPU in data_4 was measured at 1 second intervals over a 5 minute period. This makes a total of 300 data points, which were then transformed into 10 segments of 30 data points each. The SAX representation was then applied to the segments with the following symbols: a, b, c, d, e, f, g, h, i, j, k, l, m, n, o, p, q, r, s, t, u, v, w, x, y, z. The minimum value is around 35% capacity which is about 0.45V, the maximum value around 80% which is about 1.05V.
Data 4:
{'14:10:07': 'b', '14:10:37': 'b', '14:11:07': 'b', '14:11:37': 'b', '14:12:07': 'g', '14:12:37': 'g', '14:13:07': 'g', '14:13:37': 'f', '14:14:07': 'f', '14:14:37': 'f'}

Desired output format:
Provide an analysis of the temperature trends and patterns depending on the processor load, fanspeed and cpu voltage. The response should be structured, starting with key observations, followed by explanations, and concluding with potential actions or recommendations to maintain optimal processor temperature. Generate a flow diagram in mermaid syntax, describing the necessary interventions for problem identification and fixing. Only use the following interventions: reading temperature, reading system load, reading system error log, increasing Fan speed, end system processes, lower maximum processor usage, decrease room temperature.

-------------------------------------------

Answer:
### Key Observations

1. **Temperature Trends (Data 1):**
   - The temperature remains stable at 'c' from 14:10:07 to 14:13:07.
   - An increase is observed at 14:13:37 ('e'), followed by further increases at 14:14:07 ('g') and 14:14:37 ('h').

2. **Processor Load Trends (Data 2):**
   - The load remains stable at 'b' from 14:10:07 to 14:12:07.
   - A significant increase is observed at 14:12:07 ('h'), followed by a decrease to 'g', 'f', 'd', and finally 'c'.

3. **Fanspeed Trends (Data 3):**
   - The fanspeed remains stable at 'c' from 14:10:07 to 14:12:07.
   - An increase is observed at 14:12:07 ('h'), followed by a decrease to 'g', 'd', 'b', and finally 'a'.

4. **CPU Voltage Trends (Data 4):**
   - The voltage remains stable at 'b' from 14:10:07 to 14:12:07.
   - An increase is observed at 14:12:07 ('g'), followed by a decrease to 'f'.

### Explanations

- **Temperature and Load Correlation:**
  - Initially, both temperature and load are stable. However, as the load increases significantly from 'b' to 'h', the temperature remains stable until it starts increasing at 14:13:37.
  
- **Load and Fanspeed Correlation:**
  - As the processor load peaks ('h'), fanspeed also increases ('h') to manage the heat generated by higher loads. This suggests a responsive cooling mechanism.

- **Temperature and Voltage Correlation:**
  - The increase in CPU voltage from 'b' to 'g' aligns with the period when the load is high, indicating that higher power consumption might be contributing to temperature increases.

### Potential Actions or Recommendations

1. **Monitoring and Adjustments:**
   - Continuously monitor temperature, load, fanspeed, and voltage.
   - If temperature trends upward significantly during high loads, consider increasing fan speed preemptively.

2. **Load Management:**
   - During periods of high processor load, end unnecessary system processes to lower maximum processor usage.
   - Implement strategies to distribute workload more evenly over time.

3. **Environmental Control:**
   - Ensure the room temperature is optimal for cooling efficiency.

### Flow Diagram in Mermaid Syntax

```mermaid
graph TD;
    A[Start] --> B{Read Temperature};
    B -->|Stable| C[Continue Monitoring];
    B -->|Increase| D{Check Load};
    D -->|High Load| E[End System Processes];
    D -->|Normal Load| F[Increase Fan Speed];
    E --> G{Re-evaluate Temperature};
    F --> G;
    G -->|Still High| H[Lower Maximum Processor Usage];
    G -->|Stable| I[Continue Monitoring];
    H --> J[Decrease Room Temperature];
    J --> K[End Monitoring];
    C --> K;
```

### Conclusion

By closely monitoring temperature, load, fanspeed, and voltage, and taking proactive measures such as managing system processes and adjusting environmental conditions, optimal processor performance can be maintained. Implementing these strategies will help prevent overheating and ensure efficient operation.

-------------------------------------------

Execution time: 10.413241147994995 seconds

