Timestamp: HH-MM-SS   DD-MM-YYYY
           11:57:00   24-03-2025

-------------------------------------------

Model: gemma3:27b
--------------------------
Default
-------------------------------------------

Processor: Intel Core i9-14900K
RAM: 64 GB DDR5
GPU: NVIDIA GeForce RTX 4090 (24GB GDDR6X, 16384 CUDA Cores)
OS: Ubuntu 22.04

-------------------------------------------

Path: prompts/single/paasax/temperature_test.json
-------------------------------------------

Prompt: rounded
Task:
Identify the underlying pattern of the following number series.
Data context:
The data only consists of every third value of the number series (1st, 4th, 7th, 10th...). It is one of the following series: even numbers, odd numbers, prime numbers, square numbers, series of values from the harmonic oscillator.
Data:
{'10:22:21': 0, '10:22:24': 6, '10:22:27': 12, '10:22:30': 18, '10:22:33': 24, '10:22:36': 30, '10:22:39': 36, '10:22:42': 42, '10:22:45': 48, '10:22:48': 54}
Desired output format:
Decide which of the series named in data_context is present, name the series and complete the series up to the maximum value in the data, with matching timestamps, fill in the missing values, and return only a Python Dictionairy with the complete series of numbers and timestamps, without code.


-------------------------------------------

Answer:
```python
{
    '10:22:21': 0,
    '10:22:22': 1,
    '10:22:23': 2,
    '10:22:24': 6,
    '10:22:25': 7,
    '10:22:26': 8,
    '10:22:27': 12,
    '10:22:28': 13,
    '10:22:29': 14,
    '10:22:30': 18,
    '10:22:31': 19,
    '10:22:32': 20,
    '10:22:33': 24,
    '10:22:34': 25,
    '10:22:35': 26,
    '10:22:36': 30,
    '10:22:37': 31,
    '10:22:38': 32,
    '10:22:39': 36,
    '10:22:40': 37,
    '10:22:41': 38,
    '10:22:42': 42,
    '10:22:43': 43,
    '10:22:44': 44,
    '10:22:45': 48,
    '10:22:46': 49,
    '10:22:47': 50,
    '10:22:48': 54,
    '10:22:49': 55,
    '10:22:50': 56
}
```
Series: Even Numbers


-------------------------------------------

Execution time: 17.67913508415222 seconds

