Timestamp: HH-MM-SS   DD-MM-YYYY
           12:02:20   27-03-2025

-------------------------------------------

Model: phi4:14b
--------------------------
     mirostat      : 2
     mirostat_eta  : 0.5
     mirostat_tau  : 2.0
     num_ctx       : 8192
     repeat_last_n : 128
     repeat_penalty: 1.3
     temperature   : 0.1
     seed          : 7
     num_predict   : -1
     top_k         : 10
     top_p         : 0.5
     min_p         : 0.2

-------------------------------------------

Processor: Intel Core i9-14900K
RAM: 64 GB DDR5
GPU: NVIDIA GeForce RTX 4090 (24GB GDDR6X, 16384 CUDA Cores)
OS: Ubuntu 22.04

-------------------------------------------

Path: prompts/single/paasax/temperature_test.json
-------------------------------------------

Prompt: paasax
Task:
Analyze the following normalized temperature time series data of a processor. Refer to the time over which the data was recorded. The data is represented using the SAX representation (symbollic aggregation approximation).
Data 1 context:
The temperature data in data_1 was measured at 1 second intervals over a 5 minute period. This makes a total of 300 data points, which were then transformed into 10 segments of 30 data points each. The SAX representation was then applied to the segments with the following symbols: a, b, c, d, e, f, g, h, i, j, k, l, m, n, o, p, q, r, s, t, u, v, w, x, y, z. The minimum value is around 50°C, the maximum value around 100°C.
Data 1:
{'10:22:22': 'c', '10:22:52': 'c', '10:23:22': 'c', '10:23:52': 'c', '10:24:22': 'c', '10:24:52': 'c', '10:25:22': 'd', '10:25:52': 'e', '10:26:22': 'g', '10:26:52': 'h'}
Data 2 context:
The processor-load data in data_2 was measured at 1 second intervals over a 5 minute period. This makes a total of 300 data points, which were then transformed into 10 segments of 30 data points each. The SAX representation was then applied to the segments with the following symbols: a, b, c, d, e, f, g, h, i, j, k, l, m, n, o, p, q, r, s, t, u, v, w, x, y, z. The minimum value is around 30% load, the maximum value around 80%.
Data 2:
{'10:22:22': 'b', '10:22:52': 'b', '10:23:22': 'b', '10:23:52': 'b', '10:24:22': 'h', '10:24:52': 'h', '10:25:22': 'g', '10:25:52': 'f', '10:26:22': 'd', '10:26:52': 'b'}
Desired output format:
Provide an analysis of the temperature trends and patterns depending on the processor load. The response should be structured, starting with key observations, followed by explanations, and concluding with potential actions or recommendations to maintain optimal processor temperature. Generate a flow diagram in mermaid syntax, describing the necessary interventions for problem identification and fixing. Only use the following interventions: reading temperature, reading system load, reading system error log, increasing Fan speed, end system processes, lower maximum processor usage, decrease room temperature.


-------------------------------------------

Answer:
### Analysis of Temperature Trends and Patterns

#### Key Observations:
1. **Temperature Trend**: The temperature data shows a gradual increase over time, starting from 'c' (around 50°C) and moving towards 'h' (closer to 100°C).
2. **Processor Load Trend**: The processor load starts at 'b' (around 30% load), peaks at 'h' (around 80% load), and then decreases back to 'b'.
3. **Correlation**: There is a noticeable correlation between the increase in processor load and the increase in temperature. The highest temperature ('h') coincides with the peak processor load ('h').

#### Explanations:
- The gradual increase in temperature can be attributed to the increasing processor load. As the load increases, the processor works harder, generating more heat.
- The peak in both temperature and processor load at the same time suggests a direct relationship between processor activity and temperature.
- The decrease in temperature following the peak in processor load indicates that as the processor load decreases, the processor generates less heat, leading to a reduction in temperature.

#### Potential Actions or Recommendations:
1. **Monitoring**: Continuously monitor both temperature and processor load to identify patterns or anomalies early.
2. **Cooling**: Increase fan speed when a certain threshold of temperature or processor load is reached to prevent overheating.
3. **Load Management**: Lower maximum processor usage during peak times to prevent excessive heat generation.
4. **Environmental Control**: Decrease room temperature if the ambient temperature contributes to the processor's heat issues.
5. **Process Management**: End non-essential system processes during peak load times to reduce processor load and, consequently, temperature.

### Flow Diagram in Mermaid Syntax

```mermaid
graph TD;
    A[Start] --> B{Read Temperature};
    B -->|High Temp| C[Increase Fan Speed];
    B -->|Normal Temp| D{Read System Load};
    D -->|High Load| E[Lower Max Processor Usage];
    D -->|Normal Load| F{Read System Error Log};
    F -->|Errors Found| G[End System Processes];
    F -->|No Errors| H[Decrease Room Temperature];
    C --> I[Monitor Again];
    E --> I;
    G --> I;
    H --> I;
    I --> A;
```

This flow diagram outlines a systematic approach to managing processor temperature by first reading the temperature, then deciding on the next steps based on whether the temperature is high or normal. If the temperature is high, the fan speed is increased. If the temperature is normal, the system load is checked. Depending on the load, actions are taken to either lower the maximum processor usage or check the system error log for any issues. If errors are found, non-essential processes are ended. If no errors are found, the room temperature is decreased. After any intervention, the system is monitored again, and the process repeats from the start.

-------------------------------------------

Execution time: 14.255892992019653 seconds

