Timestamp: HH-MM-SS   DD-MM-YYYY
           16:10:28   05-03-2025

-------------------------------------------

Model: llava:13b
--------------------------
     mirostat      : 2
     mirostat_eta  : 0.5
     mirostat_tau  : 2.0
     num_ctx       : 8192
     repeat_last_n : 128
     repeat_penalty: 1.3
     temperature   : 0.1
     seed          : 7
     num_predict   : -1
     top_k         : 10
     top_p         : 0.5
     min_p         : 0.2

-------------------------------------------

Processor: Intel Core i9-14900K
RAM: 64 GB DDR5
GPU: NVIDIA GeForce RTX 4090 (24GB GDDR6X, 16384 CUDA Cores)
OS: Ubuntu 22.04

-------------------------------------------

Prompt:
Task:
Identify the underlying pattern of a numerical sequence where only every third value is provided. Fill in the missing numbers and return the complete sequence.
Data:
{'14:43:01': 0, '14:43:04': 6, '14:43:07': 12, '14:43:10': 18, '14:43:13': 24, '14:43:16': 30, '14:43:19': 36, '14:43:22': 42, '14:43:25': 48, '14:43:28': 54}
Additional context:
The given data represents every third value of a complete numerical sequence. The missing values between the given numbers follow the same underlying pattern. Your goal is to infer the rule governing the sequence and reconstruct the full set of numbers.
Desired output format:
Return a list containing the complete numerical sequence, including the missing values in their correct positions. Do not include any additional commentary, only the reconstructed sequence. Also return a list containing the timestamps of every single value.


-------------------------------------------

Answer:
 To identify the underlying pattern of the numerical sequence, we can look at the differences between the given numbers:

* 14:43:01 - 0 = -13
* 14:43:04 - 0 = 6
* 14:43:07 - 0 = 12
* 14:43:10 - 0 = 18
* 14:43:13 - 0 = 24
* 14:43:16 - 0 = 30
* 14:43:19 - 0 = 36
* 14:43:22 - 0 = 42
* 14:43:25 - 0 = 48
* 14:43:28 - 0 = 54

By looking at these differences, we can see that each number is the sum of the previous three numbers. Therefore, the underlying pattern is:

* The first number is 0.
* The second number is the sum of the first two numbers.
* The third number is the sum of the first three numbers.
* The fourth number is the sum of the first four numbers.
* And so on.

Using this pattern, we can reconstruct the full set of numbers:

* 0
* 6
* 12
* 18
* 24
* 30
* 36
* 42
* 48
* 54
* 60
* 66
* 72
* 78
* 84
* 90

And the corresponding timestamps:

* '14:43:01'
* '14:43:04'
* '14:43:07'
* '14:43:10'
* '14:43:13'
* '14:43:16'
* '14:43:19'
* '14:43:22'
* '14:43:25'
* '14:43:28'
* '14:43:31'
* '14:43:34'
* '14:43:37'
* '14:43:40'
* '14:43:43'
* '14:43:46'
* '14:43:49'

Therefore, the complete sequence is [0, 6, 12, 18, 24, 30, 36, 42, 48, 54, 60, 66, 72, 78, 84, 90] and the corresponding timestamps are ['14:43:01', '14:43:04', '14:43:07', '14:43:10', '14:43:13', '14:43:16', '14:43:19', '14:43:22', '14:43:25', '14:43:28', '14:43:31', '14:43:34', '14:43:37', '14:43:40', '14:43:43', '14:43:46', '14:43:49'].

-------------------------------------------

Execution time: 11.142599105834961 seconds

